Component: ARM Compiler 6.16 Tool: armlink [5dfeaa00]

==============================================================================

Section Cross References

    main.o(.text.HAL_GetTick) refers to rtx_kernel.o(.text.osKernelGetState) for osKernelGetState
    main.o(.text.HAL_GetTick) refers to rtx_kernel.o(.text.osKernelGetTickCount) for osKernelGetTickCount
    main.o(.text.HAL_GetTick) refers to system_stm32f4xx.o(.data.SystemCoreClock) for SystemCoreClock
    main.o(.text.HAL_GetTick) refers to main.o(.bss.HAL_GetTick.ticks) for HAL_GetTick.ticks
    main.o(.ARM.exidx.text.HAL_GetTick) refers to main.o(.text.HAL_GetTick) for [Anonymous Symbol]
    main.o(.text.main) refers to stm32f4xx_hal.o(.text.HAL_Init) for HAL_Init
    main.o(.text.main) refers to main.o(.text.SystemClock_Config) for SystemClock_Config
    main.o(.text.main) refers to system_stm32f4xx.o(.text.SystemCoreClockUpdate) for SystemCoreClockUpdate
    main.o(.text.main) refers to main.o(.text.LEDs_Init) for LEDs_Init
    main.o(.text.main) refers to thjoystick.o(.text.Joystick_Init) for Joystick_Init
    main.o(.text.main) refers to rtx_kernel.o(.text.osKernelInitialize) for osKernelInitialize
    main.o(.text.main) refers to lcd.o(.text.Init_ThLCD) for Init_ThLCD
    main.o(.text.main) refers to thclk.o(.text.Init_ThClk) for Init_ThClk
    main.o(.text.main) refers to thjoystick.o(.text.Init_ThJOYSTICK) for Init_ThJOYSTICK
    main.o(.text.main) refers to leds_n.o(.text.Init_ThLEDS) for Init_ThLEDS
    main.o(.text.main) refers to pwm.o(.text.Init_ThPWM) for Init_ThPWM
    main.o(.text.main) refers to com.o(.text.Init_ThCom) for Init_ThCom
    main.o(.text.main) refers to mp3.o(.text.Init_ThMP3) for Init_ThMP3
    main.o(.text.main) refers to pot.o(.text.Init_ThPot) for Init_ThPot
    main.o(.text.main) refers to sensores.o(.text.Init_Thsensor) for Init_Thsensor
    main.o(.text.main) refers to principal.o(.text.Init_ThPrincipal) for Init_ThPrincipal
    main.o(.text.main) refers to rtx_kernel.o(.text.osKernelStart) for osKernelStart
    main.o(.ARM.exidx.text.main) refers to main.o(.text.main) for [Anonymous Symbol]
    main.o(.text.SystemClock_Config) refers to stm32f4xx_hal_rcc.o(.text.HAL_RCC_OscConfig) for HAL_RCC_OscConfig
    main.o(.text.SystemClock_Config) refers to stm32f4xx_hal_rcc.o(.text.HAL_RCC_ClockConfig) for HAL_RCC_ClockConfig
    main.o(.text.SystemClock_Config) refers to stm32f4xx_hal.o(.text.HAL_GetREVID) for HAL_GetREVID
    main.o(.ARM.exidx.text.SystemClock_Config) refers to main.o(.text.SystemClock_Config) for [Anonymous Symbol]
    main.o(.text.LEDs_Init) refers to main.o(.bss.LEDs_Init.led) for LEDs_Init.led
    main.o(.text.LEDs_Init) refers to stm32f4xx_hal_gpio.o(.text.HAL_GPIO_Init) for HAL_GPIO_Init
    main.o(.ARM.exidx.text.LEDs_Init) refers to main.o(.text.LEDs_Init) for [Anonymous Symbol]
    stm32f4xx_it.o(.ARM.exidx.text.NMI_Handler) refers to stm32f4xx_it.o(.text.NMI_Handler) for [Anonymous Symbol]
    stm32f4xx_it.o(.ARM.exidx.text.HardFault_Handler) refers to stm32f4xx_it.o(.text.HardFault_Handler) for [Anonymous Symbol]
    stm32f4xx_it.o(.ARM.exidx.text.MemManage_Handler) refers to stm32f4xx_it.o(.text.MemManage_Handler) for [Anonymous Symbol]
    stm32f4xx_it.o(.ARM.exidx.text.BusFault_Handler) refers to stm32f4xx_it.o(.text.BusFault_Handler) for [Anonymous Symbol]
    stm32f4xx_it.o(.ARM.exidx.text.UsageFault_Handler) refers to stm32f4xx_it.o(.text.UsageFault_Handler) for [Anonymous Symbol]
    stm32f4xx_it.o(.ARM.exidx.text.DebugMon_Handler) refers to stm32f4xx_it.o(.text.DebugMon_Handler) for [Anonymous Symbol]
    com.o(.text.Init_ThCom) refers to com.o(.rodata.thread1_attr) for thread1_attr
    com.o(.text.Init_ThCom) refers to com.o(.text.ThControlComRecepcion) for ThControlComRecepcion
    com.o(.text.Init_ThCom) refers to rtx_thread.o(.text.osThreadNew) for osThreadNew
    com.o(.text.Init_ThCom) refers to com.o(.bss.tid_Control_Com_recepcion) for tid_Control_Com_recepcion
    com.o(.text.Init_ThCom) refers to com.o(.text.ThControlComTransmision) for ThControlComTransmision
    com.o(.text.Init_ThCom) refers to com.o(.bss.tid_Control_Com_transmision) for tid_Control_Com_transmision
    com.o(.ARM.exidx.text.Init_ThCom) refers to com.o(.text.Init_ThCom) for [Anonymous Symbol]
    com.o(.text.ThControlComRecepcion) refers to rtx_msgqueue.o(.text.osMessageQueueNew) for osMessageQueueNew
    com.o(.text.ThControlComRecepcion) refers to com.o(.bss.cola_salida) for cola_salida
    com.o(.text.ThControlComRecepcion) refers to usart_stm32f4xx.o(.rodata.Driver_USART3) for Driver_USART3
    com.o(.text.ThControlComRecepcion) refers to com.o(.text.Com_Callback) for Com_Callback
    com.o(.text.ThControlComRecepcion) refers to com.o(.bss.error) for error
    com.o(.text.ThControlComRecepcion) refers to rtx_thread.o(.text.osThreadFlagsWait) for osThreadFlagsWait
    com.o(.text.ThControlComRecepcion) refers to rtx_msgqueue.o(.text.osMessageQueuePut) for osMessageQueuePut
[...]
    0x08000260   0x08000260   0x00000008   Code   RO         3028    .ARM.Collect$$rtentry$$0000000D  c_w.l(__rtentry2.o)
    0x08000268   0x08000268   0x00000002   Code   RO         3149    .ARM.Collect$$rtexit$$00000000  c_w.l(rtexit.o)
    0x0800026a   0x0800026a   0x00000000   Code   RO         3168    .ARM.Collect$$rtexit$$00000002  c_w.l(rtexit2.o)
    0x0800026a   0x0800026a   0x00000004   Code   RO         3169    .ARM.Collect$$rtexit$$00000003  c_w.l(rtexit2.o)
    0x0800026e   0x0800026e   0x00000006   Code   RO         3170    .ARM.Collect$$rtexit$$00000004  c_w.l(rtexit2.o)
    0x08000274   0x08000274   0x00000094   Code   RO          298    .text               irq_armv7m.o
    0x08000308   0x08000308   0x00000040   Code   RO         2882    .text               startup_stm32f429xx.o
    0x08000348   0x08000348   0x000000f0   Code   RO         2905    .text               c_w.l(lludivv7m.o)
    0x08000438   0x08000438   0x00000028   Code   RO         2909    .text               c_w.l(noretval__2sprintf.o)
    0x08000460   0x08000460   0x0000004e   Code   RO         2913    .text               c_w.l(_printf_pad.o)
    0x080004ae   0x080004ae   0x00000002   PAD
    0x080004b0   0x080004b0   0x00000078   Code   RO         2915    .text               c_w.l(_printf_dec.o)
    0x08000528   0x08000528   0x00000058   Code   RO         2920    .text               c_w.l(_printf_hex_int.o)
    0x08000580   0x08000580   0x00000138   Code   RO         2950    .text               c_w.l(__printf_flags_wp.o)
    0x080006b8   0x080006b8   0x0000003e   Code   RO         2962    .text               c_w.l(strlen.o)
    0x080006f6   0x080006f6   0x0000008a   Code   RO         2964    .text               c_w.l(rt_memcpy_v6.o)
    0x08000780   0x08000780   0x00000010   Code   RO         2966    .text               c_w.l(aeabi_memset4.o)
    0x08000790   0x08000790   0x00000044   Code   RO         2968    .text               c_w.l(rt_memclr.o)
    0x080007d4   0x080007d4   0x0000004e   Code   RO         2970    .text               c_w.l(rt_memclr_w.o)
    0x08000822   0x08000822   0x00000006   Code   RO         2972    .text               c_w.l(heapauxi.o)
    0x08000828   0x08000828   0x000000b2   Code   RO         3001    .text               c_w.l(_printf_intcommon.o)
    0x080008da   0x080008da   0x0000041c   Code   RO         3003    .text               c_w.l(_printf_fp_dec.o)
    0x08000cf6   0x08000cf6   0x00000002   PAD
    0x08000cf8   0x08000cf8   0x00000030   Code   RO         3007    .text               c_w.l(_printf_char_common.o)
    0x08000d28   0x08000d28   0x0000000a   Code   RO         3009    .text               c_w.l(_sputc.o)
    0x08000d32   0x08000d32   0x00000064   Code   RO         3012    .text               c_w.l(rt_memcpy_w.o)
    0x08000d96   0x08000d96   0x0000000a   Code   RO         3043    .text               c_w.l(rt_locale_twolibspace.o)
    0x08000da0   0x08000da0   0x0000008a   Code   RO         3045    .text               c_w.l(lludiv10.o)
    0x08000e2a   0x08000e2a   0x00000002   PAD
    0x08000e2c   0x08000e2c   0x00000080   Code   RO         3047    .text               c_w.l(_printf_fp_infnan.o)
    0x08000eac   0x08000eac   0x000000e4   Code   RO         3051    .text               c_w.l(bigflt0.o)
    0x08000f90   0x08000f90   0x00000008   Code   RO         3085    .text               c_w.l(libspace.o)
    0x08000f98   0x08000f98   0x0000004a   Code   RO         3088    .text               c_w.l(sys_stackheap_outer.o)
    0x08000fe2   0x08000fe2   0x00000012   Code   RO         3092    .text               c_w.l(exit.o)
    0x08000ff4   0x08000ff4   0x00000004   PAD
    0x08000ff8   0x08000ff8   0x0000007c   Code   RO         3098    .text               c_w.l(strcmpv7em.o)
    0x08001074   0x08001074   0x0000000c   Code   RO         3163    .text               c_w.l(sys_exit.o)
    0x08001080   0x08001080   0x00000002   Code   RO         3190    .text               c_w.l(use_no_semi.o)
    0x08001082   0x08001082   0x00000000   Code   RO         3192    .text               c_w.l(indicate_semi.o)
    0x08001082   0x08001082   0x00000002   PAD
    0x08001084   0x08001084   0x00000108   Code   RO         1782    .text.ADC_Init      stm32f4xx_hal_adc.o
    0x0800118c   0x0800118c   0x00000002   Code   RO           27    .text.BusFault_Handler  stm32f4xx_it.o
    0x0800118e   0x0800118e   0x00000002   PAD
    0x08001190   0x08001190   0x00000030   Code   RO           46    .text.Com_Callback  com.o
    0x080011c0   0x080011c0   0x00000002   Code   RO           31    .text.DebugMon_Handler  stm32f4xx_it.o
    0x080011c2   0x080011c2   0x00000002   PAD
    0x080011c4   0x080011c4   0x00000012   Code   RO         1561    .text.Disable_SPI_Clock  spi_stm32f4xx.o
    0x080011d6   0x080011d6   0x00000002   PAD
    0x080011d8   0x080011d8   0x00000024   Code   RO          221    .text.Duty_To_CCR   pwm.o
    0x080011fc   0x080011fc   0x0000000c   Code   RO          128    .text.EXTI15_10_IRQHandler  thjoystick.o
    0x08001208   0x08001208   0x00000024   Code   RO         1489    .text.Enable_GPIO_Clock  i2c_stm32f4xx.o
    0x0800122c   0x0800122c   0x00000024   Code   RO         1551    .text.Enable_GPIO_Clock  spi_stm32f4xx.o
    0x08001250   0x08001250   0x000001f4   Code   RO         1659    .text.Enable_GPIO_Clock  usart_stm32f4xx.o
    0x08001444   0x08001444   0x00000024   Code   RO         1563    .text.Enable_SPI_Clock  spi_stm32f4xx.o
    0x08001468   0x08001468   0x0000003e   Code   RO          356    .text.EventFlagsCheck  rtx_evflags.o
    0x080014a6   0x080014a6   0x00000002   PAD
    0x080014a8   0x080014a8   0x0000000a   Code   RO          366    .text.EventFlagsSet  rtx_evflags.o
    0x080014b2   0x080014b2   0x00000002   PAD
    0x080014b4   0x080014b4   0x00000002   Code   RO          534    .text.EvrRtxDelay   rtx_evr.o
    0x080014b6   0x080014b6   0x00000002   PAD
    0x080014b8   0x080014b8   0x00000002   Code   RO          542    .text.EvrRtxDelayCompleted  rtx_evr.o
    0x080014ba   0x080014ba   0x00000002   PAD
    0x080014bc   0x080014bc   0x00000002   Code   RO          532    .text.EvrRtxDelayError  rtx_evr.o
    0x080014be   0x080014be   0x00000002   PAD
    0x080014c0   0x080014c0   0x00000002   Code   RO          538    .text.EvrRtxDelayStarted  rtx_evr.o
    0x080014c2   0x080014c2   0x00000002   PAD
    0x080014c4   0x080014c4   0x00000002   Code   RO          572    .text.EvrRtxEventFlagsCreated  rtx_evr.o
    0x080014c6   0x080014c6   0x00000002   PAD
    0x080014c8   0x080014c8   0x00000002   Code   RO          568    .text.EvrRtxEventFlagsError  rtx_evr.o
    0x080014ca   0x080014ca   0x00000002   PAD
    0x080014cc   0x080014cc   0x00000002   Code   RO          570    .text.EvrRtxEventFlagsNew  rtx_evr.o
    0x080014ce   0x080014ce   0x00000002   PAD
    0x080014d0   0x080014d0   0x00000002   Code   RO          576    .text.EvrRtxEventFlagsSet  rtx_evr.o
    0x080014d2   0x080014d2   0x00000002   PAD
    0x080014d4   0x080014d4   0x00000002   Code   RO          578    .text.EvrRtxEventFlagsSetDone  rtx_evr.o
    0x080014d6   0x080014d6   0x00000002   PAD
    0x080014d8   0x080014d8   0x00000002   Code   RO          586    .text.EvrRtxEventFlagsWait  rtx_evr.o
    0x080014da   0x080014da   0x00000002   PAD
    0x080014dc   0x080014dc   0x00000002   Code   RO          592    .text.EvrRtxEventFlagsWaitCompleted  rtx_evr.o
    0x080014de   0x080014de   0x00000002   PAD
    0x080014e0   0x080014e0   0x00000002   Code   RO          594    .text.EvrRtxEventFlagsWaitNotCompleted  rtx_evr.o
    0x080014e2   0x080014e2   0x00000002   PAD
    0x080014e4   0x080014e4   0x00000002   Code   RO          588    .text.EvrRtxEventFlagsWaitPending  rtx_evr.o
    0x080014e6   0x080014e6   0x00000002   PAD
    0x080014e8   0x080014e8   0x00000002   Code   RO          590    .text.EvrRtxEventFlagsWaitTimeout  rtx_evr.o
    0x080014ea   0x080014ea   0x00000002   PAD
    0x080014ec   0x080014ec   0x00000002   Code   RO          404    .text.EvrRtxKernelError  rtx_evr.o
    0x080014ee   0x080014ee   0x00000002   PAD
    0x080014f0   0x080014f0   0x00000002   Code   RO          448    .text.EvrRtxKernelErrorNotify  rtx_evr.o
    0x080014f2   0x080014f2   0x00000002   PAD
    0x080014f4   0x080014f4   0x00000002   Code   RO          414    .text.EvrRtxKernelGetState  rtx_evr.o
    0x080014f6   0x080014f6   0x00000002   PAD
    0x080014f8   0x080014f8   0x00000002   Code   RO          440    .text.EvrRtxKernelGetTickCount  rtx_evr.o
    0x080014fa   0x080014fa   0x00000002   PAD
    0x080014fc   0x080014fc   0x00000002   Code   RO          406    .text.EvrRtxKernelInitialize  rtx_evr.o
    0x080014fe   0x080014fe   0x00000002   PAD
    0x08001500   0x08001500   0x00000002   Code   RO          408    .text.EvrRtxKernelInitialized  rtx_evr.o
    0x08001502   0x08001502   0x00000002   PAD
    0x08001504   0x08001504   0x00000002   Code   RO          416    .text.EvrRtxKernelStart  rtx_evr.o
    0x08001506   0x08001506   0x00000002   PAD
    0x08001508   0x08001508   0x00000002   Code   RO          418    .text.EvrRtxKernelStarted  rtx_evr.o
    0x0800150a   0x0800150a   0x00000002   PAD
    0x0800150c   0x0800150c   0x00000002   Code   RO          394    .text.EvrRtxMemoryAlloc  rtx_evr.o
    0x0800150e   0x0800150e   0x00000002   PAD
    0x08001510   0x08001510   0x00000002   Code   RO          400    .text.EvrRtxMemoryBlockAlloc  rtx_evr.o
    0x08001512   0x08001512   0x00000002   PAD
    0x08001514   0x08001514   0x00000002   Code   RO          402    .text.EvrRtxMemoryBlockFree  rtx_evr.o
    0x08001516   0x08001516   0x00000002   PAD
    0x08001518   0x08001518   0x00000002   Code   RO          398    .text.EvrRtxMemoryBlockInit  rtx_evr.o
    0x0800151a   0x0800151a   0x00000002   PAD
    0x0800151c   0x0800151c   0x00000002   Code   RO          396    .text.EvrRtxMemoryFree  rtx_evr.o
    0x0800151e   0x0800151e   0x00000002   PAD
    0x08001520   0x08001520   0x00000002   Code   RO          392    .text.EvrRtxMemoryInit  rtx_evr.o
    0x08001522   0x08001522   0x00000002   PAD
    0x08001524   0x08001524   0x00000002   Code   RO          668    .text.EvrRtxMemoryPoolAllocTimeout  rtx_evr.o
    0x08001526   0x08001526   0x00000002   PAD
    0x08001528   0x08001528   0x00000002   Code   RO          696    .text.EvrRtxMessageQueueCreated  rtx_evr.o
    0x0800152a   0x0800152a   0x00000002   PAD
    0x0800152c   0x0800152c   0x00000002   Code   RO          692    .text.EvrRtxMessageQueueError  rtx_evr.o
    0x0800152e   0x0800152e   0x00000002   PAD
    0x08001530   0x08001530   0x00000002   Code   RO          712    .text.EvrRtxMessageQueueGet  rtx_evr.o
    0x08001532   0x08001532   0x00000002   PAD
    0x08001534   0x08001534   0x00000002   Code   RO          714    .text.EvrRtxMessageQueueGetPending  rtx_evr.o
    0x08001536   0x08001536   0x00000002   PAD
    0x08001538   0x08001538   0x00000002   Code   RO          716    .text.EvrRtxMessageQueueGetTimeout  rtx_evr.o
    0x0800153a   0x0800153a   0x00000002   PAD
    0x0800153c   0x0800153c   0x00000002   Code   RO          706    .text.EvrRtxMessageQueueInsertPending  rtx_evr.o
    0x0800153e   0x0800153e   0x00000002   PAD
    0x08001540   0x08001540   0x00000002   Code   RO          708    .text.EvrRtxMessageQueueInserted  rtx_evr.o
    0x08001542   0x08001542   0x00000002   PAD
    0x08001544   0x08001544   0x00000002   Code   RO          694    .text.EvrRtxMessageQueueNew  rtx_evr.o
    0x08001546   0x08001546   0x00000002   PAD
    0x08001548   0x08001548   0x00000002   Code   RO          710    .text.EvrRtxMessageQueueNotInserted  rtx_evr.o
    0x0800154a   0x0800154a   0x00000002   PAD
    0x0800154c   0x0800154c   0x00000002   Code   RO          720    .text.EvrRtxMessageQueueNotRetrieved  rtx_evr.o
    0x0800154e   0x0800154e   0x00000002   PAD
    0x08001550   0x08001550   0x00000002   Code   RO          700    .text.EvrRtxMessageQueuePut  rtx_evr.o
    0x08001552   0x08001552   0x00000002   PAD
    0x08001554   0x08001554   0x00000002   Code   RO          702    .text.EvrRtxMessageQueuePutPending  rtx_evr.o
    0x08001556   0x08001556   0x00000002   PAD
    0x08001558   0x08001558   0x00000002   Code   RO          704    .text.EvrRtxMessageQueuePutTimeout  rtx_evr.o
    0x0800155a   0x0800155a   0x00000002   PAD
    0x0800155c   0x0800155c   0x00000002   Code   RO          718    .text.EvrRtxMessageQueueRetrieved  rtx_evr.o
    0x0800155e   0x0800155e   0x00000002   PAD
    0x08001560   0x08001560   0x00000002   Code   RO          608    .text.EvrRtxMutexAcquire  rtx_evr.o
    0x08001562   0x08001562   0x00000002   PAD
    0x08001564   0x08001564   0x00000002   Code   RO          610    .text.EvrRtxMutexAcquirePending  rtx_evr.o
    0x08001566   0x08001566   0x00000002   PAD
    0x08001568   0x08001568   0x00000002   Code   RO          612    .text.EvrRtxMutexAcquireTimeout  rtx_evr.o
    0x0800156a   0x0800156a   0x00000002   PAD
    0x0800156c   0x0800156c   0x00000002   Code   RO          614    .text.EvrRtxMutexAcquired  rtx_evr.o
    0x0800156e   0x0800156e   0x00000002   PAD
    0x08001570   0x08001570   0x00000002   Code   RO          604    .text.EvrRtxMutexCreated  rtx_evr.o
    0x08001572   0x08001572   0x00000002   PAD
    0x08001574   0x08001574   0x00000002   Code   RO          624    .text.EvrRtxMutexDelete  rtx_evr.o
    0x08001576   0x08001576   0x00000002   PAD
    0x08001578   0x08001578   0x00000002   Code   RO          626    .text.EvrRtxMutexDestroyed  rtx_evr.o
    0x0800157a   0x0800157a   0x00000002   PAD
    0x0800157c   0x0800157c   0x00000002   Code   RO          600    .text.EvrRtxMutexError  rtx_evr.o
    0x0800157e   0x0800157e   0x00000002   PAD
    0x08001580   0x08001580   0x00000002   Code   RO          602    .text.EvrRtxMutexNew  rtx_evr.o
    0x08001582   0x08001582   0x00000002   PAD
    0x08001584   0x08001584   0x00000002   Code   RO          616    .text.EvrRtxMutexNotAcquired  rtx_evr.o
    0x08001586   0x08001586   0x00000002   PAD
    0x08001588   0x08001588   0x00000002   Code   RO          618    .text.EvrRtxMutexRelease  rtx_evr.o
    0x0800158a   0x0800158a   0x00000002   PAD
    0x0800158c   0x0800158c   0x00000002   Code   RO          620    .text.EvrRtxMutexReleased  rtx_evr.o
    0x0800158e   0x0800158e   0x00000002   PAD
    0x08001590   0x08001590   0x00000002   Code   RO          640    .text.EvrRtxSemaphoreAcquireTimeout  rtx_evr.o
    0x08001592   0x08001592   0x00000002   PAD
    0x08001594   0x08001594   0x00000002   Code   RO          492    .text.EvrRtxThreadBlocked  rtx_evr.o
    0x08001596   0x08001596   0x00000002   PAD
    0x08001598   0x08001598   0x00000002   Code   RO          454    .text.EvrRtxThreadCreated  rtx_evr.o
    0x0800159a   0x0800159a   0x00000002   PAD
    0x0800159c   0x0800159c   0x00000002   Code   RO          504    .text.EvrRtxThreadDestroyed  rtx_evr.o
    0x0800159e   0x0800159e   0x00000002   PAD
    0x080015a0   0x080015a0   0x00000002   Code   RO          450    .text.EvrRtxThreadError  rtx_evr.o
    0x080015a2   0x080015a2   0x00000002   PAD
    0x080015a4   0x080015a4   0x00000002   Code   RO          500    .text.EvrRtxThreadExit  rtx_evr.o
    0x080015a6   0x080015a6   0x00000002   PAD
    0x080015a8   0x080015a8   0x00000002   Code   RO          510    .text.EvrRtxThreadFlagsError  rtx_evr.o
    0x080015aa   0x080015aa   0x00000002   PAD
    0x080015ac   0x080015ac   0x00000002   Code   RO          512    .text.EvrRtxThreadFlagsSet  rtx_evr.o
    0x080015ae   0x080015ae   0x00000002   PAD
    0x080015b0   0x080015b0   0x00000002   Code   RO          514    .text.EvrRtxThreadFlagsSetDone  rtx_evr.o
    0x080015b2   0x080015b2   0x00000002   PAD
    0x080015b4   0x080015b4   0x00000002   Code   RO          522    .text.EvrRtxThreadFlagsWait  rtx_evr.o
    0x080015b6   0x080015b6   0x00000002   PAD
    0x080015b8   0x080015b8   0x00000002   Code   RO          528    .text.EvrRtxThreadFlagsWaitCompleted  rtx_evr.o
    0x080015ba   0x080015ba   0x00000002   PAD
    0x080015bc   0x080015bc   0x00000002   Code   RO          530    .text.EvrRtxThreadFlagsWaitNotCompleted  rtx_evr.o
    0x080015be   0x080015be   0x00000002   PAD
    0x080015c0   0x080015c0   0x00000002   Code   RO          524    .text.EvrRtxThreadFlagsWaitPending  rtx_evr.o
    0x080015c2   0x080015c2   0x00000002   PAD
    0x080015c4   0x080015c4   0x00000002   Code   RO          526    .text.EvrRtxThreadFlagsWaitTimeout  rtx_evr.o
    0x080015c6   0x080015c6   0x00000002   PAD
    0x080015c8   0x080015c8   0x00000002   Code   RO          490    .text.EvrRtxThreadJoined  rtx_evr.o
    0x080015ca   0x080015ca   0x00000002   PAD
    0x080015cc   0x080015cc   0x00000002   Code   RO          452    .text.EvrRtxThreadNew  rtx_evr.o
    0x080015ce   0x080015ce   0x00000002   PAD
    0x080015d0   0x080015d0   0x00000002   Code   RO          496    .text.EvrRtxThreadPreempted  rtx_evr.o
    0x080015d2   0x080015d2   0x00000002   PAD
    0x080015d4   0x080015d4   0x00000002   Code   RO          498    .text.EvrRtxThreadSwitched  rtx_evr.o
    0x080015d6   0x080015d6   0x00000002   PAD
    0x080015d8   0x080015d8   0x00000002   Code   RO          494    .text.EvrRtxThreadUnblocked  rtx_evr.o
    0x080015da   0x080015da   0x00000002   PAD
    0x080015dc   0x080015dc   0x00000002   Code   RO          546    .text.EvrRtxTimerCallback  rtx_evr.o
    0x080015de   0x080015de   0x00000002   PAD
    0x080015e0   0x080015e0   0x00000002   Code   RO          550    .text.EvrRtxTimerCreated  rtx_evr.o
    0x080015e2   0x080015e2   0x00000002   PAD
    0x080015e4   0x080015e4   0x00000002   Code   RO          544    .text.EvrRtxTimerError  rtx_evr.o
    0x080015e6   0x080015e6   0x00000002   PAD
    0x080015e8   0x080015e8   0x00000002   Code   RO          548    .text.EvrRtxTimerNew  rtx_evr.o
    0x080015ea   0x080015ea   0x00000002   PAD
    0x080015ec   0x080015ec   0x00000002   Code   RO          554    .text.EvrRtxTimerStart  rtx_evr.o
    0x080015ee   0x080015ee   0x00000002   PAD
    0x080015f0   0x080015f0   0x00000002   Code   RO          556    .text.EvrRtxTimerStarted  rtx_evr.o
    0x080015f2   0x080015f2   0x00000002   PAD
    0x080015f4   0x080015f4   0x00000002   Code   RO          558    .text.EvrRtxTimerStop  rtx_evr.o
    0x080015f6   0x080015f6   0x00000002   PAD
    0x080015f8   0x080015f8   0x00000002   Code   RO          560    .text.EvrRtxTimerStopped  rtx_evr.o
    0x080015fa   0x080015fa   0x00000002   PAD
    0x080015fc   0x080015fc   0x00000128   Code   RO         1822    .text.HAL_ADC_ConfigChannel  stm32f4xx_hal_adc.o
    0x08001724   0x08001724   0x00000006   Code   RO         1818    .text.HAL_ADC_GetValue  stm32f4xx_hal_adc.o
    0x0800172a   0x0800172a   0x00000002   PAD
    0x0800172c   0x0800172c   0x0000004e   Code   RO         1778    .text.HAL_ADC_Init  stm32f4xx_hal_adc.o
    0x0800177a   0x0800177a   0x00000002   PAD
    0x0800177c   0x0800177c   0x00000002   Code   RO         1780    .text.HAL_ADC_MspInit  stm32f4xx_hal_adc.o
    0x0800177e   0x0800177e   0x00000002   PAD
    0x08001780   0x08001780   0x000000b4   Code   RO         1792    .text.HAL_ADC_PollForConversion  stm32f4xx_hal_adc.o
    0x08001834   0x08001834   0x00000114   Code   RO         1788    .text.HAL_ADC_Start  stm32f4xx_hal_adc.o
    0x08001948   0x08001948   0x00000038   Code   RO         1790    .text.HAL_ADC_Stop  stm32f4xx_hal_adc.o
    0x08001980   0x08001980   0x0000008a   Code   RO         1962    .text.HAL_DMA_Abort  stm32f4xx_hal_dma.o
    0x08001a0a   0x08001a0a   0x00000002   PAD
    0x08001a0c   0x08001a0c   0x00000028   Code   RO         1729    .text.HAL_Delay     stm32f4xx_hal.o
    0x08001a34   0x08001a34   0x00000106   Code   RO         2004    .text.HAL_GPIO_DeInit  stm32f4xx_hal_gpio.o
    0x08001b3a   0x08001b3a   0x00000002   PAD
    0x08001b3c   0x08001b3c   0x00000014   Code   RO          130    .text.HAL_GPIO_EXTI_Callback  thjoystick.o
    0x08001b50   0x08001b50   0x0000001a   Code   RO         2014    .text.HAL_GPIO_EXTI_IRQHandler  stm32f4xx_hal_gpio.o
    0x08001b6a   0x08001b6a   0x00000002   PAD
    0x08001b6c   0x08001b6c   0x0000019a   Code   RO         2002    .text.HAL_GPIO_Init  stm32f4xx_hal_gpio.o
    0x08001d06   0x08001d06   0x00000002   PAD
    0x08001d08   0x08001d08   0x0000000a   Code   RO         2006    .text.HAL_GPIO_ReadPin  stm32f4xx_hal_gpio.o
    0x08001d12   0x08001d12   0x00000002   PAD
    0x08001d14   0x08001d14   0x0000000e   Code   RO         2010    .text.HAL_GPIO_TogglePin  stm32f4xx_hal_gpio.o
    0x08001d22   0x08001d22   0x00000002   PAD
    0x08001d24   0x08001d24   0x0000000a   Code   RO         2008    .text.HAL_GPIO_WritePin  stm32f4xx_hal_gpio.o
    0x08001d2e   0x08001d2e   0x00000002   PAD
    0x08001d30   0x08001d30   0x0000000e   Code   RO         1737    .text.HAL_GetREVID  stm32f4xx_hal.o
    0x08001d3e   0x08001d3e   0x00000002   PAD
    0x08001d40   0x08001d40   0x00000050   Code   RO            2    .text.HAL_GetTick   main.o
    0x08001d90   0x08001d90   0x0000002e   Code   RO         1709    .text.HAL_Init      stm32f4xx_hal.o
    0x08001dbe   0x08001dbe   0x00000002   PAD
    0x08001dc0   0x08001dc0   0x00000050   Code   RO         1711    .text.HAL_InitTick  stm32f4xx_hal.o
    0x08001e10   0x08001e10   0x00000002   Code   RO         1713    .text.HAL_MspInit   stm32f4xx_hal.o
    0x08001e12   0x08001e12   0x00000002   PAD
    0x08001e14   0x08001e14   0x00000008   Code   RO         1926    .text.HAL_NVIC_ClearPendingIRQ  stm32f4xx_hal_cortex.o
    0x08001e1c   0x08001e1c   0x00000008   Code   RO         1892    .text.HAL_NVIC_DisableIRQ  stm32f4xx_hal_cortex.o
    0x08001e24   0x08001e24   0x00000008   Code   RO         1888    .text.HAL_NVIC_EnableIRQ  stm32f4xx_hal_cortex.o
    0x08001e2c   0x08001e2c   0x0000001e   Code   RO         1880    .text.HAL_NVIC_SetPriority  stm32f4xx_hal_cortex.o
    0x08001e4a   0x08001e4a   0x00000002   PAD
    0x08001e4c   0x08001e4c   0x00000008   Code   RO         1876    .text.HAL_NVIC_SetPriorityGrouping  stm32f4xx_hal_cortex.o
    0x08001e54   0x08001e54   0x00000160   Code   RO         2280    .text.HAL_RCC_ClockConfig  stm32f4xx_hal_rcc.o
    0x08001fb4   0x08001fb4   0x0000000c   Code   RO         2290    .text.HAL_RCC_GetHCLKFreq  stm32f4xx_hal_rcc.o
    0x08001fc0   0x08001fc0   0x00000022   Code   RO         2292    .text.HAL_RCC_GetPCLK1Freq  stm32f4xx_hal_rcc.o
    0x08001fe2   0x08001fe2   0x00000002   PAD
    0x08001fe4   0x08001fe4   0x00000022   Code   RO         2294    .text.HAL_RCC_GetPCLK2Freq  stm32f4xx_hal_rcc.o
    0x08002006   0x08002006   0x00000002   PAD
    0x08002008   0x08002008   0x0000006a   Code   RO         2282    .text.HAL_RCC_GetSysClockFreq  stm32f4xx_hal_rcc.o
    0x08002072   0x08002072   0x00000002   PAD
    0x08002074   0x08002074   0x00000334   Code   RO         2278    .text.HAL_RCC_OscConfig  stm32f4xx_hal_rcc.o
    0x080023a8   0x080023a8   0x00000008   Code   RO         1900    .text.HAL_SYSTICK_Config  stm32f4xx_hal_cortex.o
    0x080023b0   0x080023b0   0x00000036   Code   RO         2462    .text.HAL_TIM_Base_Init  stm32f4xx_hal_tim.o
    0x080023e6   0x080023e6   0x00000002   PAD
    0x080023e8   0x080023e8   0x00000002   Code   RO         2464    .text.HAL_TIM_Base_MspInit  stm32f4xx_hal_tim.o
    0x080023ea   0x080023ea   0x00000002   PAD
    0x080023ec   0x080023ec   0x00000026   Code   RO         2472    .text.HAL_TIM_Base_Start  stm32f4xx_hal_tim.o
    0x08002412   0x08002412   0x00000002   PAD
    0x08002414   0x08002414   0x00000030   Code   RO         2474    .text.HAL_TIM_Base_Stop  stm32f4xx_hal_tim.o
    0x08002444   0x08002444   0x000000a0   Code   RO         2628    .text.HAL_TIM_PWM_ConfigChannel  stm32f4xx_hal_tim.o
    0x080024e4   0x080024e4   0x00000036   Code   RO         2516    .text.HAL_TIM_PWM_Init  stm32f4xx_hal_tim.o
    0x0800251a   0x0800251a   0x00000002   PAD
    0x0800251c   0x0800251c   0x00000002   Code   RO         2518    .text.HAL_TIM_PWM_MspInit  stm32f4xx_hal_tim.o
    0x0800251e   0x0800251e   0x00000002   PAD
    0x08002520   0x08002520   0x0000003c   Code   RO         2524    .text.HAL_TIM_PWM_Start  stm32f4xx_hal_tim.o
    0x0800255c   0x0800255c   0x00000002   Code   RO           23    .text.HardFault_Handler  stm32f4xx_it.o
    0x0800255e   0x0800255e   0x00000002   PAD
    0x08002560   0x08002560   0x00000008   Code   RO         1483    .text.I2C1_Control  i2c_stm32f4xx.o
    0x08002568   0x08002568   0x00000008   Code   RO         1459    .text.I2C1_ER_IRQHandler  i2c_stm32f4xx.o
    0x08002570   0x08002570   0x00000008   Code   RO         1455    .text.I2C1_EV_IRQHandler  i2c_stm32f4xx.o
    0x08002578   0x08002578   0x00000008   Code   RO         1481    .text.I2C1_GetDataCount  i2c_stm32f4xx.o
    0x08002580   0x08002580   0x00000008   Code   RO         1485    .text.I2C1_GetStatus  i2c_stm32f4xx.o
    0x08002588   0x08002588   0x0000002c   Code   RO          279    .text.I2C1_Init     sensores.o
    0x080025b4   0x080025b4   0x0000000a   Code   RO         1467    .text.I2C1_Initialize  i2c_stm32f4xx.o
    0x080025be   0x080025be   0x00000002   PAD
    0x080025c0   0x080025c0   0x00000008   Code   RO         1475    .text.I2C1_MasterReceive  i2c_stm32f4xx.o
    0x080025c8   0x080025c8   0x00000008   Code   RO         1473    .text.I2C1_MasterTransmit  i2c_stm32f4xx.o
    0x080025d0   0x080025d0   0x00000008   Code   RO         1471    .text.I2C1_PowerControl  i2c_stm32f4xx.o
    0x080025d8   0x080025d8   0x00000008   Code   RO         1479    .text.I2C1_SlaveReceive  i2c_stm32f4xx.o
    0x080025e0   0x080025e0   0x00000008   Code   RO         1477    .text.I2C1_SlaveTransmit  i2c_stm32f4xx.o
    0x080025e8   0x080025e8   0x0000000a   Code   RO         1469    .text.I2C1_Uninitialize  i2c_stm32f4xx.o
    0x080025f2   0x080025f2   0x00000002   PAD
    0x080025f4   0x080025f4   0x00000004   Code   RO         1465    .text.I2CX_GetCapabilities  i2c_stm32f4xx.o
    0x080025f8   0x080025f8   0x0000000a   Code   RO         1463    .text.I2CX_GetVersion  i2c_stm32f4xx.o
    0x08002602   0x08002602   0x00000002   PAD
    0x08002604   0x08002604   0x00000028   Code   RO          285    .text.I2C_Callback  sensores.o
    0x0800262c   0x0800262c   0x000002a4   Code   RO         1505    .text.I2C_Control   i2c_stm32f4xx.o
    0x080028d0   0x080028d0   0x00000162   Code   RO         1461    .text.I2C_ER_IRQHandler  i2c_stm32f4xx.o
    0x08002a32   0x08002a32   0x00000002   PAD
    0x08002a34   0x08002a34   0x0000051e   Code   RO         1457    .text.I2C_EV_IRQHandler  i2c_stm32f4xx.o
    0x08002f52   0x08002f52   0x00000002   PAD
    0x08002f54   0x08002f54   0x00000026   Code   RO         1503    .text.I2C_GetDataCount  i2c_stm32f4xx.o
    0x08002f7a   0x08002f7a   0x00000002   PAD
    0x08002f7c   0x08002f7c   0x0000000c   Code   RO         1507    .text.I2C_GetStatus  i2c_stm32f4xx.o
    0x08002f88   0x08002f88   0x0000007e   Code   RO         1487    .text.I2C_Initialize  i2c_stm32f4xx.o
    0x08003006   0x08003006   0x00000002   PAD
    0x08003008   0x08003008   0x000000c0   Code   RO         1497    .text.I2C_MasterReceive  i2c_stm32f4xx.o
    0x080030c8   0x080030c8   0x000000bc   Code   RO         1495    .text.I2C_MasterTransmit  i2c_stm32f4xx.o
    0x08003184   0x08003184   0x0000014a   Code   RO         1493    .text.I2C_PowerControl  i2c_stm32f4xx.o
    0x080032ce   0x080032ce   0x00000002   PAD
    0x080032d0   0x080032d0   0x00000054   Code   RO         1501    .text.I2C_SlaveReceive  i2c_stm32f4xx.o
    0x08003324   0x08003324   0x00000058   Code   RO         1499    .text.I2C_SlaveTransmit  i2c_stm32f4xx.o
    0x0800337c   0x0800337c   0x0000002e   Code   RO         1491    .text.I2C_Uninitialize  i2c_stm32f4xx.o
    0x080033aa   0x080033aa   0x00000002   PAD
    0x080033ac   0x080033ac   0x00000032   Code   RO          112    .text.Init_ThClk    thclk.o
    0x080033de   0x080033de   0x00000002   PAD
    0x080033e0   0x080033e0   0x00000054   Code   RO           40    .text.Init_ThCom    com.o
    0x08003434   0x08003434   0x0000004e   Code   RO          138    .text.Init_ThJOYSTICK  thjoystick.o
    0x08003482   0x08003482   0x00000002   PAD
    0x08003484   0x08003484   0x00000048   Code   RO           62    .text.Init_ThLCD    lcd.o
    0x080034cc   0x080034cc   0x0000006a   Code   RO          158    .text.Init_ThLEDS   leds_n.o
    0x08003536   0x08003536   0x00000002   PAD
    0x08003538   0x08003538   0x00000050   Code   RO          235    .text.Init_ThMP3    mp3.o
    0x08003588   0x08003588   0x00000052   Code   RO          215    .text.Init_ThPWM    pwm.o
    0x080035da   0x080035da   0x00000002   PAD
    0x080035dc   0x080035dc   0x00000050   Code   RO          257    .text.Init_ThPot    pot.o
    0x0800362c   0x0800362c   0x0000002c   Code   RO          177    .text.Init_ThPrincipal  principal.o
    0x08003658   0x08003658   0x00000062   Code   RO          277    .text.Init_Thsensor  sensores.o
    0x080036ba   0x080036ba   0x00000002   PAD
    0x080036bc   0x080036bc   0x0000004c   Code   RO          132    .text.Init_Timers   thjoystick.o
    0x08003708   0x08003708   0x0000000c   Code   RO          308    .text.IsException   rtx_delay.o
    0x08003714   0x08003714   0x0000000c   Code   RO          328    .text.IsException   rtx_evflags.o
    0x08003720   0x08003720   0x0000000c   Code   RO          751    .text.IsException   rtx_kernel.o
    0x0800372c   0x0800372c   0x0000000c   Code   RO          971    .text.IsException   rtx_msgqueue.o
    0x08003738   0x08003738   0x0000000c   Code   RO         1049    .text.IsException   rtx_mutex.o
    0x08003744   0x08003744   0x0000000c   Code   RO         1239    .text.IsException   rtx_thread.o
    0x08003750   0x08003750   0x0000000c   Code   RO         1371    .text.IsException   rtx_timer.o
    0x0800375c   0x0800375c   0x00000018   Code   RO          310    .text.IsIrqMasked   rtx_delay.o
    0x08003774   0x08003774   0x00000018   Code   RO          330    .text.IsIrqMasked   rtx_evflags.o
    0x0800378c   0x0800378c   0x00000018   Code   RO          753    .text.IsIrqMasked   rtx_kernel.o
    0x080037a4   0x080037a4   0x00000018   Code   RO          973    .text.IsIrqMasked   rtx_msgqueue.o
    0x080037bc   0x080037bc   0x00000018   Code   RO         1051    .text.IsIrqMasked   rtx_mutex.o
    0x080037d4   0x080037d4   0x00000018   Code   RO         1241    .text.IsIrqMasked   rtx_thread.o
    0x080037ec   0x080037ec   0x00000018   Code   RO         1373    .text.IsIrqMasked   rtx_timer.o
    0x08003804   0x08003804   0x0000000c   Code   RO          757    .text.IsPrivileged  rtx_kernel.o
    0x08003810   0x08003810   0x00000080   Code   RO          126    .text.Joystick_Init  thjoystick.o
    0x08003890   0x08003890   0x0000001c   Code   RO           66    .text.LCD_Init      lcd.o
    0x080038ac   0x080038ac   0x0000003e   Code   RO           68    .text.LCD_borrar    lcd.o
    0x080038ea   0x080038ea   0x00000002   PAD
    0x080038ec   0x080038ec   0x000000f4   Code   RO           74    .text.LCD_reset     lcd.o
    0x080039e0   0x080039e0   0x0000004c   Code   RO           76    .text.LCD_setup     lcd.o
    0x08003a2c   0x08003a2c   0x0000009a   Code   RO           72    .text.LCD_update    lcd.o
    0x08003ac6   0x08003ac6   0x00000002   PAD
    0x08003ac8   0x08003ac8   0x00000064   Code   RO           84    .text.LCD_wr_cmd    lcd.o
    0x08003b2c   0x08003b2c   0x00000064   Code   RO           82    .text.LCD_wr_data   lcd.o
    0x08003b90   0x08003b90   0x00000064   Code   RO            8    .text.LEDs_Init     main.o
    0x08003bf4   0x08003bf4   0x00000030   Code   RO          239    .text.MP3_Callback  mp3.o
    0x08003c24   0x08003c24   0x00000070   Code   RO          259    .text.MX_ADC1_Init  pot.o
    0x08003c94   0x08003c94   0x0000009e   Code   RO          217    .text.MX_TIM1_PWM_Init  pwm.o
    0x08003d32   0x08003d32   0x00000002   PAD
    0x08003d34   0x08003d34   0x00000004   Code   RO          875    .text.MemBlockPtr   rtx_memory.o
    0x08003d38   0x08003d38   0x00000002   Code   RO          873    .text.MemHeadPtr    rtx_memory.o
    0x08003d3a   0x08003d3a   0x00000002   PAD
    0x08003d3c   0x08003d3c   0x00000002   Code   RO           25    .text.MemManage_Handler  stm32f4xx_it.o
    0x08003d3e   0x08003d3e   0x00000002   PAD
    0x08003d40   0x08003d40   0x0000002a   Code   RO         1021    .text.MessageQueueGet  rtx_msgqueue.o
    0x08003d6a   0x08003d6a   0x00000002   PAD
    0x08003d6c   0x08003d6c   0x00000054   Code   RO         1011    .text.MessageQueuePut  rtx_msgqueue.o
    0x08003dc0   0x08003dc0   0x00000024   Code   RO         1007    .text.MessageQueueRemove  rtx_msgqueue.o
    0x08003de4   0x08003de4   0x00000002   Code   RO           21    .text.NMI_Handler   stm32f4xx_it.o
    0x08003de6   0x08003de6   0x00000002   PAD
    0x08003de8   0x08003de8   0x0000002c   Code   RO         1886    .text.NVIC_EncodePriority  stm32f4xx_hal_cortex.o
    0x08003e14   0x08003e14   0x0000000c   Code   RO         1423    .text.OS_Tick_AcknowledgeIRQ  os_systick.o
    0x08003e20   0x08003e20   0x00000032   Code   RO         1419    .text.OS_Tick_Enable  os_systick.o
    0x08003e52   0x08003e52   0x00000002   PAD
    0x08003e54   0x08003e54   0x00000006   Code   RO         1425    .text.OS_Tick_GetIRQn  os_systick.o
    0x08003e5a   0x08003e5a   0x00000002   PAD
    0x08003e5c   0x08003e5c   0x00000048   Code   RO         1417    .text.OS_Tick_Setup  os_systick.o
    0x08003ea4   0x08003ea4   0x00000022   Code   RO          263    .text.Pot_MapToTemp  pot.o
    0x08003ec6   0x08003ec6   0x00000002   PAD
    0x08003ec8   0x08003ec8   0x00000056   Code   RO          283    .text.Read_LM75     sensores.o
    0x08003f1e   0x08003f1e   0x00000002   PAD
    0x08003f20   0x08003f20   0x00000008   Code   RO         1541    .text.SPI1_Control  spi_stm32f4xx.o
    0x08003f28   0x08003f28   0x00000008   Code   RO         1539    .text.SPI1_GetDataCount  spi_stm32f4xx.o
    0x08003f30   0x08003f30   0x00000008   Code   RO         1543    .text.SPI1_GetStatus  spi_stm32f4xx.o
    0x08003f38   0x08003f38   0x00000008   Code   RO         1519    .text.SPI1_IRQHandler  spi_stm32f4xx.o
    0x08003f40   0x08003f40   0x0000000a   Code   RO         1527    .text.SPI1_Initialize  spi_stm32f4xx.o
    0x08003f4a   0x08003f4a   0x00000002   PAD
    0x08003f4c   0x08003f4c   0x00000008   Code   RO         1531    .text.SPI1_PowerControl  spi_stm32f4xx.o
    0x08003f54   0x08003f54   0x00000008   Code   RO         1535    .text.SPI1_Receive  spi_stm32f4xx.o
    0x08003f5c   0x08003f5c   0x00000008   Code   RO         1533    .text.SPI1_Send     spi_stm32f4xx.o
    0x08003f64   0x08003f64   0x00000008   Code   RO         1537    .text.SPI1_Transfer  spi_stm32f4xx.o
    0x08003f6c   0x08003f6c   0x0000000a   Code   RO         1529    .text.SPI1_Uninitialize  spi_stm32f4xx.o
    0x08003f76   0x08003f76   0x00000002   PAD
    0x08003f78   0x08003f78   0x00000004   Code   RO         1525    .text.SPIX_GetCapabilities  spi_stm32f4xx.o
    0x08003f7c   0x08003f7c   0x0000000a   Code   RO         1523    .text.SPIX_GetVersion  spi_stm32f4xx.o
    0x08003f86   0x08003f86   0x00000002   PAD
    0x08003f88   0x08003f88   0x000002d8   Code   RO         1557    .text.SPI_Control   spi_stm32f4xx.o
    0x08004260   0x08004260   0x0000000c   Code   RO         1575    .text.SPI_GetDataCount  spi_stm32f4xx.o
    0x0800426c   0x0800426c   0x00000028   Code   RO         1577    .text.SPI_GetStatus  spi_stm32f4xx.o
    0x08004294   0x08004294   0x000000f0   Code   RO         1521    .text.SPI_IRQHandler  spi_stm32f4xx.o
    0x08004384   0x08004384   0x000000a0   Code   RO         1549    .text.SPI_Initialize  spi_stm32f4xx.o
    0x08004424   0x08004424   0x00000022   Code   RO         1559    .text.SPI_PeripheralReset  spi_stm32f4xx.o
    0x08004446   0x08004446   0x00000002   PAD
    0x08004448   0x08004448   0x000000c2   Code   RO         1555    .text.SPI_PowerControl  spi_stm32f4xx.o
    0x0800450a   0x0800450a   0x00000002   PAD
    0x0800450c   0x0800450c   0x00000082   Code   RO         1571    .text.SPI_Receive   spi_stm32f4xx.o
    0x0800458e   0x0800458e   0x00000002   PAD
    0x08004590   0x08004590   0x0000005a   Code   RO         1545    .text.SPI_RxData    spi_stm32f4xx.o
    0x080045ea   0x080045ea   0x00000002   PAD
    0x080045ec   0x080045ec   0x00000082   Code   RO         1569    .text.SPI_Send      spi_stm32f4xx.o
    0x0800466e   0x0800466e   0x00000002   PAD
    0x08004670   0x08004670   0x0000003a   Code   RO         1573    .text.SPI_Transfer  spi_stm32f4xx.o
    0x080046aa   0x080046aa   0x00000002   PAD
    0x080046ac   0x080046ac   0x0000005c   Code   RO         1547    .text.SPI_TxData    spi_stm32f4xx.o
    0x08004708   0x08004708   0x00000032   Code   RO         1553    .text.SPI_Uninitialize  spi_stm32f4xx.o
    0x0800473a   0x0800473a   0x00000002   PAD
    0x0800473c   0x0800473c   0x00000030   Code   RO          799    .text.SVC_Setup     rtx_kernel.o
    0x0800476c   0x0800476c   0x00000010   Code   RO         1165    .text.SetPendSV     rtx_system.o
    0x0800477c   0x0800477c   0x0000002e   Code   RO         1902    .text.SysTick_Config  stm32f4xx_hal_cortex.o
    0x080047aa   0x080047aa   0x00000002   PAD
    0x080047ac   0x080047ac   0x000000a0   Code   RO            6    .text.SystemClock_Config  main.o
    0x0800484c   0x0800484c   0x0000007e   Code   RO         2891    .text.SystemCoreClockUpdate  system_stm32f4xx.o
    0x080048ca   0x080048ca   0x00000002   PAD
    0x080048cc   0x080048cc   0x00000010   Code   RO         2889    .text.SystemInit    system_stm32f4xx.o
    0x080048dc   0x080048dc   0x00000124   Code   RO         2466    .text.TIM_Base_SetConfig  stm32f4xx_hal_tim.o
    0x08004a00   0x08004a00   0x00000024   Code   RO         2500    .text.TIM_CCxChannelCmd  stm32f4xx_hal_tim.o
    0x08004a24   0x08004a24   0x00000064   Code   RO         2610    .text.TIM_OC1_SetConfig  stm32f4xx_hal_tim.o
    0x08004a88   0x08004a88   0x0000006a   Code   RO         2612    .text.TIM_OC2_SetConfig  stm32f4xx_hal_tim.o
    0x08004af2   0x08004af2   0x00000002   PAD
    0x08004af4   0x08004af4   0x00000068   Code   RO         2614    .text.TIM_OC3_SetConfig  stm32f4xx_hal_tim.o
    0x08004b5c   0x08004b5c   0x0000004e   Code   RO         2616    .text.TIM_OC4_SetConfig  stm32f4xx_hal_tim.o
    0x08004baa   0x08004baa   0x00000002   PAD
    0x08004bac   0x08004bac   0x000000dc   Code   RO           42    .text.ThControlComRecepcion  com.o
    0x08004c88   0x08004c88   0x0000004c   Code   RO           44    .text.ThControlComTransmision  com.o
    0x08004cd4   0x08004cd4   0x0000006c   Code   RO          160    .text.ThControlLed  leds_n.o
    0x08004d40   0x08004d40   0x00000084   Code   RO          237    .text.ThControlMP3Transmision  mp3.o
    0x08004dc4   0x08004dc4   0x00000830   Code   RO          179    .text.ThControlPrincipal  principal.o
    0x080055f4   0x080055f4   0x00000044   Code   RO          114    .text.ThControlReloj  thclk.o
    0x08005638   0x08005638   0x00000046   Code   RO          281    .text.ThControlsensor  sensores.o
    0x0800567e   0x0800567e   0x00000002   PAD
    0x08005680   0x08005680   0x0000002a   Code   RO          140    .text.ThJOYSTICK    thjoystick.o
    0x080056aa   0x080056aa   0x00000002   PAD
    0x080056ac   0x080056ac   0x0000005c   Code   RO           64    .text.ThLCD         lcd.o
    0x08005708   0x08005708   0x00000044   Code   RO          219    .text.ThPWM         pwm.o
    0x0800574c   0x0800574c   0x00000052   Code   RO          261    .text.ThPot         pot.o
    0x0800579e   0x0800579e   0x00000002   PAD
    0x080057a0   0x080057a0   0x0000003e   Code   RO         1289    .text.ThreadFlagsCheck  rtx_thread.o
    0x080057de   0x080057de   0x00000002   PAD
    0x080057e0   0x080057e0   0x0000000a   Code   RO         1339    .text.ThreadFlagsSet  rtx_thread.o
    0x080057ea   0x080057ea   0x00000002   PAD
    0x080057ec   0x080057ec   0x00000068   Code   RO         1391    .text.TimerInsert   rtx_timer.o
    0x08005854   0x08005854   0x00000060   Code   RO          136    .text.TimerLargo_callback  thjoystick.o
    0x080058b4   0x080058b4   0x00000094   Code   RO          134    .text.TimerRebotes_callback  thjoystick.o
    0x08005948   0x08005948   0x0000002e   Code   RO         1401    .text.TimerRemove   rtx_timer.o
    0x08005976   0x08005976   0x00000002   PAD
    0x08005978   0x08005978   0x00000016   Code   RO         1387    .text.TimerUnlink   rtx_timer.o
    0x0800598e   0x0800598e   0x00000002   PAD
    0x08005990   0x08005990   0x00000010   Code   RO         1619    .text.USART2_Control  usart_stm32f4xx.o
    0x080059a0   0x080059a0   0x00000010   Code   RO         1601    .text.USART2_GetCapabilities  usart_stm32f4xx.o
    0x080059b0   0x080059b0   0x00000010   Code   RO         1625    .text.USART2_GetModemStatus  usart_stm32f4xx.o
    0x080059c0   0x080059c0   0x00000010   Code   RO         1617    .text.USART2_GetRxCount  usart_stm32f4xx.o
    0x080059d0   0x080059d0   0x00000010   Code   RO         1621    .text.USART2_GetStatus  usart_stm32f4xx.o
    0x080059e0   0x080059e0   0x00000010   Code   RO         1615    .text.USART2_GetTxCount  usart_stm32f4xx.o
    0x080059f0   0x080059f0   0x00000010   Code   RO         1597    .text.USART2_IRQHandler  usart_stm32f4xx.o
    0x08005a00   0x08005a00   0x00000012   Code   RO         1603    .text.USART2_Initialize  usart_stm32f4xx.o
    0x08005a12   0x08005a12   0x00000002   PAD
    0x08005a14   0x08005a14   0x00000010   Code   RO         1607    .text.USART2_PowerControl  usart_stm32f4xx.o
    0x08005a24   0x08005a24   0x00000010   Code   RO         1611    .text.USART2_Receive  usart_stm32f4xx.o
    0x08005a34   0x08005a34   0x00000010   Code   RO         1609    .text.USART2_Send   usart_stm32f4xx.o
    0x08005a44   0x08005a44   0x00000010   Code   RO         1623    .text.USART2_SetModemControl  usart_stm32f4xx.o
    0x08005a54   0x08005a54   0x00000010   Code   RO         1613    .text.USART2_Transfer  usart_stm32f4xx.o
    0x08005a64   0x08005a64   0x00000012   Code   RO         1605    .text.USART2_Uninitialize  usart_stm32f4xx.o
    0x08005a76   0x08005a76   0x00000002   PAD
    0x08005a78   0x08005a78   0x00000010   Code   RO         1647    .text.USART3_Control  usart_stm32f4xx.o
    0x08005a88   0x08005a88   0x00000010   Code   RO         1629    .text.USART3_GetCapabilities  usart_stm32f4xx.o
    0x08005a98   0x08005a98   0x00000010   Code   RO         1653    .text.USART3_GetModemStatus  usart_stm32f4xx.o
    0x08005aa8   0x08005aa8   0x00000010   Code   RO         1645    .text.USART3_GetRxCount  usart_stm32f4xx.o
    0x08005ab8   0x08005ab8   0x00000010   Code   RO         1649    .text.USART3_GetStatus  usart_stm32f4xx.o
    0x08005ac8   0x08005ac8   0x00000010   Code   RO         1643    .text.USART3_GetTxCount  usart_stm32f4xx.o
    0x08005ad8   0x08005ad8   0x00000010   Code   RO         1627    .text.USART3_IRQHandler  usart_stm32f4xx.o
    0x08005ae8   0x08005ae8   0x00000012   Code   RO         1631    .text.USART3_Initialize  usart_stm32f4xx.o
    0x08005afa   0x08005afa   0x00000002   PAD
    0x08005afc   0x08005afc   0x00000010   Code   RO         1635    .text.USART3_PowerControl  usart_stm32f4xx.o
    0x08005b0c   0x08005b0c   0x00000010   Code   RO         1639    .text.USART3_Receive  usart_stm32f4xx.o
    0x08005b1c   0x08005b1c   0x00000010   Code   RO         1637    .text.USART3_Send   usart_stm32f4xx.o
    0x08005b2c   0x08005b2c   0x00000010   Code   RO         1651    .text.USART3_SetModemControl  usart_stm32f4xx.o
    0x08005b3c   0x08005b3c   0x00000010   Code   RO         1641    .text.USART3_Transfer  usart_stm32f4xx.o
    0x08005b4c   0x08005b4c   0x00000012   Code   RO         1633    .text.USART3_Uninitialize  usart_stm32f4xx.o
    0x08005b5e   0x08005b5e   0x00000002   PAD
    0x08005b60   0x08005b60   0x0000073a   Code   RO         1681    .text.USART_Control  usart_stm32f4xx.o
    0x0800629a   0x0800629a   0x00000002   PAD
    0x0800629c   0x0800629c   0x00000004   Code   RO         1655    .text.USART_GetCapabilities  usart_stm32f4xx.o
    0x080062a0   0x080062a0   0x00000028   Code   RO         1687    .text.USART_GetModemStatus  usart_stm32f4xx.o
    0x080062c8   0x080062c8   0x00000006   Code   RO         1679    .text.USART_GetRxCount  usart_stm32f4xx.o
    0x080062ce   0x080062ce   0x00000002   PAD
    0x080062d0   0x080062d0   0x00000058   Code   RO         1683    .text.USART_GetStatus  usart_stm32f4xx.o
    0x08006328   0x08006328   0x00000006   Code   RO         1677    .text.USART_GetTxCount  usart_stm32f4xx.o
    0x0800632e   0x0800632e   0x00000002   PAD
    0x08006330   0x08006330   0x00000202   Code   RO         1595    .text.USART_IRQHandler  usart_stm32f4xx.o
    0x08006532   0x08006532   0x00000002   PAD
    0x08006534   0x08006534   0x00000062   Code   RO         1657    .text.USART_Initialize  usart_stm32f4xx.o
    0x08006596   0x08006596   0x00000002   PAD
    0x08006598   0x08006598   0x0000018a   Code   RO         1669    .text.USART_PeripheralReset  usart_stm32f4xx.o
    0x08006722   0x08006722   0x00000002   PAD
    0x08006724   0x08006724   0x00000316   Code   RO         1663    .text.USART_PowerControl  usart_stm32f4xx.o
    0x08006a3a   0x08006a3a   0x00000002   PAD
    0x08006a3c   0x08006a3c   0x00000086   Code   RO         1673    .text.USART_Receive  usart_stm32f4xx.o
    0x08006ac2   0x08006ac2   0x00000002   PAD
    0x08006ac4   0x08006ac4   0x00000074   Code   RO         1671    .text.USART_Send    usart_stm32f4xx.o
    0x08006b38   0x08006b38   0x00000066   Code   RO         1685    .text.USART_SetModemControl  usart_stm32f4xx.o
    0x08006b9e   0x08006b9e   0x00000002   PAD
    0x08006ba0   0x08006ba0   0x00000050   Code   RO         1675    .text.USART_Transfer  usart_stm32f4xx.o
    0x08006bf0   0x08006bf0   0x0000005c   Code   RO         1661    .text.USART_Uninitialize  usart_stm32f4xx.o
    0x08006c4c   0x08006c4c   0x0000000a   Code   RO         1599    .text.USARTx_GetVersion  usart_stm32f4xx.o
    0x08006c56   0x08006c56   0x00000002   PAD
    0x08006c58   0x08006c58   0x00000002   Code   RO           29    .text.UsageFault_Handler  stm32f4xx_it.o
    0x08006c5a   0x08006c5a   0x00000002   PAD
    0x08006c5c   0x08006c5c   0x0000000e   Code   RO         1565    .text.__NVIC_ClearPendingIRQ  spi_stm32f4xx.o
    0x08006c6a   0x08006c6a   0x00000002   PAD
    0x08006c6c   0x08006c6c   0x00000020   Code   RO         1665    .text.__NVIC_ClearPendingIRQ  usart_stm32f4xx.o
    0x08006c8c   0x08006c8c   0x00000020   Code   RO         1928    .text.__NVIC_ClearPendingIRQ  stm32f4xx_hal_cortex.o
    0x08006cac   0x08006cac   0x00000028   Code   RO         1894    .text.__NVIC_DisableIRQ  stm32f4xx_hal_cortex.o
    0x08006cd4   0x08006cd4   0x0000000e   Code   RO         1567    .text.__NVIC_EnableIRQ  spi_stm32f4xx.o
    0x08006ce2   0x08006ce2   0x00000002   PAD
    0x08006ce4   0x08006ce4   0x00000020   Code   RO         1667    .text.__NVIC_EnableIRQ  usart_stm32f4xx.o
    0x08006d04   0x08006d04   0x00000020   Code   RO         1890    .text.__NVIC_EnableIRQ  stm32f4xx_hal_cortex.o
    0x08006d24   0x08006d24   0x00000010   Code   RO          801    .text.__NVIC_GetPriorityGrouping  rtx_kernel.o
    0x08006d34   0x08006d34   0x00000010   Code   RO         1882    .text.__NVIC_GetPriorityGrouping  stm32f4xx_hal_cortex.o
    0x08006d44   0x08006d44   0x00000022   Code   RO         1884    .text.__NVIC_SetPriority  stm32f4xx_hal_cortex.o
    0x08006d66   0x08006d66   0x00000002   PAD
    0x08006d68   0x08006d68   0x00000020   Code   RO         1878    .text.__NVIC_SetPriorityGrouping  stm32f4xx_hal_cortex.o
    0x08006d88   0x08006d88   0x0000001a   Code   RO          843    .text._mutex_acquire  rtx_lib.o
    0x08006da2   0x08006da2   0x00000002   PAD
    0x08006da4   0x08006da4   0x0000000a   Code   RO          847    .text._mutex_free   rtx_lib.o
    0x08006dae   0x08006dae   0x00000002   PAD
    0x08006db0   0x08006db0   0x00000020   Code   RO          841    .text._mutex_initialize  rtx_lib.o
    0x08006dd0   0x08006dd0   0x00000016   Code   RO          845    .text._mutex_release  rtx_lib.o
    0x08006de6   0x08006de6   0x00000002   PAD
    0x08006de8   0x08006de8   0x00000008   Code   RO          835    .text._platform_post_stackheap_init  rtx_lib.o
    0x08006df0   0x08006df0   0x00000026   Code   RO          358    .text.atomic_chk32_all  rtx_evflags.o
    0x08006e16   0x08006e16   0x00000002   PAD
    0x08006e18   0x08006e18   0x00000026   Code   RO         1291    .text.atomic_chk32_all  rtx_thread.o
    0x08006e3e   0x08006e3e   0x00000002   PAD
    0x08006e40   0x08006e40   0x00000022   Code   RO          360    .text.atomic_chk32_any  rtx_evflags.o
    0x08006e62   0x08006e62   0x00000002   PAD
    0x08006e64   0x08006e64   0x00000022   Code   RO         1293    .text.atomic_chk32_any  rtx_thread.o
    0x08006e86   0x08006e86   0x00000002   PAD
    0x08006e88   0x08006e88   0x00000024   Code   RO         1167    .text.atomic_dec16_nz  rtx_system.o
    0x08006eac   0x08006eac   0x00000010   Code   RO          901    .text.atomic_dec32  rtx_mempool.o
    0x08006ebc   0x08006ebc   0x0000001a   Code   RO         1023    .text.atomic_dec32_nz  rtx_msgqueue.o
    0x08006ed6   0x08006ed6   0x00000002   PAD
    0x08006ed8   0x08006ed8   0x0000001a   Code   RO         1169    .text.atomic_inc16_lim  rtx_system.o
    0x08006ef2   0x08006ef2   0x00000002   PAD
    0x08006ef4   0x08006ef4   0x00000028   Code   RO         1173    .text.atomic_inc16_lt  rtx_system.o
    0x08006f1c   0x08006f1c   0x00000010   Code   RO          895    .text.atomic_inc32  rtx_mempool.o
    0x08006f2c   0x08006f2c   0x00000010   Code   RO         1013    .text.atomic_inc32  rtx_msgqueue.o
    0x08006f3c   0x08006f3c   0x0000001a   Code   RO          893    .text.atomic_link_get  rtx_mempool.o
    0x08006f56   0x08006f56   0x00000002   PAD
    0x08006f58   0x08006f58   0x0000001e   Code   RO          899    .text.atomic_link_put  rtx_mempool.o
    0x08006f76   0x08006f76   0x00000002   PAD
    0x08006f78   0x08006f78   0x00000016   Code   RO          370    .text.atomic_set32  rtx_evflags.o
    0x08006f8e   0x08006f8e   0x00000002   PAD
    0x08006f90   0x08006f90   0x00000016   Code   RO         1341    .text.atomic_set32  rtx_thread.o
    0x08006fa6   0x08006fa6   0x00000002   PAD
    0x08006fa8   0x08006fa8   0x00000012   Code   RO         1025    .text.atomic_wr8    rtx_msgqueue.o
    0x08006fba   0x08006fba   0x00000002   PAD
    0x08006fbc   0x08006fbc   0x0000001e   Code   RO           78    .text.busy          lcd.o
    0x08006fda   0x08006fda   0x00000002   PAD
    0x08006fdc   0x08006fdc   0x00000068   Code   RO           80    .text.delay         lcd.o
    0x08007044   0x08007044   0x00000048   Code   RO           70    .text.escribir_linea  lcd.o
    0x0800708c   0x0800708c   0x00000048   Code   RO          336    .text.isrRtxEventFlagsSet  rtx_evflags.o
    0x080070d4   0x080070d4   0x0000005e   Code   RO          348    .text.isrRtxEventFlagsWait  rtx_evflags.o
    0x08007132   0x08007132   0x00000002   PAD
    0x08007134   0x08007134   0x00000074   Code   RO          983    .text.isrRtxMessageQueueGet  rtx_msgqueue.o
    0x080071a8   0x080071a8   0x0000007e   Code   RO          979    .text.isrRtxMessageQueuePut  rtx_msgqueue.o
    0x08007226   0x08007226   0x00000002   PAD
    0x08007228   0x08007228   0x0000005a   Code   RO         1279    .text.isrRtxThreadFlagsSet  rtx_thread.o
    0x08007282   0x08007282   0x00000002   PAD
    0x08007284   0x08007284   0x0000002e   Code   RO         1149    .text.isr_queue_get  rtx_system.o
    0x080072b2   0x080072b2   0x00000002   PAD
    0x080072b4   0x080072b4   0x00000032   Code   RO         1163    .text.isr_queue_put  rtx_system.o
    0x080072e6   0x080072e6   0x00000002   PAD
    0x080072e8   0x080072e8   0x00000046   Code   RO            4    .text.main          main.o
    0x0800732e   0x0800732e   0x00000002   PAD
    0x08007330   0x08007330   0x00000032   Code   RO          306    .text.osDelay       rtx_delay.o
    0x08007362   0x08007362   0x00000002   PAD
    0x08007364   0x08007364   0x00000032   Code   RO          326    .text.osEventFlagsNew  rtx_evflags.o
    0x08007396   0x08007396   0x00000002   PAD
    0x08007398   0x08007398   0x00000030   Code   RO          334    .text.osEventFlagsSet  rtx_evflags.o
    0x080073c8   0x080073c8   0x00000042   Code   RO          346    .text.osEventFlagsWait  rtx_evflags.o
    0x0800740a   0x0800740a   0x00000002   PAD
    0x0800740c   0x0800740c   0x00000026   Code   RO          761    .text.osKernelGetState  rtx_kernel.o
    0x08007432   0x08007432   0x00000002   PAD
    0x08007434   0x08007434   0x00000020   Code   RO          777    .text.osKernelGetTickCount  rtx_kernel.o
    0x08007454   0x08007454   0x00000032   Code   RO          749    .text.osKernelInitialize  rtx_kernel.o
    0x08007486   0x08007486   0x00000002   PAD
    0x08007488   0x08007488   0x0000002e   Code   RO          765    .text.osKernelStart  rtx_kernel.o
    0x080074b6   0x080074b6   0x00000002   PAD
    0x080074b8   0x080074b8   0x00000042   Code   RO          981    .text.osMessageQueueGet  rtx_msgqueue.o
    0x080074fa   0x080074fa   0x00000002   PAD
    0x080074fc   0x080074fc   0x0000003a   Code   RO          969    .text.osMessageQueueNew  rtx_msgqueue.o
    0x08007536   0x08007536   0x00000002   PAD
    0x08007538   0x08007538   0x00000042   Code   RO          977    .text.osMessageQueuePut  rtx_msgqueue.o
    0x0800757a   0x0800757a   0x00000002   PAD
    0x0800757c   0x0800757c   0x00000038   Code   RO         1055    .text.osMutexAcquire  rtx_mutex.o
    0x080075b4   0x080075b4   0x00000034   Code   RO         1061    .text.osMutexDelete  rtx_mutex.o
    0x080075e8   0x080075e8   0x00000032   Code   RO         1047    .text.osMutexNew    rtx_mutex.o
    0x0800761a   0x0800761a   0x00000002   PAD
    0x0800761c   0x0800761c   0x00000034   Code   RO         1057    .text.osMutexRelease  rtx_mutex.o
    0x08007650   0x08007650   0x00000002   Code   RO         1446    .text.osRtxErrorNotify  rtx_config.o
    0x08007652   0x08007652   0x00000002   PAD
    0x08007654   0x08007654   0x00000002   Code   RO          364    .text.osRtxEventFlagsId  rtx_evflags.o
    0x08007656   0x08007656   0x00000002   PAD
    0x08007658   0x08007658   0x00000002   Code   RO         1153    .text.osRtxEventFlagsObject  rtx_system.o
    0x0800765a   0x0800765a   0x00000002   PAD
    0x0800765c   0x0800765c   0x00000002   Code   RO         1201    .text.osRtxEventFlagsObject  rtx_thread.o
    0x0800765e   0x0800765e   0x00000002   PAD
    0x08007660   0x08007660   0x00000048   Code   RO          354    .text.osRtxEventFlagsPostProcess  rtx_evflags.o
    0x080076a8   0x080076a8   0x00000002   Code   RO         1444    .text.osRtxIdleThread  rtx_config.o
    0x080076aa   0x080076aa   0x00000002   PAD
    0x080076ac   0x080076ac   0x00000014   Code   RO          747    .text.osRtxKernelErrorNotify  rtx_kernel.o
    0x080076c0   0x080076c0   0x0000000c   Code   RO         1145    .text.osRtxKernelGetState  rtx_system.o
    0x080076cc   0x080076cc   0x0000000c   Code   RO         1217    .text.osRtxKernelGetState  rtx_thread.o
    0x080076d8   0x080076d8   0x00000002   Code   RO          745    .text.osRtxKernelPreInit  rtx_kernel.o
    0x080076da   0x080076da   0x00000002   PAD
    0x080076dc   0x080076dc   0x0000000c   Code   RO          795    .text.osRtxKernelState  rtx_kernel.o
    0x080076e8   0x080076e8   0x000000b6   Code   RO          877    .text.osRtxMemoryAlloc  rtx_memory.o
    0x0800779e   0x0800779e   0x00000002   PAD
    0x080077a0   0x080077a0   0x00000078   Code   RO          879    .text.osRtxMemoryFree  rtx_memory.o
    0x08007818   0x08007818   0x00000064   Code   RO          871    .text.osRtxMemoryInit  rtx_memory.o
    0x0800787c   0x0800787c   0x0000002a   Code   RO          891    .text.osRtxMemoryPoolAlloc  rtx_mempool.o
    0x080078a6   0x080078a6   0x00000002   PAD
    0x080078a8   0x080078a8   0x00000042   Code   RO          897    .text.osRtxMemoryPoolFree  rtx_mempool.o
    0x080078ea   0x080078ea   0x00000002   PAD
    0x080078ec   0x080078ec   0x00000060   Code   RO          889    .text.osRtxMemoryPoolInit  rtx_mempool.o
    0x0800794c   0x0800794c   0x00000002   Code   RO         1157    .text.osRtxMemoryPoolObject  rtx_system.o
    0x0800794e   0x0800794e   0x00000002   PAD
    0x08007950   0x08007950   0x00000002   Code   RO         1207    .text.osRtxMemoryPoolObject  rtx_thread.o
    0x08007952   0x08007952   0x00000002   PAD
    0x08007954   0x08007954   0x00000002   Code   RO         1159    .text.osRtxMessageObject  rtx_system.o
    0x08007956   0x08007956   0x00000002   PAD
    0x08007958   0x08007958   0x00000002   Code   RO          965    .text.osRtxMessageQueueId  rtx_msgqueue.o
    0x0800795a   0x0800795a   0x00000002   PAD
    0x0800795c   0x0800795c   0x00000002   Code   RO         1209    .text.osRtxMessageQueueObject  rtx_thread.o
    0x0800795e   0x0800795e   0x00000002   PAD
    0x08007960   0x08007960   0x00000102   Code   RO         1005    .text.osRtxMessageQueuePostProcess  rtx_msgqueue.o
    0x08007a62   0x08007a62   0x00000002   PAD
    0x08007a64   0x08007a64   0x00000030   Code   RO          963    .text.osRtxMessageQueueTimerSetup  rtx_msgqueue.o
    0x08007a94   0x08007a94   0x00000002   Code   RO         1067    .text.osRtxMutexId  rtx_mutex.o
    0x08007a96   0x08007a96   0x00000002   PAD
    0x08007a98   0x08007a98   0x00000002   Code   RO         1203    .text.osRtxMutexObject  rtx_thread.o
    0x08007a9a   0x08007a9a   0x00000002   PAD
    0x08007a9c   0x08007a9c   0x0000006a   Code   RO         1041    .text.osRtxMutexOwnerRelease  rtx_mutex.o
    0x08007b06   0x08007b06   0x00000002   PAD
    0x08007b08   0x08007b08   0x00000050   Code   RO         1045    .text.osRtxMutexOwnerRestore  rtx_mutex.o
    0x08007b58   0x08007b58   0x00000002   Code   RO          368    .text.osRtxObject   rtx_evflags.o
    0x08007b5a   0x08007b5a   0x00000002   PAD
    0x08007b5c   0x08007b5c   0x00000002   Code   RO         1009    .text.osRtxObject   rtx_msgqueue.o
    0x08007b5e   0x08007b5e   0x00000002   PAD
    0x08007b60   0x08007b60   0x00000002   Code   RO         1043    .text.osRtxObject   rtx_mutex.o
    0x08007b62   0x08007b62   0x00000002   PAD
    0x08007b64   0x08007b64   0x00000002   Code   RO         1171    .text.osRtxObject   rtx_system.o
    0x08007b66   0x08007b66   0x00000002   PAD
    0x08007b68   0x08007b68   0x00000002   Code   RO         1191    .text.osRtxObject   rtx_thread.o
    0x08007b6a   0x08007b6a   0x00000002   PAD
    0x08007b6c   0x08007b6c   0x00000064   Code   RO         1147    .text.osRtxPendSV_Handler  rtx_system.o
    0x08007bd0   0x08007bd0   0x0000002c   Code   RO         1161    .text.osRtxPostProcess  rtx_system.o
    0x08007bfc   0x08007bfc   0x00000002   Code   RO         1155    .text.osRtxSemaphoreObject  rtx_system.o
    0x08007bfe   0x08007bfe   0x00000002   PAD
    0x08007c00   0x08007c00   0x00000002   Code   RO         1205    .text.osRtxSemaphoreObject  rtx_thread.o
    0x08007c02   0x08007c02   0x00000002   PAD
    0x08007c04   0x08007c04   0x00000048   Code   RO         1221    .text.osRtxThreadBlock  rtx_thread.o
    0x08007c4c   0x08007c4c   0x000000a0   Code   RO         1229    .text.osRtxThreadDelayInsert  rtx_thread.o
    0x08007cec   0x08007cec   0x00000050   Code   RO         1225    .text.osRtxThreadDelayRemove  rtx_thread.o
    0x08007d3c   0x08007d3c   0x000000f6   Code   RO         1197    .text.osRtxThreadDelayTick  rtx_thread.o
    0x08007e32   0x08007e32   0x00000002   PAD
    0x08007e34   0x08007e34   0x00000036   Code   RO         1331    .text.osRtxThreadDestroy  rtx_thread.o
    0x08007e6a   0x08007e6a   0x00000002   PAD
    0x08007e6c   0x08007e6c   0x0000005e   Code   RO         1215    .text.osRtxThreadDispatch  rtx_thread.o
    0x08007eca   0x08007eca   0x00000002   PAD
    0x08007ecc   0x08007ecc   0x00000060   Code   RO         1321    .text.osRtxThreadFree  rtx_thread.o
    0x08007f2c   0x08007f2c   0x0000000c   Code   RO          380    .text.osRtxThreadGetRunning  rtx_evflags.o
    0x08007f38   0x08007f38   0x0000000c   Code   RO         1019    .text.osRtxThreadGetRunning  rtx_msgqueue.o
    0x08007f44   0x08007f44   0x0000000c   Code   RO         1071    .text.osRtxThreadGetRunning  rtx_mutex.o
    0x08007f50   0x08007f50   0x0000000c   Code   RO         1219    .text.osRtxThreadGetRunning  rtx_thread.o
    0x08007f5c   0x08007f5c   0x0000000c   Code   RO         1385    .text.osRtxThreadGetRunning  rtx_timer.o
    0x08007f68   0x08007f68   0x00000002   Code   RO         1233    .text.osRtxThreadId  rtx_thread.o
    0x08007f6a   0x08007f6a   0x00000002   PAD
    0x08007f6c   0x08007f6c   0x00000026   Code   RO         1327    .text.osRtxThreadJoinWakeup  rtx_thread.o
    0x08007f92   0x08007f92   0x00000002   PAD
    0x08007f94   0x08007f94   0x00000018   Code   RO         1187    .text.osRtxThreadListGet  rtx_thread.o
    0x08007fac   0x08007fac   0x00000034   Code   RO         1183    .text.osRtxThreadListPut  rtx_thread.o
    0x08007fe0   0x08007fe0   0x0000001a   Code   RO         1193    .text.osRtxThreadListRemove  rtx_thread.o
    0x08007ffa   0x08007ffa   0x00000002   PAD
    0x08007ffc   0x08007ffc   0x00000012   Code   RO         1199    .text.osRtxThreadListRoot  rtx_thread.o
    0x0800800e   0x0800800e   0x00000002   PAD
    0x08008010   0x08008010   0x00000030   Code   RO         1189    .text.osRtxThreadListSort  rtx_thread.o
    0x08008040   0x08008040   0x00000002   Code   RO         1151    .text.osRtxThreadObject  rtx_system.o
    0x08008042   0x08008042   0x00000002   PAD
    0x08008044   0x08008044   0x00000002   Code   RO         1185    .text.osRtxThreadObject  rtx_thread.o
    0x08008046   0x08008046   0x00000002   PAD
    0x08008048   0x08008048   0x00000038   Code   RO         1287    .text.osRtxThreadPostProcess  rtx_thread.o
    0x08008080   0x08008080   0x00000018   Code   RO         1195    .text.osRtxThreadReadyPut  rtx_thread.o
    0x08008098   0x08008098   0x00000006   Code   RO         1211    .text.osRtxThreadRegPtr  rtx_thread.o
    0x0800809e   0x0800809e   0x00000002   PAD
    0x080080a0   0x080080a0   0x0000000e   Code   RO         1329    .text.osRtxThreadSetRunning  rtx_thread.o
    0x080080ae   0x080080ae   0x00000002   PAD
    0x080080b0   0x080080b0   0x0000000c   Code   RO         1389    .text.osRtxThreadSetRunning  rtx_timer.o
    0x080080bc   0x080080bc   0x00000050   Code   RO         1231    .text.osRtxThreadStartup  rtx_thread.o
    0x0800810c   0x0800810c   0x00000016   Code   RO         1213    .text.osRtxThreadSwitch  rtx_thread.o
    0x08008122   0x08008122   0x00000002   PAD
    0x08008124   0x08008124   0x0000005c   Code   RO         1227    .text.osRtxThreadWaitEnter  rtx_thread.o
    0x08008180   0x08008180   0x0000002a   Code   RO         1223    .text.osRtxThreadWaitExit  rtx_thread.o
    0x080081aa   0x080081aa   0x00000002   PAD
    0x080081ac   0x080081ac   0x0000008a   Code   RO         1143    .text.osRtxTick_Handler  rtx_system.o
    0x08008236   0x08008236   0x00000002   PAD
    0x08008238   0x08008238   0x00000002   Code   RO         1397    .text.osRtxTimerId  rtx_timer.o
    0x0800823a   0x0800823a   0x00000002   PAD
    0x0800823c   0x0800823c   0x00000026   Code   RO         1363    .text.osRtxTimerSetup  rtx_timer.o
    0x08008262   0x08008262   0x00000002   PAD
    0x08008264   0x08008264   0x0000002a   Code   RO         1367    .text.osRtxTimerThread  rtx_timer.o
    0x0800828e   0x0800828e   0x00000002   PAD
    0x08008290   0x08008290   0x00000088   Code   RO         1365    .text.osRtxTimerTick  rtx_timer.o
    0x08008318   0x08008318   0x0000001a   Code   RO         1269    .text.osThreadExit  rtx_thread.o
    0x08008332   0x08008332   0x00000002   PAD
    0x08008334   0x08008334   0x00000030   Code   RO         1277    .text.osThreadFlagsSet  rtx_thread.o
    0x08008364   0x08008364   0x0000003c   Code   RO         1285    .text.osThreadFlagsWait  rtx_thread.o
    0x080083a0   0x080083a0   0x0000003a   Code   RO         1237    .text.osThreadNew   rtx_thread.o
    0x080083da   0x080083da   0x00000002   PAD
    0x080083dc   0x080083dc   0x00000044   Code   RO         1369    .text.osTimerNew    rtx_timer.o
    0x08008420   0x08008420   0x00000038   Code   RO         1377    .text.osTimerStart  rtx_timer.o
    0x08008458   0x08008458   0x00000034   Code   RO         1379    .text.osTimerStop   rtx_timer.o
    0x0800848c   0x0800848c   0x0000001e   Code   RO          839    .text.os_kernel_is_active  rtx_lib.o
    0x080084aa   0x080084aa   0x00000002   PAD
    0x080084ac   0x080084ac   0x00000034   Code   RO          314    .text.svcRtxDelay   rtx_delay.o
    0x080084e0   0x080084e0   0x0000008c   Code   RO          352    .text.svcRtxEventFlagsNew  rtx_evflags.o
    0x0800856c   0x0800856c   0x0000009a   Code   RO          372    .text.svcRtxEventFlagsSet  rtx_evflags.o
    0x08008606   0x08008606   0x00000002   PAD
    0x08008608   0x08008608   0x000000a8   Code   RO          378    .text.svcRtxEventFlagsWait  rtx_evflags.o
    0x080086b0   0x080086b0   0x00000010   Code   RO          763    .text.svcRtxKernelGetState  rtx_kernel.o
    0x080086c0   0x080086c0   0x00000014   Code   RO          779    .text.svcRtxKernelGetTickCount  rtx_kernel.o
    0x080086d4   0x080086d4   0x00000150   Code   RO          793    .text.svcRtxKernelInitialize  rtx_kernel.o
    0x08008824   0x08008824   0x00000084   Code   RO          797    .text.svcRtxKernelStart  rtx_kernel.o
    0x080088a8   0x080088a8   0x00000132   Code   RO         1027    .text.svcRtxMessageQueueGet  rtx_msgqueue.o
    0x080089da   0x080089da   0x00000002   PAD
    0x080089dc   0x080089dc   0x00000188   Code   RO          967    .text.svcRtxMessageQueueNew  rtx_msgqueue.o
    0x08008b64   0x08008b64   0x00000114   Code   RO         1017    .text.svcRtxMessageQueuePut  rtx_msgqueue.o
    0x08008c78   0x08008c78   0x000000e6   Code   RO         1069    .text.svcRtxMutexAcquire  rtx_mutex.o
    0x08008d5e   0x08008d5e   0x00000002   PAD
    0x08008d60   0x08008d60   0x000000d8   Code   RO         1077    .text.svcRtxMutexDelete  rtx_mutex.o
    0x08008e38   0x08008e38   0x00000090   Code   RO         1063    .text.svcRtxMutexNew  rtx_mutex.o
    0x08008ec8   0x08008ec8   0x000000f8   Code   RO         1073    .text.svcRtxMutexRelease  rtx_mutex.o
    0x08008fc0   0x08008fc0   0x0000004a   Code   RO         1325    .text.svcRtxThreadExit  rtx_thread.o
    0x0800900a   0x0800900a   0x00000002   PAD
    0x0800900c   0x0800900c   0x0000008e   Code   RO         1343    .text.svcRtxThreadFlagsSet  rtx_thread.o
    0x0800909a   0x0800909a   0x00000002   PAD
    0x0800909c   0x0800909c   0x000000a6   Code   RO         1353    .text.svcRtxThreadFlagsWait  rtx_thread.o
    0x08009142   0x08009142   0x00000002   PAD
    0x08009144   0x08009144   0x00000240   Code   RO         1235    .text.svcRtxThreadNew  rtx_thread.o
    0x08009384   0x08009384   0x000000ae   Code   RO         1393    .text.svcRtxTimerNew  rtx_timer.o
    0x08009432   0x08009432   0x00000002   PAD
    0x08009434   0x08009434   0x00000068   Code   RO         1399    .text.svcRtxTimerStart  rtx_timer.o
    0x0800949c   0x0800949c   0x00000048   Code   RO         1403    .text.svcRtxTimerStop  rtx_timer.o
    0x080094e4   0x080094e4   0x0000005e   Code   RO           86    .text.symbolToLocalBuffer_L1  lcd.o
    0x08009542   0x08009542   0x00000002   PAD
    0x08009544   0x08009544   0x0000005a   Code   RO           88    .text.symbolToLocalBuffer_L2  lcd.o
    0x0800959e   0x0800959e   0x00000002   PAD
    0x080095a0   0x080095a0   0x00000022   Code   RO          181    .text.t_rep_callback  principal.o
    0x080095c2   0x080095c2   0x00000002   PAD
    0x080095c4   0x080095c4   0x00000088   Code   RO          162    .text.tim_rgb_callback  leds_n.o
    0x0800964c   0x0800964c   0x0000003e   Code   RO         3054    CL$$btod_d2e        c_w.l(btod.o)
    0x0800968a   0x0800968a   0x00000046   Code   RO         3056    CL$$btod_d2e_denorm_low  c_w.l(btod.o)
    0x080096d0   0x080096d0   0x00000060   Code   RO         3055    CL$$btod_d2e_norm_op1  c_w.l(btod.o)
    0x08009730   0x08009730   0x00000338   Code   RO         3064    CL$$btod_div_common  c_w.l(btod.o)
    0x08009a68   0x08009a68   0x000000dc   Code   RO         3061    CL$$btod_e2e        c_w.l(btod.o)
    0x08009b44   0x08009b44   0x0000002a   Code   RO         3058    CL$$btod_ediv       c_w.l(btod.o)
    0x08009b6e   0x08009b6e   0x0000002a   Code   RO         3057    CL$$btod_emul       c_w.l(btod.o)
    0x08009b98   0x08009b98   0x00000244   Code   RO         3063    CL$$btod_mult_common  c_w.l(btod.o)
    0x08009ddc   0x08009ddc   0x00000028   Code   RO         3083    i.__ARM_fpclassify  m_ws.l(fpclassify.o)
    0x08009e04   0x08009e04   0x0000000e   Code   RO         2948    i._is_digit         c_w.l(__printf_wp.o)
    0x08009e12   0x08009e12   0x00000002   PAD
    0x08009e14   0x08009e14   0x0000002c   Code   RO         3079    locale$$code        c_w.l(lc_numeric_c.o)
    0x08009e40   0x08009e40   0x0000000c   Code   RO         3014    x$fpl$dretinf       fz_ws.l(dretinf.o)
    0x08009e4c   0x08009e4c   0x00000056   Code   RO         2976    x$fpl$f2d           fz_ws.l(f2d.o)
    0x08009ea2   0x08009ea2   0x00000002   PAD
    0x08009ea4   0x08009ea4   0x00000184   Code   RO         2979    x$fpl$fdiv          fz_ws.l(fdiv.o)
    0x0800a028   0x0800a028   0x00000036   Code   RO         2982    x$fpl$ffix          fz_ws.l(ffix.o)
    0x0800a05e   0x0800a05e   0x00000002   PAD
    0x0800a060   0x0800a060   0x00000030   Code   RO         2987    x$fpl$fflt          fz_ws.l(fflt_clz.o)
    0x0800a090   0x0800a090   0x00000026   Code   RO         2986    x$fpl$ffltu         fz_ws.l(fflt_clz.o)
    0x0800a0b6   0x0800a0b6   0x00000002   PAD
    0x0800a0b8   0x0800a0b8   0x00000102   Code   RO         2992    x$fpl$fmul          fz_ws.l(fmul.o)
    0x0800a1ba   0x0800a1ba   0x0000008c   Code   RO         3016    x$fpl$fnaninf       fz_ws.l(fnaninf.o)
    0x0800a246   0x0800a246   0x0000000a   Code   RO         3018    x$fpl$fretinf       fz_ws.l(fretinf.o)
    0x0800a250   0x0800a250   0x00000004   Code   RO         2994    x$fpl$printf1       fz_ws.l(printf1.o)
    0x0800a254   0x0800a254   0x00000000   Code   RO         3020    x$fpl$usenofp       fz_ws.l(usenofp.o)
    0x0800a254   0x0800a254   0x00000028   Data   RO         2921    .constdata          c_w.l(_printf_hex_int.o)
    0x0800a27c   0x0800a27c   0x00000011   Data   RO         2951    .constdata          c_w.l(__printf_flags_wp.o)
    0x0800a28d   0x0800a28d   0x00000003   PAD
    0x0800a290   0x0800a290   0x00000094   Data   RO         3052    .constdata          c_w.l(bigflt0.o)
    0x0800a324   0x0800a324   0x000000a8   Data   RO          853    .rodata             rtx_lib.o
    0x0800a3cc   0x0800a3cc   0x00000010   Data   RO         2894    .rodata.AHBPrescTable  system_stm32f4xx.o
    0x0800a3dc   0x0800a3dc   0x00000008   Data   RO         2895    .rodata.APBPrescTable  system_stm32f4xx.o
    0x0800a3e4   0x0800a3e4   0x00000960   Data   RO           92    .rodata.Arial12x12  lcd.o
    0x0800ad44   0x0800ad44   0x00000030   Data   RO         1509    .rodata.Driver_I2C1  i2c_stm32f4xx.o
    0x0800ad74   0x0800ad74   0x0000002c   Data   RO         1579    .rodata.Driver_SPI1  spi_stm32f4xx.o
    0x0800ada0   0x0800ada0   0x00000038   Data   RO         1689    .rodata.Driver_USART2  usart_stm32f4xx.o
    0x0800add8   0x0800add8   0x00000038   Data   RO         1690    .rodata.Driver_USART3  usart_stm32f4xx.o
    0x0800ae10   0x0800ae10   0x00000034   Data   RO         1695    .rodata.USART2_Resources  usart_stm32f4xx.o
    0x0800ae44   0x0800ae44   0x0000000c   Data   RO         1692    .rodata.USART2_rx   usart_stm32f4xx.o
    0x0800ae50   0x0800ae50   0x0000000c   Data   RO         1691    .rodata.USART2_tx   usart_stm32f4xx.o
    0x0800ae5c   0x0800ae5c   0x00000034   Data   RO         1700    .rodata.USART3_Resources  usart_stm32f4xx.o
    0x0800ae90   0x0800ae90   0x0000000c   Data   RO         1697    .rodata.USART3_rx   usart_stm32f4xx.o
    0x0800ae9c   0x0800ae9c   0x0000000c   Data   RO         1696    .rodata.USART3_tx   usart_stm32f4xx.o
    0x0800aea8   0x0800aea8   0x00000024   Data   RO          224    .rodata.attr_pwm    pwm.o
    0x0800aecc   0x0800aecc   0x00000024   Data   RO          289    .rodata.attr_sensor  sensores.o
    0x0800aef0   0x0800aef0   0x00000004   Data   RO          855    .rodata.osRtxUserSVC  rtx_lib.o
    0x0800aef4   0x0800aef4   0x00000024   Data   RO          850    .rodata.os_idle_thread_attr  rtx_lib.o
    0x0800af18   0x0800af18   0x00000018   Data   RO          852    .rodata.os_timer_mq_attr  rtx_lib.o
    0x0800af30   0x0800af30   0x00000024   Data   RO          851    .rodata.os_timer_thread_attr  rtx_lib.o
    0x0800af54   0x0800af54   0x00000034   Data   RO          192    .rodata.str1.1      principal.o
    0x0800af88   0x0800af88   0x0000000b   Data   RO          825    .rodata.str1.4      rtx_kernel.o
    0x0800af93   0x0800af93   0x00000001   PAD
    0x0800af94   0x0800af94   0x00000024   Data   RO           48    .rodata.thread1_attr  com.o
    0x0800afb8   0x0800afb8   0x00000024   Data   RO           96    .rodata.thread1_attr  lcd.o
    0x0800afdc   0x0800afdc   0x00000024   Data   RO          116    .rodata.thread1_attr_clk  thclk.o
    0x0800b000   0x0800b000   0x00000024   Data   RO          164    .rodata.thread1_attr_leds  leds_n.o
    0x0800b024   0x0800b024   0x00000024   Data   RO          243    .rodata.thread2_attr  mp3.o
    0x0800b048   0x0800b048   0x00000024   Data   RO          266    .rodata.thread_attr_pot  pot.o
    0x0800b06c   0x0800b06c   0x00000020   Data   RO         3237    Region$$Table       anon$$obj.o
    0x0800b08c   0x0800b08c   0x0000001c   Data   RO         3078    locale$$data        c_w.l(lc_numeric_c.o)


    Execution Region RW_IRAM1 (Exec base: 0x20000000, Load base: 0x0800b0a8, Size: 0x00009158, Max: 0x00030000, ABSOLUTE)

    Exec Addr    Load Addr    Size         Type   Attr      Idx    E Section Name        Object

    0x20000000   0x0800b0a8   0x00000004   Data   RW          144    .data.Init_Timers.exec  thjoystick.o
    0x20000004   0x0800b0ac   0x00000004   Data   RW          145    .data.Init_Timers.exec2  thjoystick.o
    0x20000008   0x0800b0b0   0x00000004   Data   RW           93    .data.SPIdrv        lcd.o
    0x2000000c   0x0800b0b4   0x00000004   Data   RW         2893    .data.SystemCoreClock  system_stm32f4xx.o
    0x20000010   0x0800b0b8   0x000000a4   Data   RW          826    .data.os            rtx_kernel.o
    0x200000b4   0x0800b15c   0x00000001   Data   RW         1768    .data.uwTickFreq    stm32f4xx_hal.o
    0x200000b5   0x0800b15d   0x00000003   PAD
    0x200000b8   0x0800b160   0x00000004   Data   RW         1767    .data.uwTickPrio    stm32f4xx_hal.o
    0x200000bc   0x0800b164   0x00000004   PAD
    0x200000c0        -       0x00000060   Zero   RW         3086    .bss                c_w.l(libspace.o)
    0x20000120        -       0x00000004   Zero   RW           10    .bss.HAL_GetTick.ticks  main.o
    0x20000124        -       0x00000003   Zero   RW          118    .bss.Hora           thclk.o
    0x20000127   0x0800b164   0x00000001   PAD
    0x20000128        -       0x00000028   Zero   RW         1510    .bss.I2C1_Info      i2c_stm32f4xx.o
    0x20000150        -       0x00000014   Zero   RW          142    .bss.Joystick_Init.joystick  thjoystick.o
    0x20000164        -       0x00000014   Zero   RW          100    .bss.LCD_reset.GPIO_InitStruct  lcd.o
    0x20000178        -       0x00000014   Zero   RW           11    .bss.LEDs_Init.led  main.o
    0x2000018c        -       0x00000004   Zero   RW          288    .bss.LM_Queue       sensores.o
    0x20000190        -       0x00000004   Zero   RW          166    .bss.RGB_Queue      leds_n.o
    0x20000194        -       0x00000004   Zero   RW         1581    .bss.SPI1_Info.0    spi_stm32f4xx.o
    0x20000198        -       0x00000001   Zero   RW         1584    .bss.SPI1_Info.1.0  spi_stm32f4xx.o
    0x20000199   0x0800b164   0x00000003   PAD
    0x2000019c        -       0x00000001   Zero   RW         1585    .bss.SPI1_Info.1.1  spi_stm32f4xx.o
    0x2000019d   0x0800b164   0x00000001   PAD
    0x2000019e        -       0x00000001   Zero   RW         1586    .bss.SPI1_Info.1.2  spi_stm32f4xx.o
    0x2000019f   0x0800b164   0x00000001   PAD
    0x200001a0        -       0x00000004   Zero   RW         1582    .bss.SPI1_Info.2    spi_stm32f4xx.o
    0x200001a4        -       0x00000004   Zero   RW         1583    .bss.SPI1_Info.3    spi_stm32f4xx.o
    0x200001a8        -       0x0000001c   Zero   RW         1580    .bss.SPI1_TransferInfo  spi_stm32f4xx.o
    0x200001c4        -       0x00000001   Zero   RW          204    .bss.ThControlPrincipal.Hora_aux.0  principal.o
    0x200001c5        -       0x00000001   Zero   RW          205    .bss.ThControlPrincipal.Hora_aux.1  principal.o
    0x200001c6        -       0x00000001   Zero   RW          206    .bss.ThControlPrincipal.Hora_aux.2  principal.o
    0x200001c7        -       0x00000040   Zero   RW          190    .bss.ThControlPrincipal.buffer_com  principal.o
    0x20000207        -       0x00000001   Zero   RW          184    .bss.ThControlPrincipal.carpeta  principal.o
    0x20000208        -       0x00000001   Zero   RW          188    .bss.ThControlPrincipal.carpeta_aux  principal.o
    0x20000209        -       0x00000001   Zero   RW          185    .bss.ThControlPrincipal.fichero  principal.o
    0x2000020a        -       0x00000001   Zero   RW          189    .bss.ThControlPrincipal.fichero_aux  principal.o
    0x2000020b        -       0x00000001   Zero   RW          187    .bss.ThControlPrincipal.sonando  principal.o
    0x2000020c        -       0x00000003   Zero   RW          186    .bss.ThControlPrincipal.tiempo  principal.o
    0x2000020f   0x0800b164   0x00000001   PAD
    0x20000210        -       0x00000014   Zero   RW         1693    .bss.USART2_Info    usart_stm32f4xx.o
    0x20000224        -       0x00000024   Zero   RW         1694    .bss.USART2_TransferInfo  usart_stm32f4xx.o
    0x20000248        -       0x00000014   Zero   RW         1698    .bss.USART3_Info    usart_stm32f4xx.o
    0x2000025c        -       0x00000024   Zero   RW         1699    .bss.USART3_TransferInfo  usart_stm32f4xx.o
    0x20000280        -       0x00000200   Zero   RW          103    .bss.buffer         lcd.o
    0x20000480        -       0x00000004   Zero   RW          101    .bss.busyEventFlag  lcd.o
    0x20000484        -       0x00000004   Zero   RW          287    .bss.busyEventFlag_lm  sensores.o
    0x20000488        -       0x00000001   Zero   RW          149    .bss.ciclos         thjoystick.o
    0x20000489   0x0800b164   0x00000003   PAD
    0x2000048c        -       0x00000004   Zero   RW           53    .bss.cola_entrada   com.o
    0x20000490        -       0x00000004   Zero   RW          246    .bss.cola_entrada_MP3  mp3.o
    0x20000494        -       0x00000004   Zero   RW           51    .bss.cola_salida    com.o
    0x20000498        -       0x00000008   Zero   RW          167    .bss.ctrl_rgb       leds_n.o
    0x200004a0        -       0x00000001   Zero   RW          198    .bss.duty_bip       principal.o
    0x200004a1        -       0x00000001   Zero   RW           52    .bss.error          com.o
    0x200004a2        -       0x00000001   Zero   RW          247    .bss.error          mp3.o
    0x200004a3   0x0800b164   0x00000001   PAD
    0x200004a4        -       0x00000048   Zero   RW          268    .bss.hadc1          pot.o
    0x200004ec        -       0x00000040   Zero   RW          226    .bss.htim1          pwm.o
    0x2000052c        -       0x00000040   Zero   RW          102    .bss.htim7          lcd.o
    0x2000056c        -       0x00000004   Zero   RW          148    .bss.joy_Queue      thjoystick.o
    0x20000570        -       0x00000004   Zero   RW           98    .bss.lcd_Queue      lcd.o
    0x20000574        -       0x00000016   Zero   RW          196    .bss.msg_enviar_lcd  principal.o
    0x2000058a        -       0x00000016   Zero   RW           99    .bss.msg_rec        lcd.o
    0x200005a0        -       0x00000001   Zero   RW          194    .bss.msg_recibir_joystick  principal.o
    0x200005a1   0x0800b164   0x00000003   PAD
    0x200005a4        -       0x00000008   Zero   RW          199    .bss.msg_rgb        principal.o
    0x200005ac   0x0800b164   0x00000004   PAD
    0x200005b0        -       0x00008040   Zero   RW          849    .bss.os             rtx_lib.o
    0x200085f0        -       0x00000001   Zero   RW         1435    .bss.os             os_systick.o
    0x200085f1   0x0800b164   0x00000003   PAD
    0x200085f4        -       0x00000034   Zero   RW          860    .bss.os.msgqueue.cb  rtx_lib.o
    0x20008628        -       0x00000050   Zero   RW          861    .bss.os.msgqueue.mem  rtx_lib.o
    0x20008678        -       0x00000088   Zero   RW          857    .bss.os.thread.cb   rtx_lib.o
    0x20008700        -       0x00000200   Zero   RW          858    .bss.os.thread.idle.stack  rtx_lib.o
    0x20008900        -       0x00000200   Zero   RW          859    .bss.os.thread.timer.stack  rtx_lib.o
    0x20008b00        -       0x00000001   Zero   RW          862    .bss.os_kernel_is_active.os_kernel_active  rtx_lib.o
    0x20008b01        -       0x00000001   Zero   RW           94    .bss.positionL1     lcd.o
    0x20008b02        -       0x00000002   Zero   RW           95    .bss.positionL2     lcd.o
    0x20008b04        -       0x00000004   Zero   RW          265    .bss.pot_Queue      pot.o
    0x20008b08        -       0x00000004   Zero   RW          223    .bss.pwm_Queue      pwm.o
    0x20008b0c        -       0x00000004   Zero   RW          193    .bss.t_rep          principal.o
    0x20008b10        -       0x00000004   Zero   RW          195    .bss.tempLM         principal.o
    0x20008b14        -       0x00000004   Zero   RW           49    .bss.tid_Control_Com_recepcion  com.o
    0x20008b18        -       0x00000004   Zero   RW           50    .bss.tid_Control_Com_transmision  com.o
    0x20008b1c        -       0x00000004   Zero   RW          165    .bss.tid_Control_Led  leds_n.o
    0x20008b20        -       0x00000004   Zero   RW          245    .bss.tid_Control_MP3_recepcion  mp3.o
    0x20008b24        -       0x00000004   Zero   RW          244    .bss.tid_Control_MP3_transmision  mp3.o
    0x20008b28        -       0x00000004   Zero   RW          183    .bss.tid_Control_Principal  principal.o
    0x20008b2c        -       0x00000004   Zero   RW          117    .bss.tid_Control_reloj  thclk.o
    0x20008b30        -       0x00000004   Zero   RW          290    .bss.tid_Control_sensor  sensores.o
    0x20008b34        -       0x00000004   Zero   RW          143    .bss.tid_ThJOYSTICK  thjoystick.o
    0x20008b38        -       0x00000004   Zero   RW           97    .bss.tid_ThLCD      lcd.o
    0x20008b3c        -       0x00000004   Zero   RW          225    .bss.tid_ThPWM      pwm.o
    0x20008b40        -       0x00000004   Zero   RW          267    .bss.tid_ThPot      pot.o
    0x20008b44        -       0x00000004   Zero   RW          147    .bss.tid_tim_largo  thjoystick.o
    0x20008b48        -       0x00000004   Zero   RW          146    .bss.tid_tim_rebotes  thjoystick.o
    0x20008b4c        -       0x00000004   Zero   RW          168    .bss.tim_rgb        leds_n.o
    0x20008b50        -       0x00000003   Zero   RW          191    .bss.tramas_mp3     principal.o
    0x20008b53        -       0x00000001   Zero   RW          197    .bss.volumen        principal.o
    0x20008b54   0x0800b164   0x00000004   PAD
    0x20008b58        -       0x00000200   Zero   RW         2880    HEAP                startup_stm32f429xx.o
    0x20008d58        -       0x00000400   Zero   RW         2879    STACK               startup_stm32f429xx.o


==============================================================================

Image component sizes


      Code (inc. data)   RO Data    RW Data    ZI Data      Debug   Object Name

       428          0         36          0         17       6356   com.o
      3594          4         48          0         40      16723   i2c_stm32f4xx.o
       148          8          0          0          0        768   irq_armv7m.o
      1318          0       2436          4        633      11636   lcd.o
       350          0         36          0         20       3862   leds_n.o
       410          0          0          0         24       4041   main.o
       260          0         36          0         13       6375   mp3.o
       140          0          0          0          1       4976   os_systick.o
       308          0         36          0         80       6736   pot.o
      2174        132         52          0        123       4052   principal.o
       344          0         36          0         72       7431   pwm.o
         4          0          0          0          0        696   rtx_config.o
       138          0          0          0          0       3167   rtx_delay.o
      1082          0          0          0          0      13473   rtx_evflags.o
       164          0          0          0          0      24346   rtx_evr.o
       816          0         11        164          0      15653   rtx_kernel.o
       128          0        268          0      34125       7340   rtx_lib.o
       408          0          0          0          0       2864   rtx_memory.o
       292          0          0          0          0      15170   rtx_mempool.o
      1986          0          0          0          0      18663   rtx_msgqueue.o
      1286          0          0          0          0      10157   rtx_mutex.o
       520         10          0          0          0       6566   rtx_system.o
      2826         10          0          0          0      33023   rtx_thread.o
       976          0          0          0          0      10443   rtx_timer.o
       338          0         36          0         12       5154   sensores.o
      2174         26         44          0         43      16422   spi_stm32f4xx.o
        64         26        428          0       1536        900   startup_stm32f429xx.o
       182          0          0          5          0       8018   stm32f4xx_hal.o
      1158          0          0          0          0      10929   stm32f4xx_hal_adc.o
       346          0          0          0          0      11158   stm32f4xx_hal_cortex.o
       138          0          0          0          0       9501   stm32f4xx_hal_dma.o
       732          0          0          0          0       5436   stm32f4xx_hal_gpio.o
      1358          0          0          0          0       7600   stm32f4xx_hal_rcc.o
      1134          4          0          0          0      38570   stm32f4xx_hal_tim.o
        12          0          0          0          0        764   stm32f4xx_it.o
       142          0         24          4          0       2798   system_stm32f4xx.o
       118          0         36          0          7       2780   thclk.o
       600          0          0          8         37       6194   thjoystick.o
      5344         84        264          0        112      25012   usart_stm32f4xx.o

    ----------------------------------------------------------------------
     34460        304       3860        188      36924     385753   Object Totals
         0          0         32          0          0          0   (incl. Generated)
       520          0          1          3         29          0   (incl. Padding)

    ----------------------------------------------------------------------

      Code (inc. data)   RO Data    RW Data    ZI Data      Debug   Library Member Name

         8          0          0          0          0         68   __main.o
       312          4         17          0          0         92   __printf_flags_wp.o
        14          0          0          0          0         68   __printf_wp.o
         0          0          0          0          0          0   __rtentry.o
        20          0          0          0          0          0   __rtentry2.o
         6          0          0          0          0          0   __rtentry4.o
        52          8          0          0          0          0   __scatter.o
        26          0          0          0          0          0   __scatter_copy.o
        28          0          0          0          0          0   __scatter_zi.o
        48          6          0          0          0         96   _printf_char_common.o
         6          0          0          0          0          0   _printf_d.o
       120         16          0          0          0         92   _printf_dec.o
         6          0          0          0          0          0   _printf_f.o
      1052          0          0          0          0        148   _printf_fp_dec.o
       128         16          0          0          0         84   _printf_fp_infnan.o
        88          4         40          0          0         88   _printf_hex_int.o
       178          0          0          0          0         88   _printf_intcommon.o
        78          0          0          0          0        108   _printf_pad.o
         0          0          0          0          0          0   _printf_percent.o
         4          0          0          0          0          0   _printf_percent_end.o
         6          0          0          0          0          0   _printf_x.o
        10          0          0          0          0         68   _sputc.o
        16          0          0          0          0         68   aeabi_memset4.o
       228          4        148          0          0         96   bigflt0.o
      1936        128          0          0          0        668   btod.o
        18          0          0          0          0         80   exit.o
         6          0          0          0          0        152   heapauxi.o
         0          0          0          0          0          0   indicate_semi.o
        44         10         28          0          0         76   lc_numeric_c.o
         2          0          0          0          0          0   libinit.o
        18          0          0          0          0          0   libinit2.o
         2          0          0          0          0          0   libshutdown.o
         2          0          0          0          0          0   libshutdown2.o
         8          4          0          0         96         68   libspace.o
       138          0          0          0          0         80   lludiv10.o
       240          0          0          0          0        100   lludivv7m.o
        40          6          0          0          0         84   noretval__2sprintf.o
        10          0          0          0          0         76   rt_locale_twolibspace.o
        68          0          0          0          0         68   rt_memclr.o
        78          0          0          0          0         80   rt_memclr_w.o
       138          0          0          0          0         68   rt_memcpy_v6.o
       100          0          0          0          0         80   rt_memcpy_w.o
         2          0          0          0          0          0   rtexit.o
        10          0          0          0          0          0   rtexit2.o
       124          0          0          0          0         88   strcmpv7em.o
        62          0          0          0          0         76   strlen.o
        12          4          0          0          0         68   sys_exit.o
        74          0          0          0          0         80   sys_stackheap_outer.o
         2          0          0          0          0         68   use_no_semi.o
        12          0          0          0          0         68   dretinf.o
        86          4          0          0          0         84   f2d.o
       388         76          0          0          0         96   fdiv.o
        54          4          0          0          0         84   ffix.o
        86          0          0          0          0        136   fflt_clz.o
       258          4          0          0          0         84   fmul.o
       140          4          0          0          0         84   fnaninf.o
        10          0          0          0          0         68   fretinf.o
         4          0          0          0          0         68   printf1.o
         0          0          0          0          0          0   usenofp.o
        40          0          0          0          0         68   fpclassify.o

    ----------------------------------------------------------------------
      6668        302        236          0         96       4064   Library Totals
        22          0          3          0          0          0   (incl. Padding)

    ----------------------------------------------------------------------

      Code (inc. data)   RO Data    RW Data    ZI Data      Debug   Library Name

      5568        210        233          0         96       3224   c_w.l
      1038         92          0          0          0        772   fz_ws.l
        40          0          0          0          0         68   m_ws.l

    ----------------------------------------------------------------------
      6668        302        236          0         96       4064   Library Totals

    ----------------------------------------------------------------------

==============================================================================


      Code (inc. data)   RO Data    RW Data    ZI Data      Debug   

     41128        606       4096        188      37020     386949   Grand Totals
     41128        606       4096        188      37020     386949   ELF Image Totals
     41128        606       4096        188          0          0   ROM Totals

==============================================================================

    Total RO  Size (Code + RO Data)                45224 (  44.16kB)
    Total RW  Size (RW Data + ZI Data)             37208 (  36.34kB)
    Total ROM Size (Code + RO Data + RW Data)      45412 (  44.35kB)

==============================================================================

