Component: ARM Compiler 5.06 update 7 (build 960) Tool: armlink [4d3601]

==============================================================================

Section Cross References

    main.o(.text) refers to rtx_kernel.o(.text) for osKernelGetState
    main.o(.text) refers to stm32f4xx_hal_rcc.o(.text) for HAL_RCC_OscConfig
    main.o(.text) refers to stm32f4xx_hal.o(.text) for HAL_GetREVID
    main.o(.text) refers to system_stm32f4xx.o(.text) for SystemCoreClockUpdate
    main.o(.text) refers to rtx_thread.o(.text) for osThreadNew
    main.o(.text) refers to system_stm32f4xx.o(.data) for SystemCoreClock
    main.o(.text) refers to main.o(.data) for .data
    main.o(.text) refers to http_server.o(.constdata) for app_main_attr
    main.o(.text) refers to http_server.o(.text) for app_main
    http_server.o(.text) refers to buttons_nucleo_f429zi.o(.text) for Buttons_GetState
    http_server.o(.text) refers to rtc_2.o(.text) for RTC_GetTimeString
    http_server.o(.text) refers to printf8.o(i.__0snprintf$8) for __2snprintf
    http_server.o(.text) refers to memseta.o(.text) for __aeabi_memclr4
    http_server.o(.text) refers to rtx_msgqueue.o(.text) for osMessageQueuePut
    http_server.o(.text) refers to rtx_delay.o(.text) for osDelay
    http_server.o(.text) refers to stm32f4xx_hal_gpio.o(.text) for HAL_GPIO_Init
    http_server.o(.text) refers to net_sys.o(.text.netInitialize) for netInitialize
    http_server.o(.text) refers to lcd_1.o(.text) for Init_ThLCD
    http_server.o(.text) refers to principalservidor.o(.text) for Init_ThPrincipalServidor
    http_server.o(.text) refers to rtx_thread.o(.text) for osThreadNew
    http_server.o(.text) refers to sntp.o(.text) for SNTP_Init
    http_server.o(.text) refers to http_server.o(.data) for .data
    http_server.o(.text) refers to lcd_1.o(.data) for lcd_Queue
    http_server.o(.text) refers to http_server.o(.bss) for .bss
    http_server.o(.constdata) refers to http_server.o(.bss) for app_main_stk
    http_server_cgi.o(.text) refers to _scanf_int.o(.text) for _scanf_int
    http_server_cgi.o(.text) refers to net_http_server.o(.text.netCGI_GetEnvVar) for netCGI_GetEnvVar
    http_server_cgi.o(.text) refers to net_addr.o(.text.netIP_aton) for netIP_aton
    http_server_cgi.o(.text) refers to net_sys.o(.text.netIF_SetOption) for netIF_SetOption
    http_server_cgi.o(.text) refers to __0sscanf.o(.text) for __0sscanf
    http_server_cgi.o(.text) refers to principalservidor.o(.text) for PrincipalServidor_SetAuto
    http_server_cgi.o(.text) refers to stm32f4xx_hal_gpio.o(.text) for HAL_GPIO_WritePin
    http_server_cgi.o(.text) refers to strcmp.o(.text) for strcmp
    http_server_cgi.o(.text) refers to strncmp.o(.text) for strncmp
    http_server_cgi.o(.text) refers to led_nucleo_f429zi.o(.text) for LED_SetOut
    http_server_cgi.o(.text) refers to net_http_server.o(.text.netHTTPs_LoginActive) for netHTTPs_LoginActive
    http_server_cgi.o(.text) refers to strcpy.o(.text) for strcpy
    http_server_cgi.o(.text) refers to net_http_server.o(.text.netHTTPs_SetPassword) for netHTTPs_SetPassword
    http_server_cgi.o(.text) refers to http_server_cgi.o(.bss) for .bss
    http_server_cgi.o(.text) refers to http_server_cgi.o(.data) for .data
    http_server_cgi.o(.text) refers to rtc_2.o(.text) for RTC_GetTimeString
    http_server_cgi.o(.text) refers to printf8.o(i.__0sprintf$8) for __2sprintf
    http_server_cgi.o(.text) refers to printf8.o(i.__0snprintf$8) for __2snprintf
    http_server_cgi.o(.text) refers to net_sys.o(.text.netIF_GetOption) for netIF_GetOption
    http_server_cgi.o(.text) refers to net_addr.o(.text.netIP_ntoa) for netIP_ntoa
    http_server_cgi.o(.text) refers to net_tcp.o(.text.netTCP_GetState) for netTCP_GetState
    http_server_cgi.o(.text) refers to net_tcp.o(.text.netTCP_GetPeer) for netTCP_GetPeer
    http_server_cgi.o(.text) refers to net_tcp.o(.text.netTCP_GetTimer) for netTCP_GetTimer
    http_server_cgi.o(.text) refers to net_tcp.o(.text.netTCP_GetLocalPort) for netTCP_GetLocalPort
    http_server_cgi.o(.text) refers to net_http_server.o(.text.netHTTPs_GetPassword) for netHTTPs_GetPassword
    http_server_cgi.o(.text) refers to net_http_server.o(.text.netHTTPs_GetLanguage) for netHTTPs_GetLanguage
    http_server_cgi.o(.text) refers to http_server.o(.text) for get_button
    http_server_cgi.o(.text) refers to http_server_cgi.o(.conststring) for .conststring
    http_server_cgi.o(.text) refers to http_server.o(.data) for lcd_text
    web.o(.text) refers to web.o(.constdata) for .constdata
    web.o(.constdata) refers to web.o(.constdata) for imageFileData
    lcd_1.o(.text) refers to stm32f4xx_hal_gpio.o(.text) for HAL_GPIO_WritePin
    lcd_1.o(.text) refers to rtx_evflags.o(.text) for osEventFlagsWait
    lcd_1.o(.text) refers to strlen.o(.text) for strlen
    lcd_1.o(.text) refers to stm32f4xx_hal_tim.o(.text) for HAL_TIM_Base_Init
    lcd_1.o(.text) refers to rtx_msgqueue.o(.text) for osMessageQueueGet
[...]
    __0snprintf$8                            0x0801bae1   Thumb Code    48  printf8.o(i.__0snprintf$8)
    __1snprintf$8                            0x0801bae1   Thumb Code     0  printf8.o(i.__0snprintf$8)
    __2snprintf                              0x0801bae1   Thumb Code     0  printf8.o(i.__0snprintf$8)
    __0sprintf$8                             0x0801bb15   Thumb Code    34  printf8.o(i.__0sprintf$8)
    __1sprintf$8                             0x0801bb15   Thumb Code     0  printf8.o(i.__0sprintf$8)
    __2sprintf                               0x0801bb15   Thumb Code     0  printf8.o(i.__0sprintf$8)
    __scatterload_copy                       0x0801bb3d   Thumb Code    14  handlers.o(i.__scatterload_copy)
    __scatterload_null                       0x0801bb4b   Thumb Code     2  handlers.o(i.__scatterload_null)
    __scatterload_zeroinit                   0x0801bb4d   Thumb Code    14  handlers.o(i.__scatterload_zeroinit)
    app_main_attr                            0x0801bfd4   Data          36  http_server.o(.constdata)
    imageLastModified                        0x0801bff8   Data           4  web.o(.constdata)
    Arial12x12                               0x08023ad8   Data        2400  lcd_1.o(.constdata)
    osRtxUserSVC                             0x08024548   Data           4  rtx_lib.o(.constdata)
    Driver_ETH_PHY0                          0x08024550   Data          32  phy_lan8742a.o(.constdata)
    Driver_ETH_MAC0                          0x080245c0   Data          68  emac_stm32f4xx.o(.constdata)
    Driver_I2C1                              0x0802463c   Data          48  i2c_stm32f4xx.o(.constdata)
    Driver_SPI1                              0x080246c0   Data          44  spi_stm32f4xx.o(.constdata)
    Driver_USART3                            0x0802473c   Data          56  usart_stm32f4xx.o(.constdata)
    EventRecorderInfo                        0x08024774   Data          24  eventrecorder.o(.constdata)
    AHBPrescTable                            0x08024794   Data          16  system_stm32f4xx.o(.constdata)
    APBPrescTable                            0x080247a4   Data           8  system_stm32f4xx.o(.constdata)
    net_sys_config                           0x08024854   Data          28  net_config.o(.constdata)
    net_eth0_if_config                       0x080248c8   Data          44  net_config.o(.constdata)
    net_eth_list                             0x080248f4   Data           8  net_config.o(.constdata)
    net_if_list_lan                          0x080248fc   Data           8  net_config.o(.constdata)
    net_if_list_all                          0x08024904   Data           8  net_config.o(.constdata)
    net_if_inet_def                          0x0802490c   Data           8  net_config.o(.constdata)
    net_if_link_def                          0x08024914   Data           8  net_config.o(.constdata)
    net_arp_list                             0x0802491c   Data           8  net_config.o(.constdata)
    net_icmp_list                            0x08024924   Data           8  net_config.o(.constdata)
    net_igmp_list                            0x0802492c   Data           8  net_config.o(.constdata)
    net_icmp6_list                           0x08024934   Data           4  net_config.o(.constdata)
    net_ip4_frag_config                      0x08024938   Data           8  net_config.o(.constdata)
    net_nbns_config                          0x08024940   Data           8  net_config.o(.constdata)
    net_udp_config                           0x08024948   Data          12  net_config.o(.constdata)
    net_tcp_config                           0x08024954   Data          24  net_config.o(.constdata)
    net_http_config                          0x0802496c   Data          52  net_config.o(.constdata)
    net_dns_config                           0x080249a0   Data           8  net_config.o(.constdata)
    net_sntp_config                          0x080249a8   Data           8  net_config.o(.constdata)
    netif_getopt_func                        0x08024a14   Data          16  net_config.o(.constdata)
    netif_setopt_func                        0x08024a24   Data          16  net_config.o(.constdata)
    __ctype_categories                       0x08024a40   Data          64  ctype_c.o(.constdata)
    osRtxConfig                              0x08024c6c   Data         112  rtx_lib.o(.rodata)
    os_cb_sections                           0x08024cdc   Data          56  rtx_lib.o(.rodata)
    net_addr4_loopback                       0x08024e5c   Data           4  net_ip4.o(.rodata.net_addr4_loopback)
    net_addr6_all_nodes                      0x08024e60   Data          16  net_ip6.o(.rodata.net_addr6_all_nodes)
    net_addr6_loopback                       0x08024e70   Data          16  net_ip6.o(.rodata.net_addr6_loopback)
    net_addr_bcast                           0x08024e80   Data           6  net_addr.o(.rodata.net_addr_bcast)
    net_addr_unspec                          0x08024e86   Data          16  net_addr.o(.rodata.net_addr_unspec)
    net_http_auth_basic_func                 0x08024ee8   Data          24  net_http_server_auth.o(.rodata.net_http_auth_basic_func)
    net_http_error                           0x08024f00   Data          24  net_http_server_err.o(.rodata.net_http_error)
    net_lib_version                          0x08024f18   Data           4  net_version.o(.rodata.net_lib_version)
    network_ip4ip6_debug_v7.18.0             0x08024f18   Data           4  net_version.o(.rodata.net_lib_version)
    net_loop_if_config                       0x08024f1c   Data          44  net_loopback.o(.rodata.net_loop_if_config)
    net_ping_payload                         0x08024f48   Data          18  net_ping_core.o(.rodata.net_ping_payload)
    Region$$Table$$Base                      0x08025300   Number         0  anon$$obj.o(Region$$Table)
    Region$$Table$$Limit                     0x08025330   Number         0  anon$$obj.o(Region$$Table)
    .bss.os.msgqueue.cb$$Base                0x20008044   Number         0  rtx_lib.o(.bss.os.msgqueue.cb)
    .bss.os.msgqueue.cb$$Limit               0x20008078   Number         0  rtx_lib.o(.bss.os.msgqueue.cb)
    .bss.os.mutex.cb$$Base                   0x200080c8   Number         0  net_config.o(.bss.os.mutex.cb)
    .bss.os.mutex.cb$$Limit                  0x20008100   Number         0  net_config.o(.bss.os.mutex.cb)
    .bss.os.semaphore.cb$$Base               0x20008100   Number         0  net_config.o(.bss.os.semaphore.cb)
    .bss.os.semaphore.cb$$Limit              0x20008110   Number         0  net_config.o(.bss.os.semaphore.cb)
    .bss.os.thread.cb$$Base                  0x20008110   Number         0  rtx_lib.o(.bss.os.thread.cb)
    .bss.os.thread.cb$$Limit                 0x20008220   Number         0  net_config.o(.bss.os.thread.cb)
    .bss.os.timer.cb$$Base                   0x20008620   Number         0  net_config.o(.bss.os.timer.cb)
    .bss.os.timer.cb$$Limit                  0x20008640   Number         0  net_config.o(.bss.os.timer.cb)
    tid_rtc_lcd                              0x20008644   Data           4  http_server.o(.data)
    lcd_text                                 0x20008648   Data          42  http_server.o(.data)
    positionL1                               0x20008674   Data           1  lcd_1.o(.data)
    positionL2                               0x20008676   Data           2  lcd_1.o(.data)
    SPIdrv                                   0x20008678   Data           4  lcd_1.o(.data)
    tid_ThLCD                                0x2000867c   Data           4  lcd_1.o(.data)
    lcd_Queue                                0x20008680   Data           4  lcd_1.o(.data)
    busyEventFlag                            0x20008684   Data           4  lcd_1.o(.data)
    tid_sntp                                 0x20008688   Data           4  sntp.o(.data)
    Data_to_client                           0x2000868d   Data           2  com.o(.data)
    tid_Control_Com_recepcion                0x20008694   Data           4  com.o(.data)
    tid_Control_Com_transmision              0x20008698   Data           4  com.o(.data)
    cola_entrada                             0x2000869c   Data           4  com.o(.data)
    cola_salida                              0x200086a0   Data           4  com.o(.data)
    ack                                      0x200086a4   Data           4  com.o(.data)
    Data_to_server                           0x200086a8   Data           6  com.o(.data)
    tid_Control_EEPROM                       0x200086b4   Data           4  mem.o(.data)
    EEPROM_Queue_R                           0x200086b8   Data           4  mem.o(.data)
    EEPROM_Queue_S                           0x200086bc   Data           4  mem.o(.data)
    tid_ThPrincipalServidor                  0x200086c8   Data           4  principalservidor.o(.data)
    uwTickFreq                               0x200086e0   Data           1  stm32f4xx_hal.o(.data)
    uwTickPrio                               0x200086e4   Data           4  stm32f4xx_hal.o(.data)
    uwTick                                   0x200086e8   Data           4  stm32f4xx_hal.o(.data)
    SystemCoreClock                          0x200086ec   Data           4  system_stm32f4xx.o(.data)
    osRtxInfo                                0x20008700   Data         164  rtx_kernel.o(.data.os)
    app_main_stk                             0x200087d0   Data        1024  http_server.o(.bss)
    msg_rec                                  0x20008c1c   Data          22  lcd_1.o(.bss)
    htim7                                    0x20008c34   Data          64  lcd_1.o(.bss)
    buffer                                   0x20008c74   Data         512  lcd_1.o(.bss)
    net_http_control                         0x2000f210   Data          20  net_http_server.o(.bss..L_MergedGlobals)
    net_sys_control                          0x2000f264   Data          28  net_sys.o(.bss..L_MergedGlobals)
    net_dbg_buf                              0x2000f308   Data          36  net_sys.o(.bss.net_dbg_buf)
    net_eth0_arp_control                     0x2000f32c   Data          24  net_arp.o(.bss.net_eth0_arp_control)
    net_eth0_icmp_control                    0x2000f344   Data           1  net_icmp.o(.bss.net_eth0_icmp_control)
    net_eth0_if_control                      0x2000f348   Data         160  net_eth.o(.bss.net_eth0_if_control)
    net_eth0_igmp_control                    0x2000f3e8   Data           4  net_igmp.o(.bss.net_eth0_igmp_control)
    net_ping_control                         0x2000f3f0   Data          44  net_ping_core.o(.bss.net_ping_control)
    net_sntp_control                         0x2000f41c   Data          44  net_sntp_client_core.o(.bss.net_sntp_control)
    __initial_sp                             0x2000f870   Data           0  startup_stm32f429xx.o(STACK)



==============================================================================

Memory Map of the image

  Image Entry point : 0x080001ad

  Load Region LR_IROM1 (Base: 0x08000000, Size: 0x0002dad4, Max: 0x00200000, ABSOLUTE, COMPRESSED[0x0002547c])

    Execution Region ER_IROM1 (Exec base: 0x08000000, Load base: 0x08000000, Size: 0x00025330, Max: 0x00200000, ABSOLUTE)

    Exec Addr    Load Addr    Size         Type   Attr      Idx    E Section Name        Object

    0x08000000   0x08000000   0x000001ac   Data   RO         1877    RESET               startup_stm32f429xx.o
    0x080001ac   0x080001ac   0x00000000   Code   RO         3324  * .ARM.Collect$$$$00000000  mc_w.l(entry.o)
    0x080001ac   0x080001ac   0x00000004   Code   RO         3620    .ARM.Collect$$$$00000001  mc_w.l(entry2.o)
    0x080001b0   0x080001b0   0x00000004   Code   RO         3623    .ARM.Collect$$$$00000004  mc_w.l(entry5.o)
    0x080001b4   0x080001b4   0x00000000   Code   RO         3625    .ARM.Collect$$$$00000008  mc_w.l(entry7b.o)
    0x080001b4   0x080001b4   0x00000000   Code   RO         3627    .ARM.Collect$$$$0000000A  mc_w.l(entry8b.o)
    0x080001b4   0x080001b4   0x00000008   Code   RO         3628    .ARM.Collect$$$$0000000B  mc_w.l(entry9a.o)
    0x080001bc   0x080001bc   0x00000004   Code   RO         3635    .ARM.Collect$$$$0000000E  mc_w.l(entry12b.o)
    0x080001c0   0x080001c0   0x00000000   Code   RO         3630    .ARM.Collect$$$$0000000F  mc_w.l(entry10a.o)
    0x080001c0   0x080001c0   0x00000000   Code   RO         3632    .ARM.Collect$$$$00000011  mc_w.l(entry11a.o)
    0x080001c0   0x080001c0   0x00000004   Code   RO         3621    .ARM.Collect$$$$00002712  mc_w.l(entry2.o)
    0x080001c4   0x080001c4   0x00000148   Code   RO          622    .emb_text           rtx_evflags.o
    0x0800030c   0x0800030c   0x00000148   Code   RO          805    .emb_text           rtx_mempool.o
    0x08000454   0x08000454   0x00000148   Code   RO          836    .emb_text           rtx_msgqueue.o
    0x0800059c   0x0800059c   0x00000148   Code   RO          901    .emb_text           rtx_semaphore.o
    0x080006e4   0x080006e4   0x00000148   Code   RO          932    .emb_text           rtx_system.o
    0x0800082c   0x0800082c   0x00000148   Code   RO          966    .emb_text           rtx_thread.o
    0x08000974   0x08000974   0x00000074   Code   RO         1254    .emb_text           eventrecorder.o
    0x080009e8   0x080009e8   0x00000110   Code   RO            4    .text               main.o
    0x08000af8   0x08000af8   0x00000214   Code   RO          178    .text               http_server.o
    0x08000d0c   0x08000d0c   0x000009b0   Code   RO          242    .text               http_server_cgi.o
    0x080016bc   0x080016bc   0x00000078   Code   RO          289    .text               web.o
    0x08001734   0x08001734   0x00000456   Code   RO          309    .text               lcd_1.o
    0x08001b8a   0x08001b8a   0x00000002   PAD
    0x08001b8c   0x08001b8c   0x0000023c   Code   RO          342    .text               rtc_2.o
    0x08001dc8   0x08001dc8   0x00000108   Code   RO          368    .text               sntp.o
    0x08001ed0   0x08001ed0   0x000001a0   Code   RO          401    .text               com.o
    0x08002070   0x08002070   0x00000198   Code   RO          433    .text               mem.o
    0x08002208   0x08002208   0x00000408   Code   RO          459    .text               principalservidor.o
    0x08002610   0x08002610   0x000000a4   Code   RO          497    .text               buttons_nucleo_f429zi.o
    0x080026b4   0x080026b4   0x000000ec   Code   RO          523    .text               led_nucleo_f429zi.o
    0x080027a0   0x080027a0   0x00000094   Code   RO          547    .text               irq_armv7m.o
    0x08002834   0x08002834   0x00000104   Code   RO          555    .text               rtx_delay.o
    0x08002938   0x08002938   0x00000508   Code   RO          623    .text               rtx_evflags.o
    0x08002e40   0x08002e40   0x00000958   Code   RO          653    .text               rtx_evr.o
    0x08003798   0x08003798   0x000006cc   Code   RO          678    .text               rtx_kernel.o
    0x08003e64   0x08003e64   0x00000018   Code   RO          726    .text               rtx_lib.o
    0x08003e7c   0x08003e7c   0x00000124   Code   RO          775    .text               rtx_memory.o
    0x08003fa0   0x08003fa0   0x00000678   Code   RO          806    .text               rtx_mempool.o
    0x08004618   0x08004618   0x000009bc   Code   RO          837    .text               rtx_msgqueue.o
    0x08004fd4   0x08004fd4   0x00000558   Code   RO          871    .text               rtx_mutex.o
    0x0800552c   0x0800552c   0x00000450   Code   RO          902    .text               rtx_semaphore.o
    0x0800597c   0x0800597c   0x00000154   Code   RO          933    .text               rtx_system.o
    0x08005ad0   0x08005ad0   0x000011d4   Code   RO          967    .text               rtx_thread.o
    0x08006ca4   0x08006ca4   0x00000480   Code   RO         1001    .text               rtx_timer.o
    0x08007124   0x08007124   0x000000c4   Code   RO         1031    .text               os_systick.o
    0x080071e8   0x080071e8   0x00000004   Code   RO         1057    .text               rtx_config.o
    0x080071ec   0x080071ec   0x000001ac   Code   RO         1078    .text               phy_lan8742a.o
    0x08007398   0x08007398   0x000009e8   Code   RO         1106    .text               emac_stm32f4xx.o
    0x08007d80   0x08007d80   0x00001254   Code   RO         1148    .text               i2c_stm32f4xx.o
    0x08008fd4   0x08008fd4   0x00000c5c   Code   RO         1180    .text               spi_stm32f4xx.o
    0x08009c30   0x08009c30   0x000011a8   Code   RO         1219    .text               usart_stm32f4xx.o
    0x0800add8   0x0800add8   0x00000538   Code   RO         1255    .text               eventrecorder.o
    0x0800b310   0x0800b310   0x000001c8   Code   RO         1318    .text               stm32f4xx_hal.o
    0x0800b4d8   0x0800b4d8   0x00000298   Code   RO         1396    .text               stm32f4xx_hal_cortex.o
    0x0800b770   0x0800b770   0x00000718   Code   RO         1424    .text               stm32f4xx_hal_dma.o
    0x0800be88   0x0800be88   0x00000364   Code   RO         1473    .text               stm32f4xx_hal_gpio.o
    0x0800c1ec   0x0800c1ec   0x00000178   Code   RO         1545    .text               stm32f4xx_hal_pwr.o
    0x0800c364   0x0800c364   0x00000760   Code   RO         1593    .text               stm32f4xx_hal_rcc.o
    0x0800cac4   0x0800cac4   0x000005e4   Code   RO         1617    .text               stm32f4xx_hal_rcc_ex.o
    0x0800d0a8   0x0800d0a8   0x00000970   Code   RO         1641    .text               stm32f4xx_hal_rtc.o
    0x0800da18   0x0800da18   0x00000b0c   Code   RO         1665    .text               stm32f4xx_hal_rtc_ex.o
    0x0800e524   0x0800e524   0x000023d2   Code   RO         1737    .text               stm32f4xx_hal_tim.o
    0x080108f6   0x080108f6   0x00000002   PAD
    0x080108f8   0x080108f8   0x00000bb0   Code   RO         1761    .text               stm32f4xx_hal_tim_ex.o
    0x080114a8   0x080114a8   0x00000024   Code   RO         1878    .text               startup_stm32f429xx.o
    0x080114cc   0x080114cc   0x00000094   Code   RO         1885    .text               system_stm32f4xx.o
    0x08011560   0x08011560   0x00000168   Code   RO         1914    .text               net_config.o
    0x080116c8   0x080116c8   0x0000012a   Code   RO         2019    .text               net_debug.o
    0x080117f2   0x080117f2   0x00000062   Code   RO         3333    .text               mc_w.l(uldiv.o)
    0x08011854   0x08011854   0x00000094   Code   RO         3335    .text               mc_w.l(localtime.o)
    0x080118e8   0x080118e8   0x00000024   Code   RO         3339    .text               mc_w.l(memcpya.o)
    0x0801190c   0x0801190c   0x00000024   Code   RO         3341    .text               mc_w.l(memseta.o)
    0x08011930   0x08011930   0x0000000e   Code   RO         3343    .text               mc_w.l(strlen.o)
    0x0801193e   0x0801193e   0x0000001c   Code   RO         3345    .text               mc_w.l(strcmp.o)
    0x0801195a   0x0801195a   0x0000001a   Code   RO         3347    .text               mc_w.l(memcmp.o)
    0x08011974   0x08011974   0x00000012   Code   RO         3349    .text               mc_w.l(strcpy.o)
    0x08011986   0x08011986   0x0000001e   Code   RO         3351    .text               mc_w.l(strncmp.o)
    0x080119a4   0x080119a4   0x00000038   Code   RO         3616    .text               mc_w.l(__0sscanf.o)
    0x080119dc   0x080119dc   0x0000014c   Code   RO         3618    .text               mc_w.l(_scanf_int.o)
    0x08011b28   0x08011b28   0x0000001e   Code   RO         3638    .text               mc_w.l(llshl.o)
    0x08011b46   0x08011b46   0x00000020   Code   RO         3640    .text               mc_w.l(llushr.o)
    0x08011b66   0x08011b66   0x0000001c   Code   RO         3642    .text               mc_w.l(_chval.o)
    0x08011b82   0x08011b82   0x00000002   PAD
    0x08011b84   0x08011b84   0x00000028   Code   RO         3644    .text               mc_w.l(scanf_char.o)
    0x08011bac   0x08011bac   0x00000040   Code   RO         3646    .text               mc_w.l(_sgetc.o)
    0x08011bec   0x08011bec   0x00000024   Code   RO         3659    .text               mc_w.l(init.o)
    0x08011c10   0x08011c10   0x0000000a   Code   RO         3663    .text               mc_w.l(isspace_c.o)
    0x08011c1a   0x08011c1a   0x00000002   PAD
    0x08011c1c   0x08011c1c   0x00000330   Code   RO         3665    .text               mc_w.l(_scanf.o)
    0x08011f4c   0x08011f4c   0x00000028   Code   RO         3669    .text               mc_w.l(ctype_c.o)
    0x08011f74   0x08011f74   0x00000056   Code   RO         3679    .text               mc_w.l(__dczerorl2.o)
    0x08011fca   0x08011fca   0x0000000e   Code   RO         2088    .text.OUTLINED_FUNCTION_0  Net_Dbg_CM3_L.lib(net_eth.o)
    0x08011fd8   0x08011fd8   0x00000008   Code   RO         2215    .text.OUTLINED_FUNCTION_0  Net_Dbg_CM3_L.lib(net_igmp.o)
    0x08011fe0   0x08011fe0   0x0000000a   Code   RO         2239    .text.OUTLINED_FUNCTION_0  Net_Dbg_CM3_L.lib(net_loopback.o)
    0x08011fea   0x08011fea   0x00000006   Code   RO         2263    .text.OUTLINED_FUNCTION_0  Net_Dbg_CM3_L.lib(net_ip4_frag.o)
    0x08011ff0   0x08011ff0   0x00000006   Code   RO         2348    .text.OUTLINED_FUNCTION_0  Net_Dbg_CM3_L.lib(net_udp.o)
    0x08011ff6   0x08011ff6   0x00000006   Code   RO         2474    .text.OUTLINED_FUNCTION_0  Net_Dbg_CM3_L.lib(net_tcp.o)
    0x08011ffc   0x08011ffc   0x00000006   Code   RO         2553    .text.OUTLINED_FUNCTION_0  Net_Dbg_CM3_L.lib(net_nbns_client.o)
    0x08012002   0x08012002   0x00000008   Code   RO         2592    .text.OUTLINED_FUNCTION_0  Net_Dbg_CM3_L.lib(net_dns_client.o)
    0x0801200a   0x0801200a   0x00000008   Code   RO         2711    .text.OUTLINED_FUNCTION_0  Net_Dbg_CM3_L.lib(net_http_server.o)
    0x08012012   0x08012012   0x00000008   Code   RO         2795    .text.OUTLINED_FUNCTION_0  Net_Dbg_CM3_L.lib(net_sntp_client.o)
    0x0801201a   0x0801201a   0x00000006   Code   RO         2823    .text.OUTLINED_FUNCTION_0  Net_Dbg_CM3_L.lib(net_sntp_client_core.o)
    0x08012020   0x08012020   0x00000008   Code   RO         2904    .text.OUTLINED_FUNCTION_0  Net_Dbg_CM3_L.lib(net_sys.o)
    0x08012028   0x08012028   0x0000000c   Code   RO         2982    .text.OUTLINED_FUNCTION_0  Net_Dbg_CM3_L.lib(net_addr.o)
    0x08012034   0x08012034   0x00000006   Code   RO         3047    .text.OUTLINED_FUNCTION_0  Net_Dbg_CM3_L.lib(net_ndp.o)
    0x0801203a   0x0801203a   0x00000006   Code   RO         3151    .text.OUTLINED_FUNCTION_0  Net_Dbg_CM3_L.lib(net_ip6.o)
    0x08012040   0x08012040   0x00000006   Code   RO         2090    .text.OUTLINED_FUNCTION_1  Net_Dbg_CM3_L.lib(net_eth.o)
    0x08012046   0x08012046   0x0000000a   Code   RO         2265    .text.OUTLINED_FUNCTION_1  Net_Dbg_CM3_L.lib(net_ip4_frag.o)
    0x08012050   0x08012050   0x00000006   Code   RO         2350    .text.OUTLINED_FUNCTION_1  Net_Dbg_CM3_L.lib(net_udp.o)
    0x08012056   0x08012056   0x0000000a   Code   RO         2476    .text.OUTLINED_FUNCTION_1  Net_Dbg_CM3_L.lib(net_tcp.o)
    0x08012060   0x08012060   0x0000000e   Code   RO         2555    .text.OUTLINED_FUNCTION_1  Net_Dbg_CM3_L.lib(net_nbns_client.o)
    0x0801206e   0x0801206e   0x00000008   Code   RO         2713    .text.OUTLINED_FUNCTION_1  Net_Dbg_CM3_L.lib(net_http_server.o)
    0x08012076   0x08012076   0x0000000a   Code   RO         2825    .text.OUTLINED_FUNCTION_1  Net_Dbg_CM3_L.lib(net_sntp_client_core.o)
    0x08012080   0x08012080   0x0000000e   Code   RO         2984    .text.OUTLINED_FUNCTION_1  Net_Dbg_CM3_L.lib(net_addr.o)
    0x0801208e   0x0801208e   0x00000006   Code   RO         3049    .text.OUTLINED_FUNCTION_1  Net_Dbg_CM3_L.lib(net_ndp.o)
    0x08012094   0x08012094   0x0000000a   Code   RO         2108    .text.OUTLINED_FUNCTION_10  Net_Dbg_CM3_L.lib(net_eth.o)
    0x0801209e   0x0801209e   0x0000000c   Code   RO         2494    .text.OUTLINED_FUNCTION_10  Net_Dbg_CM3_L.lib(net_tcp.o)
    0x080120aa   0x080120aa   0x00000006   Code   RO         2731    .text.OUTLINED_FUNCTION_10  Net_Dbg_CM3_L.lib(net_http_server.o)
    0x080120b0   0x080120b0   0x0000000a   Code   RO         3067    .text.OUTLINED_FUNCTION_10  Net_Dbg_CM3_L.lib(net_ndp.o)
    0x080120ba   0x080120ba   0x00000006   Code   RO         2496    .text.OUTLINED_FUNCTION_11  Net_Dbg_CM3_L.lib(net_tcp.o)
    0x080120c0   0x080120c0   0x00000006   Code   RO         3069    .text.OUTLINED_FUNCTION_11  Net_Dbg_CM3_L.lib(net_ndp.o)
    0x080120c6   0x080120c6   0x00000012   Code   RO         2498    .text.OUTLINED_FUNCTION_12  Net_Dbg_CM3_L.lib(net_tcp.o)
    0x080120d8   0x080120d8   0x0000000c   Code   RO         2500    .text.OUTLINED_FUNCTION_13  Net_Dbg_CM3_L.lib(net_tcp.o)
    0x080120e4   0x080120e4   0x0000000e   Code   RO         2502    .text.OUTLINED_FUNCTION_14  Net_Dbg_CM3_L.lib(net_tcp.o)
    0x080120f2   0x080120f2   0x0000000c   Code   RO         2504    .text.OUTLINED_FUNCTION_15  Net_Dbg_CM3_L.lib(net_tcp.o)
    0x080120fe   0x080120fe   0x0000000a   Code   RO         2508    .text.OUTLINED_FUNCTION_17  Net_Dbg_CM3_L.lib(net_tcp.o)
    0x08012108   0x08012108   0x00000008   Code   RO         2510    .text.OUTLINED_FUNCTION_18  Net_Dbg_CM3_L.lib(net_tcp.o)
    0x08012110   0x08012110   0x0000000e   Code   RO         2512    .text.OUTLINED_FUNCTION_19  Net_Dbg_CM3_L.lib(net_tcp.o)
    0x0801211e   0x0801211e   0x00000006   Code   RO         2092    .text.OUTLINED_FUNCTION_2  Net_Dbg_CM3_L.lib(net_eth.o)
    0x08012124   0x08012124   0x00000012   Code   RO         2352    .text.OUTLINED_FUNCTION_2  Net_Dbg_CM3_L.lib(net_udp.o)
    0x08012136   0x08012136   0x00000006   Code   RO         2478    .text.OUTLINED_FUNCTION_2  Net_Dbg_CM3_L.lib(net_tcp.o)
    0x0801213c   0x0801213c   0x0000000a   Code   RO         2715    .text.OUTLINED_FUNCTION_2  Net_Dbg_CM3_L.lib(net_http_server.o)
    0x08012146   0x08012146   0x00000006   Code   RO         2827    .text.OUTLINED_FUNCTION_2  Net_Dbg_CM3_L.lib(net_sntp_client_core.o)
    0x0801214c   0x0801214c   0x00000008   Code   RO         3051    .text.OUTLINED_FUNCTION_2  Net_Dbg_CM3_L.lib(net_ndp.o)
    0x08012154   0x08012154   0x0000000e   Code   RO         2514    .text.OUTLINED_FUNCTION_20  Net_Dbg_CM3_L.lib(net_tcp.o)
    0x08012162   0x08012162   0x0000000a   Code   RO         2516    .text.OUTLINED_FUNCTION_21  Net_Dbg_CM3_L.lib(net_tcp.o)
    0x0801216c   0x0801216c   0x0000000a   Code   RO         2518    .text.OUTLINED_FUNCTION_22  Net_Dbg_CM3_L.lib(net_tcp.o)
    0x08012176   0x08012176   0x00000006   Code   RO         2094    .text.OUTLINED_FUNCTION_3  Net_Dbg_CM3_L.lib(net_eth.o)
    0x0801217c   0x0801217c   0x00000008   Code   RO         2178    .text.OUTLINED_FUNCTION_3  Net_Dbg_CM3_L.lib(net_arp.o)
    0x08012184   0x08012184   0x0000000c   Code   RO         2480    .text.OUTLINED_FUNCTION_3  Net_Dbg_CM3_L.lib(net_tcp.o)
    0x08012190   0x08012190   0x00000006   Code   RO         2717    .text.OUTLINED_FUNCTION_3  Net_Dbg_CM3_L.lib(net_http_server.o)
    0x08012196   0x08012196   0x0000000a   Code   RO         2829    .text.OUTLINED_FUNCTION_3  Net_Dbg_CM3_L.lib(net_sntp_client_core.o)
    0x080121a0   0x080121a0   0x00000008   Code   RO         3053    .text.OUTLINED_FUNCTION_3  Net_Dbg_CM3_L.lib(net_ndp.o)
    0x080121a8   0x080121a8   0x0000000e   Code   RO         2096    .text.OUTLINED_FUNCTION_4  Net_Dbg_CM3_L.lib(net_eth.o)
    0x080121b6   0x080121b6   0x0000000e   Code   RO         2180    .text.OUTLINED_FUNCTION_4  Net_Dbg_CM3_L.lib(net_arp.o)
    0x080121c4   0x080121c4   0x00000006   Code   RO         2482    .text.OUTLINED_FUNCTION_4  Net_Dbg_CM3_L.lib(net_tcp.o)
    0x080121ca   0x080121ca   0x00000006   Code   RO         2719    .text.OUTLINED_FUNCTION_4  Net_Dbg_CM3_L.lib(net_http_server.o)
    0x080121d0   0x080121d0   0x0000000a   Code   RO         2098    .text.OUTLINED_FUNCTION_5  Net_Dbg_CM3_L.lib(net_eth.o)
    0x080121da   0x080121da   0x0000000e   Code   RO         2484    .text.OUTLINED_FUNCTION_5  Net_Dbg_CM3_L.lib(net_tcp.o)
    0x080121e8   0x080121e8   0x00000008   Code   RO         2721    .text.OUTLINED_FUNCTION_5  Net_Dbg_CM3_L.lib(net_http_server.o)
    0x080121f0   0x080121f0   0x0000000e   Code   RO         3057    .text.OUTLINED_FUNCTION_5  Net_Dbg_CM3_L.lib(net_ndp.o)
    0x080121fe   0x080121fe   0x00000006   Code   RO         2100    .text.OUTLINED_FUNCTION_6  Net_Dbg_CM3_L.lib(net_eth.o)
    0x08012204   0x08012204   0x0000000a   Code   RO         2486    .text.OUTLINED_FUNCTION_6  Net_Dbg_CM3_L.lib(net_tcp.o)
    0x0801220e   0x0801220e   0x00000008   Code   RO         2723    .text.OUTLINED_FUNCTION_6  Net_Dbg_CM3_L.lib(net_http_server.o)
    0x08012216   0x08012216   0x00000006   Code   RO         3059    .text.OUTLINED_FUNCTION_6  Net_Dbg_CM3_L.lib(net_ndp.o)
    0x0801221c   0x0801221c   0x00000008   Code   RO         2102    .text.OUTLINED_FUNCTION_7  Net_Dbg_CM3_L.lib(net_eth.o)
    0x08012224   0x08012224   0x00000014   Code   RO         2488    .text.OUTLINED_FUNCTION_7  Net_Dbg_CM3_L.lib(net_tcp.o)
    0x08012238   0x08012238   0x0000000c   Code   RO         2725    .text.OUTLINED_FUNCTION_7  Net_Dbg_CM3_L.lib(net_http_server.o)
    0x08012244   0x08012244   0x0000000e   Code   RO         3061    .text.OUTLINED_FUNCTION_7  Net_Dbg_CM3_L.lib(net_ndp.o)
    0x08012252   0x08012252   0x00000008   Code   RO         2104    .text.OUTLINED_FUNCTION_8  Net_Dbg_CM3_L.lib(net_eth.o)
    0x0801225a   0x0801225a   0x00000010   Code   RO         2490    .text.OUTLINED_FUNCTION_8  Net_Dbg_CM3_L.lib(net_tcp.o)
    0x0801226a   0x0801226a   0x00000006   Code   RO         2727    .text.OUTLINED_FUNCTION_8  Net_Dbg_CM3_L.lib(net_http_server.o)
    0x08012270   0x08012270   0x0000000a   Code   RO         3063    .text.OUTLINED_FUNCTION_8  Net_Dbg_CM3_L.lib(net_ndp.o)
    0x0801227a   0x0801227a   0x0000000a   Code   RO         2106    .text.OUTLINED_FUNCTION_9  Net_Dbg_CM3_L.lib(net_eth.o)
    0x08012284   0x08012284   0x0000000a   Code   RO         2492    .text.OUTLINED_FUNCTION_9  Net_Dbg_CM3_L.lib(net_tcp.o)
    0x0801228e   0x0801228e   0x0000000a   Code   RO         2729    .text.OUTLINED_FUNCTION_9  Net_Dbg_CM3_L.lib(net_http_server.o)
    0x08012298   0x08012298   0x0000005c   Code   RO         2693    .text.add_server_id  Net_Dbg_CM3_L.lib(net_http_server.o)
    0x080122f4   0x080122f4   0x00000062   Code   RO         2142    .text.arp_cache_alloc  Net_Dbg_CM3_L.lib(net_arp.o)
    0x08012356   0x08012356   0x00000034   Code   RO         2140    .text.arp_is_cacheable  Net_Dbg_CM3_L.lib(net_arp.o)
    0x0801238a   0x0801238a   0x00000002   PAD
    0x0801238c   0x0801238c   0x000000ec   Code   RO         2132    .text.arp_proc_response  Net_Dbg_CM3_L.lib(net_arp.o)
    0x08012478   0x08012478   0x00000018   Code   RO         2144    .text.arp_que_free  Net_Dbg_CM3_L.lib(net_arp.o)
    0x08012490   0x08012490   0x00000098   Code   RO         2130    .text.arp_send_reply  Net_Dbg_CM3_L.lib(net_arp.o)
    0x08012528   0x08012528   0x000000d4   Code   RO         2136    .text.arp_send_request  Net_Dbg_CM3_L.lib(net_arp.o)
    0x080125fc   0x080125fc   0x00000068   Code   RO         2126    .text.arp_sender_valid  Net_Dbg_CM3_L.lib(net_arp.o)
    0x08012664   0x08012664   0x0000003e   Code   RO         2551    .text.base16_decode  Net_Dbg_CM3_L.lib(net_nbns_client.o)
    0x080126a2   0x080126a2   0x00000002   PAD
    0x080126a4   0x080126a4   0x00000194   Code   RO         2701    .text.chk_post_req  Net_Dbg_CM3_L.lib(net_http_server.o)
    0x08012838   0x08012838   0x00000030   Code   RO         3243    .text.crc32_8bit    Net_Dbg_CM3_L.lib(net_common.o)
    0x08012868   0x08012868   0x0000022c   Code   RO         2568    .text.dns_client_start  Net_Dbg_CM3_L.lib(net_dns_client.o)
    0x08012a94   0x08012a94   0x00000030   Code   RO         2586    .text.dns_client_stop  Net_Dbg_CM3_L.lib(net_dns_client.o)
    0x08012ac4   0x08012ac4   0x0000007c   Code   RO         2590    .text.dns_get_server  Net_Dbg_CM3_L.lib(net_dns_client.o)
    0x08012b40   0x08012b40   0x0000034c   Code   RO         2578    .text.dns_listener  Net_Dbg_CM3_L.lib(net_dns_client.o)
    0x08012e8c   0x08012e8c   0x0000001c   Code   RO         2582    .text.dns_notify    Net_Dbg_CM3_L.lib(net_dns_client.o)
    0x08012ea8   0x08012ea8   0x00000088   Code   RO         2588    .text.dns_send_message  Net_Dbg_CM3_L.lib(net_dns_client.o)
    0x08012f30   0x08012f30   0x00000088   Code   RO         2058    .text.eth_check_link  Net_Dbg_CM3_L.lib(net_eth.o)
    0x08012fb8   0x08012fb8   0x00000018   Code   RO         2066    .text.eth_if_map    Net_Dbg_CM3_L.lib(net_eth.o)
    0x08012fd0   0x08012fd0   0x00000008   Code   RO         2056    .text.eth_lock      Net_Dbg_CM3_L.lib(net_eth.o)
    0x08012fd8   0x08012fd8   0x0000004e   Code   RO         2068    .text.eth_opt_len   Net_Dbg_CM3_L.lib(net_eth.o)
    0x08013026   0x08013026   0x00000008   Code   RO         2060    .text.eth_unlock    Net_Dbg_CM3_L.lib(net_eth.o)
    0x0801302e   0x0801302e   0x00000034   Code   RO         2705    .text.get_next_field  Net_Dbg_CM3_L.lib(net_http_server.o)
    0x08013062   0x08013062   0x0000003e   Code   RO         2707    .text.get_next_par  Net_Dbg_CM3_L.lib(net_http_server.o)
    0x080130a0   0x080130a0   0x00000026   Code   RO         3273    .text.hex2uc        Net_Dbg_CM3_L.lib(net_common.o)
    0x080130c6   0x080130c6   0x00000002   PAD
    0x080130c8   0x080130c8   0x000003ec   Code   RO         2687    .text.http_add_header  Net_Dbg_CM3_L.lib(net_http_server.o)
    0x080134b4   0x080134b4   0x00000050   Code   RO         2754    .text.http_auth_basic_add  Net_Dbg_CM3_L.lib(net_http_server_auth.o)
    0x08013504   0x08013504   0x00000090   Code   RO         2756    .text.http_auth_basic_parse  Net_Dbg_CM3_L.lib(net_http_server_auth.o)
    0x08013594   0x08013594   0x00000002   Code   RO         2752    .text.http_auth_dummy  Net_Dbg_CM3_L.lib(net_http_server_auth.o)
    0x08013596   0x08013596   0x00000002   PAD
    0x08013598   0x08013598   0x00000020   Code   RO         2750    .text.http_auth_init  Net_Dbg_CM3_L.lib(net_http_server_auth.o)
    0x080135b8   0x080135b8   0x00000074   Code   RO         2683    .text.http_kill_session  Net_Dbg_CM3_L.lib(net_http_server.o)
    0x0801362c   0x0801362c   0x00000404   Code   RO         2607    .text.http_listener  Net_Dbg_CM3_L.lib(net_http_server.o)
    0x08013a30   0x08013a30   0x000001c0   Code   RO         2691    .text.http_open_file  Net_Dbg_CM3_L.lib(net_http_server.o)
    0x08013bf0   0x08013bf0   0x000002ac   Code   RO         2697    .text.http_parse_header  Net_Dbg_CM3_L.lib(net_http_server.o)
    0x08013e9c   0x08013e9c   0x00000130   Code   RO         2703    .text.http_proc_post  Net_Dbg_CM3_L.lib(net_http_server.o)
    0x08013fcc   0x08013fcc   0x000000d4   Code   RO         2695    .text.http_proc_uri  Net_Dbg_CM3_L.lib(net_http_server.o)
    0x080140a0   0x080140a0   0x00000068   Code   RO         2609    .text.http_server_start  Net_Dbg_CM3_L.lib(net_http_server.o)
    0x08014108   0x08014108   0x00000070   Code   RO         2699    .text.http_set_ftype  Net_Dbg_CM3_L.lib(net_http_server.o)
    0x08014178   0x08014178   0x00000018   Code   RO         2689    .text.http_strcpy   Net_Dbg_CM3_L.lib(net_http_server.o)
    0x08014190   0x08014190   0x0000001e   Code   RO         3263    .text.i2str         Net_Dbg_CM3_L.lib(net_common.o)
    0x080141ae   0x080141ae   0x0000001e   Code   RO         2201    .text.igmp_map_group  Net_Dbg_CM3_L.lib(net_igmp.o)
    0x080141cc   0x080141cc   0x00000074   Code   RO         2203    .text.igmp_send_report  Net_Dbg_CM3_L.lib(net_igmp.o)
    0x08014240   0x08014240   0x0000000e   Code   RO         3091    .text.ip4_get_chksum  Net_Dbg_CM3_L.lib(net_ip4.o)
    0x0801424e   0x0801424e   0x00000020   Code   RO         3093    .text.ip4_get_mtu   Net_Dbg_CM3_L.lib(net_ip4.o)
    0x0801426e   0x0801426e   0x00000012   Code   RO         3089    .text.ip4_is_subcast  Net_Dbg_CM3_L.lib(net_ip4.o)
    0x08014280   0x08014280   0x0000002e   Code   RO         2926    .text.ip4_ntoa      Net_Dbg_CM3_L.lib(net_addr.o)
    0x080142ae   0x080142ae   0x00000020   Code   RO         3131    .text.ip6_get_mtu   Net_Dbg_CM3_L.lib(net_ip6.o)
    0x080142ce   0x080142ce   0x00000002   PAD
    0x080142d0   0x080142d0   0x00000108   Code   RO         2930    .text.ip6_ntoa      Net_Dbg_CM3_L.lib(net_addr.o)
    0x080143d8   0x080143d8   0x0000000c   Code   RO         3202    .text.mem_lock      Net_Dbg_CM3_L.lib(net_mem.o)
    0x080143e4   0x080143e4   0x0000000c   Code   RO         3204    .text.mem_unlock    Net_Dbg_CM3_L.lib(net_mem.o)
    0x080143f0   0x080143f0   0x000001c8   Code   RO         2533    .text.nbns_listener  Net_Dbg_CM3_L.lib(net_nbns_client.o)
    0x080145b8   0x080145b8   0x00000118   Code   RO         3009    .text.ndp_cache_add  Net_Dbg_CM3_L.lib(net_ndp.o)
    0x080146d0   0x080146d0   0x00000080   Code   RO         3017    .text.ndp_cache_alloc  Net_Dbg_CM3_L.lib(net_ndp.o)
    0x08014750   0x08014750   0x0000002a   Code   RO         3007    .text.ndp_check_frame  Net_Dbg_CM3_L.lib(net_ndp.o)
    0x0801477a   0x0801477a   0x00000018   Code   RO         3019    .text.ndp_que_free  Net_Dbg_CM3_L.lib(net_ndp.o)
    0x08014792   0x08014792   0x00000002   PAD
    0x08014794   0x08014794   0x00000038   Code   RO         3045    .text.ndp_router_remove  Net_Dbg_CM3_L.lib(net_ndp.o)
    0x080147cc   0x080147cc   0x000000a4   Code   RO         3011    .text.ndp_send_reply  Net_Dbg_CM3_L.lib(net_ndp.o)
    0x08014870   0x08014870   0x000000d4   Code   RO         3041    .text.ndp_send_request  Net_Dbg_CM3_L.lib(net_ndp.o)
    0x08014944   0x08014944   0x00000004   Code   RO         2665    .text.netCGI_Charset  Net_Dbg_CM3_L.lib(net_http_server.o)
    0x08014948   0x08014948   0x00000004   Code   RO         2661    .text.netCGI_ContentType  Net_Dbg_CM3_L.lib(net_http_server.o)
    0x0801494c   0x0801494c   0x00000004   Code   RO         2667    .text.netCGI_CustomHeader  Net_Dbg_CM3_L.lib(net_http_server.o)
    0x08014950   0x08014950   0x00000054   Code   RO         2645    .text.netCGI_GetEnvVar  Net_Dbg_CM3_L.lib(net_http_server.o)
    0x080149a4   0x080149a4   0x00000010   Code   RO         2681    .text.netCGI_ProcessCookie  Net_Dbg_CM3_L.lib(net_http_server.o)
    0x080149b4   0x080149b4   0x00000010   Code   RO         2679    .text.netCGI_ProcessRequest  Net_Dbg_CM3_L.lib(net_http_server.o)
    0x080149c4   0x080149c4   0x00000004   Code   RO         2669    .text.netCGI_Redirect  Net_Dbg_CM3_L.lib(net_http_server.o)
    0x080149c8   0x080149c8   0x00000004   Code   RO         2663    .text.netCGX_ContentType  Net_Dbg_CM3_L.lib(net_http_server.o)
    0x080149cc   0x080149cc   0x000000c0   Code   RO         2872    .text.netCore_Thread  Net_Dbg_CM3_L.lib(net_sys.o)
    0x08014a8c   0x08014a8c   0x00000002   Code   RO         2084    .text.netETH_Notify  Net_Dbg_CM3_L.lib(net_eth.o)
    0x08014a8e   0x08014a8e   0x00000002   Code   RO         2086    .text.netETH_ReceiveRaw  Net_Dbg_CM3_L.lib(net_eth.o)
    0x08014a90   0x08014a90   0x000000e0   Code   RO         2054    .text.netETH_Thread  Net_Dbg_CM3_L.lib(net_eth.o)
    0x08014b70   0x08014b70   0x00000004   Code   RO         2671    .text.netHTTPs_AcceptClient  Net_Dbg_CM3_L.lib(net_http_server.o)
    0x08014b74   0x08014b74   0x00000004   Code   RO         2768    .text.netHTTPs_CheckAccount  Net_Dbg_CM3_L.lib(net_http_server_auth.o)
    0x08014b78   0x08014b78   0x00000004   Code   RO         2673    .text.netHTTPs_FileAccess  Net_Dbg_CM3_L.lib(net_http_server.o)
    0x08014b7c   0x08014b7c   0x0000001c   Code   RO         2647    .text.netHTTPs_GetLanguage  Net_Dbg_CM3_L.lib(net_http_server.o)
    0x08014b98   0x08014b98   0x0000000c   Code   RO         2633    .text.netHTTPs_GetPassword  Net_Dbg_CM3_L.lib(net_http_server.o)
    0x08014ba4   0x08014ba4   0x0000000c   Code   RO         2639    .text.netHTTPs_LoginActive  Net_Dbg_CM3_L.lib(net_http_server.o)
    0x08014bb0   0x08014bb0   0x00000058   Code   RO         2635    .text.netHTTPs_SetPassword  Net_Dbg_CM3_L.lib(net_http_server.o)
    0x08014c08   0x08014c08   0x0000007c   Code   RO         2878    .text.netIF_GetOption  Net_Dbg_CM3_L.lib(net_sys.o)
    0x08014c84   0x08014c84   0x00000078   Code   RO         2882    .text.netIF_SetOption  Net_Dbg_CM3_L.lib(net_sys.o)
    0x08014cfc   0x08014cfc   0x0000001a   Code   RO         2920    .text.netIP_aton    Net_Dbg_CM3_L.lib(net_addr.o)
    0x08014d16   0x08014d16   0x00000030   Code   RO         2934    .text.netIP_ntoa    Net_Dbg_CM3_L.lib(net_addr.o)
    0x08014d46   0x08014d46   0x00000002   PAD
    0x08014d48   0x08014d48   0x00000098   Code   RO         2864    .text.netInitialize  Net_Dbg_CM3_L.lib(net_sys.o)
    0x08014de0   0x08014de0   0x00000062   Code   RO         2922    .text.netMAC_aton   Net_Dbg_CM3_L.lib(net_addr.o)
    0x08014e42   0x08014e42   0x00000002   PAD
    0x08014e44   0x08014e44   0x000000b8   Code   RO         2791    .text.netSNTPc_GetTimeX  Net_Dbg_CM3_L.lib(net_sntp_client.o)
    0x08014efc   0x08014efc   0x00000004   Code   RO         2418    .text.netTCP_GetLocalPort  Net_Dbg_CM3_L.lib(net_tcp.o)
    0x08014f00   0x08014f00   0x00000018   Code   RO         2422    .text.netTCP_GetPeer  Net_Dbg_CM3_L.lib(net_tcp.o)
    0x08014f18   0x08014f18   0x00000004   Code   RO         2406    .text.netTCP_GetState  Net_Dbg_CM3_L.lib(net_tcp.o)
    0x08014f1c   0x08014f1c   0x00000004   Code   RO         2426    .text.netTCP_GetTimer  Net_Dbg_CM3_L.lib(net_tcp.o)
    0x08014f20   0x08014f20   0x0000006c   Code   RO         2916    .text.net_addr4_aton  Net_Dbg_CM3_L.lib(net_addr.o)
    0x08014f8c   0x08014f8c   0x0000001a   Code   RO         2946    .text.net_addr4_is_subcast  Net_Dbg_CM3_L.lib(net_addr.o)
    0x08014fa6   0x08014fa6   0x0000001a   Code   RO         2942    .text.net_addr4_to_mac  Net_Dbg_CM3_L.lib(net_addr.o)
    0x08014fc0   0x08014fc0   0x000000d8   Code   RO         2918    .text.net_addr6_aton  Net_Dbg_CM3_L.lib(net_addr.o)
    0x08015098   0x08015098   0x00000028   Code   RO         2964    .text.net_addr6_comp  Net_Dbg_CM3_L.lib(net_addr.o)
    0x080150c0   0x080150c0   0x00000012   Code   RO         2962    .text.net_addr6_copy  Net_Dbg_CM3_L.lib(net_addr.o)
    0x080150d2   0x080150d2   0x00000002   PAD
    0x080150d4   0x080150d4   0x00000048   Code   RO         2952    .text.net_addr6_create  Net_Dbg_CM3_L.lib(net_addr.o)
    0x0801511c   0x0801511c   0x00000024   Code   RO         2948    .text.net_addr6_get_solicited  Net_Dbg_CM3_L.lib(net_addr.o)
    0x08015140   0x08015140   0x00000016   Code   RO         2954    .text.net_addr6_is_linklocal  Net_Dbg_CM3_L.lib(net_addr.o)
    0x08015156   0x08015156   0x00000002   PAD
    0x08015158   0x08015158   0x00000054   Code   RO         2958    .text.net_addr6_is_onlink  Net_Dbg_CM3_L.lib(net_addr.o)
    0x080151ac   0x080151ac   0x0000003e   Code   RO         2950    .text.net_addr6_is_solicited  Net_Dbg_CM3_L.lib(net_addr.o)
    0x080151ea   0x080151ea   0x00000018   Code   RO         2966    .text.net_addr6_is_unspec  Net_Dbg_CM3_L.lib(net_addr.o)
    0x08015202   0x08015202   0x0000000e   Code   RO         2968    .text.net_addr6_to_mac  Net_Dbg_CM3_L.lib(net_addr.o)
    0x08015210   0x08015210   0x0000002a   Code   RO         2974    .text.net_addr_comp  Net_Dbg_CM3_L.lib(net_addr.o)
    0x0801523a   0x0801523a   0x00000034   Code   RO         2972    .text.net_addr_copy  Net_Dbg_CM3_L.lib(net_addr.o)
    0x0801526e   0x0801526e   0x0000001a   Code   RO         2976    .text.net_addr_find_route  Net_Dbg_CM3_L.lib(net_addr.o)
    0x08015288   0x08015288   0x00000034   Code   RO         2980    .text.net_addr_get_lhost  Net_Dbg_CM3_L.lib(net_addr.o)
    0x080152bc   0x080152bc   0x00000020   Code   RO         2978    .text.net_addr_get_local  Net_Dbg_CM3_L.lib(net_addr.o)
    0x080152dc   0x080152dc   0x0000001e   Code   RO         2970    .text.net_addr_is_unspec  Net_Dbg_CM3_L.lib(net_addr.o)
    0x080152fa   0x080152fa   0x00000002   PAD
    0x080152fc   0x080152fc   0x00000100   Code   RO         2128    .text.net_arp_cache_add  Net_Dbg_CM3_L.lib(net_arp.o)
    0x080153fc   0x080153fc   0x000000b0   Code   RO         2146    .text.net_arp_cache_early  Net_Dbg_CM3_L.lib(net_arp.o)
    0x080154ac   0x080154ac   0x000000e8   Code   RO         2148    .text.net_arp_cache_find  Net_Dbg_CM3_L.lib(net_arp.o)
    0x08015594   0x08015594   0x00000044   Code   RO         2120    .text.net_arp_cache_init  Net_Dbg_CM3_L.lib(net_arp.o)
    0x080155d8   0x080155d8   0x000001f0   Code   RO         2170    .text.net_arp_cache_run  Net_Dbg_CM3_L.lib(net_arp.o)
    0x080157c8   0x080157c8   0x0000007c   Code   RO         2168    .text.net_arp_enqueue  Net_Dbg_CM3_L.lib(net_arp.o)
    0x08015844   0x08015844   0x0000001e   Code   RO         2138    .text.net_arp_notify  Net_Dbg_CM3_L.lib(net_arp.o)
    0x08015862   0x08015862   0x00000002   PAD
    0x08015864   0x08015864   0x00000228   Code   RO         2124    .text.net_arp_process  Net_Dbg_CM3_L.lib(net_arp.o)
    0x08015a8c   0x08015a8c   0x00000044   Code   RO         3269    .text.net_atoi      Net_Dbg_CM3_L.lib(net_common.o)
    0x08015ad0   0x08015ad0   0x00000074   Code   RO         3305    .text.net_base64_decode  Net_Dbg_CM3_L.lib(net_base64.o)
    0x08015b44   0x08015b44   0x00000030   Code   RO         3247    .text.net_chksum_buf  Net_Dbg_CM3_L.lib(net_common.o)
    0x08015b74   0x08015b74   0x0000001c   Code   RO         3245    .text.net_crc_buf   Net_Dbg_CM3_L.lib(net_common.o)
    0x08015b90   0x08015b90   0x00000060   Code   RO         2576    .text.net_dns_client_init  Net_Dbg_CM3_L.lib(net_dns_client.o)
    0x08015bf0   0x08015bf0   0x00000060   Code   RO         2572    .text.net_dns_client_resolve  Net_Dbg_CM3_L.lib(net_dns_client.o)
    0x08015c50   0x08015c50   0x000000e4   Code   RO         2584    .text.net_dns_client_run  Net_Dbg_CM3_L.lib(net_dns_client.o)
    0x08015d34   0x08015d34   0x0000000e   Code   RO         2062    .text.net_eth_callback  Net_Dbg_CM3_L.lib(net_eth.o)
    0x08015d42   0x08015d42   0x00000064   Code   RO         2072    .text.net_eth_config_mcast  Net_Dbg_CM3_L.lib(net_eth.o)
    0x08015da6   0x08015da6   0x00000002   PAD
    0x08015da8   0x08015da8   0x000000e0   Code   RO         2064    .text.net_eth_get_option  Net_Dbg_CM3_L.lib(net_eth.o)
    0x08015e88   0x08015e88   0x0000034c   Code   RO         2050    .text.net_eth_iface_init  Net_Dbg_CM3_L.lib(net_eth.o)
    0x080161d4   0x080161d4   0x000002ec   Code   RO         2082    .text.net_eth_iface_run  Net_Dbg_CM3_L.lib(net_eth.o)
    0x080164c0   0x080164c0   0x000000ac   Code   RO         2078    .text.net_eth_output  Net_Dbg_CM3_L.lib(net_eth.o)
    0x0801656c   0x0801656c   0x000001cc   Code   RO         2076    .text.net_eth_send_frame  Net_Dbg_CM3_L.lib(net_eth.o)
    0x08016738   0x08016738   0x00000298   Code   RO         2070    .text.net_eth_set_option  Net_Dbg_CM3_L.lib(net_eth.o)
    0x080169d0   0x080169d0   0x0000010c   Code   RO         2605    .text.net_http_server_init  Net_Dbg_CM3_L.lib(net_http_server.o)
    0x08016adc   0x08016adc   0x00000640   Code   RO         2643    .text.net_http_server_run  Net_Dbg_CM3_L.lib(net_http_server.o)
    0x0801711c   0x0801711c   0x00000018   Code   RO         3165    .text.net_icmp6_init  Net_Dbg_CM3_L.lib(net_icmp6.o)
    0x08017134   0x08017134   0x00000238   Code   RO         3169    .text.net_icmp6_process  Net_Dbg_CM3_L.lib(net_icmp6.o)
    0x0801736c   0x0801736c   0x00000080   Code   RO         3171    .text.net_icmp6_send  Net_Dbg_CM3_L.lib(net_icmp6.o)
    0x080173ec   0x080173ec   0x00000058   Code   RO         3173    .text.net_icmp6_send_echo  Net_Dbg_CM3_L.lib(net_icmp6.o)
    0x08017444   0x08017444   0x00000018   Code   RO         2276    .text.net_icmp_init  Net_Dbg_CM3_L.lib(net_icmp.o)
    0x0801745c   0x0801745c   0x000001c4   Code   RO         2280    .text.net_icmp_process  Net_Dbg_CM3_L.lib(net_icmp.o)
    0x08017620   0x08017620   0x000000a4   Code   RO         2282    .text.net_icmp_send_echo  Net_Dbg_CM3_L.lib(net_icmp.o)
    0x080176c4   0x080176c4   0x0000000c   Code   RO         2880    .text.net_if_map_all  Net_Dbg_CM3_L.lib(net_sys.o)
    0x080176d0   0x080176d0   0x00000074   Code   RO         2209    .text.net_igmp_collect_mcast  Net_Dbg_CM3_L.lib(net_igmp.o)
    0x08017744   0x08017744   0x0000003c   Code   RO         2195    .text.net_igmp_host_init  Net_Dbg_CM3_L.lib(net_igmp.o)
    0x08017780   0x08017780   0x000000c0   Code   RO         2213    .text.net_igmp_host_run  Net_Dbg_CM3_L.lib(net_igmp.o)
    0x08017840   0x08017840   0x00000020   Code   RO         2207    .text.net_igmp_is_member  Net_Dbg_CM3_L.lib(net_igmp.o)
    0x08017860   0x08017860   0x000001c4   Code   RO         2211    .text.net_igmp_process  Net_Dbg_CM3_L.lib(net_igmp.o)
    0x08017a24   0x08017a24   0x000001a8   Code   RO         3087    .text.net_ip4_chk_frame  Net_Dbg_CM3_L.lib(net_ip4.o)
    0x08017bcc   0x08017bcc   0x0000002e   Code   RO         3113    .text.net_ip4_chksum  Net_Dbg_CM3_L.lib(net_ip4.o)
    0x08017bfa   0x08017bfa   0x00000006   Code   RO         3111    .text.net_ip4_chksum_buf  Net_Dbg_CM3_L.lib(net_ip4.o)
    0x08017c00   0x08017c00   0x00000014   Code   RO         3103    .text.net_ip4_def_localm  Net_Dbg_CM3_L.lib(net_ip4.o)
    0x08017c14   0x08017c14   0x00000080   Code   RO         3107    .text.net_ip4_find_route  Net_Dbg_CM3_L.lib(net_ip4.o)
    0x08017c94   0x08017c94   0x000001bc   Code   RO         2255    .text.net_ip4_frag_add  Net_Dbg_CM3_L.lib(net_ip4_frag.o)
    0x08017e50   0x08017e50   0x000000b4   Code   RO         2259    .text.net_ip4_frag_get  Net_Dbg_CM3_L.lib(net_ip4_frag.o)
    0x08017f04   0x08017f04   0x00000010   Code   RO         2251    .text.net_ip4_frag_init  Net_Dbg_CM3_L.lib(net_ip4_frag.o)
    0x08017f14   0x08017f14   0x00000038   Code   RO         2261    .text.net_ip4_frag_run  Net_Dbg_CM3_L.lib(net_ip4_frag.o)
    0x08017f4c   0x08017f4c   0x00000020   Code   RO         3099    .text.net_ip4_get_local  Net_Dbg_CM3_L.lib(net_ip4.o)
    0x08017f6c   0x08017f6c   0x00000024   Code   RO         3083    .text.net_ip4_init  Net_Dbg_CM3_L.lib(net_ip4.o)
    0x08017f90   0x08017f90   0x0000001a   Code   RO         3109    .text.net_ip4_is_onlink  Net_Dbg_CM3_L.lib(net_ip4.o)
    0x08017faa   0x08017faa   0x00000010   Code   RO         3095    .text.net_ip4_reass_frame  Net_Dbg_CM3_L.lib(net_ip4.o)
    0x08017fba   0x08017fba   0x00000002   PAD
    0x08017fbc   0x08017fbc   0x00000188   Code   RO         3097    .text.net_ip4_send_frame  Net_Dbg_CM3_L.lib(net_ip4.o)
    0x08018144   0x08018144   0x00000032   Code   RO         3105    .text.net_ip4_tx_offl_hl  Net_Dbg_CM3_L.lib(net_ip4.o)
    0x08018176   0x08018176   0x00000002   PAD
    0x08018178   0x08018178   0x0000012c   Code   RO         3129    .text.net_ip6_chk_frame  Net_Dbg_CM3_L.lib(net_ip6.o)
    0x080182a4   0x080182a4   0x00000034   Code   RO         3149    .text.net_ip6_chksum  Net_Dbg_CM3_L.lib(net_ip6.o)
    0x080182d8   0x080182d8   0x00000078   Code   RO         3145    .text.net_ip6_collect_mcast  Net_Dbg_CM3_L.lib(net_ip6.o)
    0x08018350   0x08018350   0x00000014   Code   RO         3139    .text.net_ip6_def_localm  Net_Dbg_CM3_L.lib(net_ip6.o)
    0x08018364   0x08018364   0x0000004c   Code   RO         3147    .text.net_ip6_find_route  Net_Dbg_CM3_L.lib(net_ip6.o)
    0x080183b0   0x080183b0   0x00000048   Code   RO         3141    .text.net_ip6_get_local  Net_Dbg_CM3_L.lib(net_ip6.o)
    0x080183f8   0x080183f8   0x0000001c   Code   RO         3125    .text.net_ip6_init  Net_Dbg_CM3_L.lib(net_ip6.o)
    0x08018414   0x08018414   0x0000000c   Code   RO         3133    .text.net_ip6_reass_frame  Net_Dbg_CM3_L.lib(net_ip6.o)
    0x08018420   0x08018420   0x0000011c   Code   RO         3135    .text.net_ip6_send_frame  Net_Dbg_CM3_L.lib(net_ip6.o)
    0x0801853c   0x0801853c   0x00000022   Code   RO         3143    .text.net_ip6_tx_offl_hl  Net_Dbg_CM3_L.lib(net_ip6.o)
    0x0801855e   0x0801855e   0x00000008   Code   RO         3261    .text.net_itoa      Net_Dbg_CM3_L.lib(net_common.o)
    0x08018566   0x08018566   0x00000006   Code   RO         3267    .text.net_itoa_n0   Net_Dbg_CM3_L.lib(net_common.o)
    0x0801856c   0x0801856c   0x00000028   Code   RO         2233    .text.net_loop_iface_init  Net_Dbg_CM3_L.lib(net_loopback.o)
    0x08018594   0x08018594   0x000000b8   Code   RO         2237    .text.net_loop_iface_run  Net_Dbg_CM3_L.lib(net_loopback.o)
    0x0801864c   0x0801864c   0x0000006c   Code   RO         2231    .text.net_loop_send_frame  Net_Dbg_CM3_L.lib(net_loopback.o)
    0x080186b8   0x080186b8   0x000000c0   Code   RO         3200    .text.net_mem_alloc  Net_Dbg_CM3_L.lib(net_mem.o)
    0x08018778   0x08018778   0x00000018   Code   RO         3210    .text.net_mem_avail  Net_Dbg_CM3_L.lib(net_mem.o)
    0x08018790   0x08018790   0x000000a0   Code   RO         3208    .text.net_mem_free  Net_Dbg_CM3_L.lib(net_mem.o)
    0x08018830   0x08018830   0x0000006c   Code   RO         3196    .text.net_mem_init  Net_Dbg_CM3_L.lib(net_mem.o)
    0x0801889c   0x0801889c   0x00000048   Code   RO         3206    .text.net_mem_shrink  Net_Dbg_CM3_L.lib(net_mem.o)
    0x080188e4   0x080188e4   0x00000074   Code   RO         2531    .text.net_nbns_client_init  Net_Dbg_CM3_L.lib(net_nbns_client.o)
    0x08018958   0x08018958   0x00000010   Code   RO         2549    .text.net_nbns_client_run  Net_Dbg_CM3_L.lib(net_nbns_client.o)
    0x08018968   0x08018968   0x000001a0   Code   RO         3015    .text.net_ndp_cache_find  Net_Dbg_CM3_L.lib(net_ndp.o)
    0x08018b08   0x08018b08   0x00000080   Code   RO         3013    .text.net_ndp_cache_refresh  Net_Dbg_CM3_L.lib(net_ndp.o)
    0x08018b88   0x08018b88   0x0000007c   Code   RO         3039    .text.net_ndp_enqueue  Net_Dbg_CM3_L.lib(net_ndp.o)
    0x08018c04   0x08018c04   0x00000624   Code   RO         3005    .text.net_ndp_process  Net_Dbg_CM3_L.lib(net_ndp.o)
    0x08019228   0x08019228   0x0000003c   Code   RO         2892    .text.net_path      Net_Dbg_CM3_L.lib(net_sys.o)
    0x08019264   0x08019264   0x00000020   Code   RO         2844    .text.net_ping_client_init  Net_Dbg_CM3_L.lib(net_ping_core.o)
    0x08019284   0x08019284   0x00000078   Code   RO         2850    .text.net_ping_client_run  Net_Dbg_CM3_L.lib(net_ping_core.o)
    0x080192fc   0x080192fc   0x0000001c   Code   RO         2890    .text.net_rand32    Net_Dbg_CM3_L.lib(net_sys.o)
    0x08019318   0x08019318   0x00000054   Code   RO         2811    .text.net_sntp_client_init  Net_Dbg_CM3_L.lib(net_sntp_client_core.o)
    0x0801936c   0x0801936c   0x00000058   Code   RO         2819    .text.net_sntp_client_run  Net_Dbg_CM3_L.lib(net_sntp_client_core.o)
    0x080193c4   0x080193c4   0x00000128   Code   RO         2807    .text.net_sntp_client_start  Net_Dbg_CM3_L.lib(net_sntp_client_core.o)
    0x080194ec   0x080194ec   0x0000002a   Code   RO         3223    .text.net_strcasecmp  Net_Dbg_CM3_L.lib(net_common.o)
    0x08019516   0x08019516   0x00000016   Code   RO         3229    .text.net_strchr    Net_Dbg_CM3_L.lib(net_common.o)
    0x0801952c   0x0801952c   0x00000018   Code   RO         3221    .text.net_strcmp    Net_Dbg_CM3_L.lib(net_common.o)
    0x08019544   0x08019544   0x00000010   Code   RO         3225    .text.net_strcpy    Net_Dbg_CM3_L.lib(net_common.o)
    0x08019554   0x08019554   0x00000016   Code   RO         3241    .text.net_strcrc    Net_Dbg_CM3_L.lib(net_common.o)
    0x0801956a   0x0801956a   0x0000001e   Code   RO         3231    .text.net_strnchr   Net_Dbg_CM3_L.lib(net_common.o)
    0x08019588   0x08019588   0x0000001a   Code   RO         3227    .text.net_strncpy   Net_Dbg_CM3_L.lib(net_common.o)
    0x080195a2   0x080195a2   0x00000052   Code   RO         3239    .text.net_strnstr   Net_Dbg_CM3_L.lib(net_common.o)
    0x080195f4   0x080195f4   0x0000001a   Code   RO         3233    .text.net_strrchr   Net_Dbg_CM3_L.lib(net_common.o)
    0x0801960e   0x0801960e   0x00000002   PAD
    0x08019610   0x08019610   0x0000000c   Code   RO         2866    .text.net_sys_lock  Net_Dbg_CM3_L.lib(net_sys.o)
    0x0801961c   0x0801961c   0x00000014   Code   RO         2900    .text.net_sys_resume  Net_Dbg_CM3_L.lib(net_sys.o)
    0x08019630   0x08019630   0x00000026   Code   RO         2898    .text.net_sys_suspend  Net_Dbg_CM3_L.lib(net_sys.o)
    0x08019656   0x08019656   0x00000002   PAD
    0x08019658   0x08019658   0x00000018   Code   RO         2874    .text.net_sys_tick  Net_Dbg_CM3_L.lib(net_sys.o)
    0x08019670   0x08019670   0x0000000c   Code   RO         2868    .text.net_sys_unlock  Net_Dbg_CM3_L.lib(net_sys.o)
    0x0801967c   0x0801967c   0x00000020   Code   RO         2876    .text.net_sys_wakeup  Net_Dbg_CM3_L.lib(net_sys.o)
    0x0801969c   0x0801969c   0x00000074   Code   RO         2388    .text.net_tcp_abort  Net_Dbg_CM3_L.lib(net_tcp.o)
    0x08019710   0x08019710   0x00000104   Code   RO         2384    .text.net_tcp_close  Net_Dbg_CM3_L.lib(net_tcp.o)
    0x08019814   0x08019814   0x00000034   Code   RO         2396    .text.net_tcp_get_buf  Net_Dbg_CM3_L.lib(net_tcp.o)
    0x08019848   0x08019848   0x0000002c   Code   RO         2420    .text.net_tcp_get_local_port  Net_Dbg_CM3_L.lib(net_tcp.o)
    0x08019874   0x08019874   0x00000020   Code   RO         2392    .text.net_tcp_get_mss  Net_Dbg_CM3_L.lib(net_tcp.o)
    0x08019894   0x08019894   0x00000044   Code   RO         2424    .text.net_tcp_get_peer  Net_Dbg_CM3_L.lib(net_tcp.o)
    0x080198d8   0x080198d8   0x00000074   Code   RO         2368    .text.net_tcp_get_socket  Net_Dbg_CM3_L.lib(net_tcp.o)
    0x0801994c   0x0801994c   0x00000024   Code   RO         2408    .text.net_tcp_get_state  Net_Dbg_CM3_L.lib(net_tcp.o)
    0x08019970   0x08019970   0x0000002c   Code   RO         2428    .text.net_tcp_get_timer  Net_Dbg_CM3_L.lib(net_tcp.o)
    0x0801999c   0x0801999c   0x000000ac   Code   RO         2376    .text.net_tcp_listen  Net_Dbg_CM3_L.lib(net_tcp.o)
    0x08019a48   0x08019a48   0x00000b4c   Code   RO         2462    .text.net_tcp_process  Net_Dbg_CM3_L.lib(net_tcp.o)
    0x0801a594   0x0801a594   0x00000174   Code   RO         2404    .text.net_tcp_send  Net_Dbg_CM3_L.lib(net_tcp.o)
    0x0801a708   0x0801a708   0x00000144   Code   RO         2416    .text.net_tcp_set_option  Net_Dbg_CM3_L.lib(net_tcp.o)
    0x0801a84c   0x0801a84c   0x00000024   Code   RO         2430    .text.net_tcp_socket_init  Net_Dbg_CM3_L.lib(net_tcp.o)
    0x0801a870   0x0801a870   0x0000044c   Code   RO         2454    .text.net_tcp_socket_run  Net_Dbg_CM3_L.lib(net_tcp.o)
    0x0801acbc   0x0801acbc   0x00000040   Code   RO         2312    .text.net_udp_close  Net_Dbg_CM3_L.lib(net_udp.o)
    0x0801acfc   0x0801acfc   0x00000034   Code   RO         2316    .text.net_udp_get_buf  Net_Dbg_CM3_L.lib(net_udp.o)
    0x0801ad30   0x0801ad30   0x00000068   Code   RO         2300    .text.net_udp_get_socket  Net_Dbg_CM3_L.lib(net_udp.o)
    0x0801ad98   0x0801ad98   0x000000c0   Code   RO         2308    .text.net_udp_open  Net_Dbg_CM3_L.lib(net_udp.o)
    0x0801ae58   0x0801ae58   0x0000017c   Code   RO         2346    .text.net_udp_process  Net_Dbg_CM3_L.lib(net_udp.o)
    0x0801afd4   0x0801afd4   0x00000014   Code   RO         2340    .text.net_udp_send  Net_Dbg_CM3_L.lib(net_udp.o)
    0x0801afe8   0x0801afe8   0x00000230   Code   RO         2320    .text.net_udp_send_if  Net_Dbg_CM3_L.lib(net_udp.o)
    0x0801b218   0x0801b218   0x00000020   Code   RO         2330    .text.net_udp_socket_init  Net_Dbg_CM3_L.lib(net_udp.o)
    0x0801b238   0x0801b238   0x00000008   Code   RO         3253    .text.net_ultoa     Net_Dbg_CM3_L.lib(net_common.o)
    0x0801b240   0x0801b240   0x00000040   Code   RO         3251    .text.net_ultox     Net_Dbg_CM3_L.lib(net_common.o)
    0x0801b280   0x0801b280   0x0000001a   Code   RO         3271    .text.net_xtouc     Net_Dbg_CM3_L.lib(net_common.o)
    0x0801b29a   0x0801b29a   0x0000005a   Code   RO         3275    .text.net_xtoul     Net_Dbg_CM3_L.lib(net_common.o)
    0x0801b2f4   0x0801b2f4   0x0000001c   Code   RO         2848    .text.ping_send_req  Net_Dbg_CM3_L.lib(net_ping_core.o)
    0x0801b310   0x0801b310   0x00000018   Code   RO         2257    .text.que_free_list  Net_Dbg_CM3_L.lib(net_ip4_frag.o)
    0x0801b328   0x0801b328   0x000000a4   Code   RO         2685    .text.read_script_line  Net_Dbg_CM3_L.lib(net_http_server.o)
    0x0801b3cc   0x0801b3cc   0x00000048   Code   RO         2709    .text.search_delim  Net_Dbg_CM3_L.lib(net_http_server.o)
    0x0801b414   0x0801b414   0x00000108   Code   RO         2813    .text.sntp_listener  Net_Dbg_CM3_L.lib(net_sntp_client_core.o)
    0x0801b51c   0x0801b51c   0x00000014   Code   RO         2793    .text.sntp_notify   Net_Dbg_CM3_L.lib(net_sntp_client.o)
    0x0801b530   0x0801b530   0x00000040   Code   RO         2817    .text.sntp_send_message  Net_Dbg_CM3_L.lib(net_sntp_client_core.o)
    0x0801b570   0x0801b570   0x00000018   Code   RO         2821    .text.sntp_stop     Net_Dbg_CM3_L.lib(net_sntp_client_core.o)
    0x0801b588   0x0801b588   0x00000010   Code   RO         2896    .text.sys_map_if    Net_Dbg_CM3_L.lib(net_sys.o)
    0x0801b598   0x0801b598   0x00000088   Code   RO         2466    .text.tcp_parse_opt  Net_Dbg_CM3_L.lib(net_tcp.o)
    0x0801b620   0x0801b620   0x00000018   Code   RO         2460    .text.tcp_que_free  Net_Dbg_CM3_L.lib(net_tcp.o)
    0x0801b638   0x0801b638   0x0000001c   Code   RO         2458    .text.tcp_que_init  Net_Dbg_CM3_L.lib(net_tcp.o)
    0x0801b654   0x0801b654   0x000000a4   Code   RO         2456    .text.tcp_que_resend  Net_Dbg_CM3_L.lib(net_tcp.o)
    0x0801b6f8   0x0801b6f8   0x00000090   Code   RO         2436    .text.tcp_send_ctrl  Net_Dbg_CM3_L.lib(net_tcp.o)
    0x0801b788   0x0801b788   0x00000080   Code   RO         2440    .text.tcp_send_data  Net_Dbg_CM3_L.lib(net_tcp.o)
    0x0801b808   0x0801b808   0x0000009c   Code   RO         2464    .text.tcp_send_reset  Net_Dbg_CM3_L.lib(net_tcp.o)
    0x0801b8a4   0x0801b8a4   0x00000034   Code   RO         2468    .text.tcp_set_cwnd  Net_Dbg_CM3_L.lib(net_tcp.o)
    0x0801b8d8   0x0801b8d8   0x00000074   Code   RO         2438    .text.tcp_transit   Net_Dbg_CM3_L.lib(net_tcp.o)
    0x0801b94c   0x0801b94c   0x0000010c   Code   RO         2472    .text.tcp_write     Net_Dbg_CM3_L.lib(net_tcp.o)
    0x0801ba58   0x0801ba58   0x00000034   Code   RO         2334    .text.udp_port_in_use  Net_Dbg_CM3_L.lib(net_udp.o)
    0x0801ba8c   0x0801ba8c   0x00000054   Code   RO         3255    .text.ul2str        Net_Dbg_CM3_L.lib(net_common.o)
    0x0801bae0   0x0801bae0   0x00000034   Code   RO         3563    i.__0snprintf$8     mc_w.l(printf8.o)
    0x0801bb14   0x0801bb14   0x00000028   Code   RO         3564    i.__0sprintf$8      mc_w.l(printf8.o)
    0x0801bb3c   0x0801bb3c   0x0000000e   Code   RO         3673    i.__scatterload_copy  mc_w.l(handlers.o)
    0x0801bb4a   0x0801bb4a   0x00000002   Code   RO         3674    i.__scatterload_null  mc_w.l(handlers.o)
    0x0801bb4c   0x0801bb4c   0x0000000e   Code   RO         3675    i.__scatterload_zeroinit  mc_w.l(handlers.o)
    0x0801bb5a   0x0801bb5a   0x00000002   PAD
    0x0801bb5c   0x0801bb5c   0x00000404   Code   RO         3569    i._printf_core      mc_w.l(printf8.o)
    0x0801bf60   0x0801bf60   0x00000024   Code   RO         3570    i._printf_post_padding  mc_w.l(printf8.o)
    0x0801bf84   0x0801bf84   0x0000002e   Code   RO         3571    i._printf_pre_padding  mc_w.l(printf8.o)
    0x0801bfb2   0x0801bfb2   0x00000016   Code   RO         3572    i._snputc           mc_w.l(printf8.o)
    0x0801bfc8   0x0801bfc8   0x0000000a   Code   RO         3573    i._sputc            mc_w.l(printf8.o)
    0x0801bfd2   0x0801bfd2   0x00000002   PAD
    0x0801bfd4   0x0801bfd4   0x00000024   Data   RO          181    .constdata          http_server.o
    0x0801bff8   0x0801bff8   0x00000004   Data   RO          290    .constdata          web.o
    0x0801bffc   0x0801bffc   0x00007a19   Data   RO          291    .constdata          web.o
    0x08023a15   0x08023a15   0x00000003   PAD
    0x08023a18   0x08023a18   0x000000c0   Data   RO          292    .constdata          web.o
    0x08023ad8   0x08023ad8   0x00000984   Data   RO          311    .constdata          lcd_1.o
    0x0802445c   0x0802445c   0x00000024   Data   RO          402    .constdata          com.o
    0x08024480   0x08024480   0x00000024   Data   RO          434    .constdata          mem.o
    0x080244a4   0x080244a4   0x00000024   Data   RO          461    .constdata          principalservidor.o
    0x080244c8   0x080244c8   0x00000008   Data   RO          498    .constdata          buttons_nucleo_f429zi.o
    0x080244d0   0x080244d0   0x00000018   Data   RO          524    .constdata          led_nucleo_f429zi.o
    0x080244e8   0x080244e8   0x00000024   Data   RO          735    .constdata          rtx_lib.o
    0x0802450c   0x0802450c   0x00000024   Data   RO          736    .constdata          rtx_lib.o
    0x08024530   0x08024530   0x00000018   Data   RO          737    .constdata          rtx_lib.o
    0x08024548   0x08024548   0x00000004   Data   RO          739    .constdata          rtx_lib.o
    0x0802454c   0x0802454c   0x00000004   Data   RO         1080    .constdata          phy_lan8742a.o
    0x08024550   0x08024550   0x00000020   Data   RO         1081    .constdata          phy_lan8742a.o
    0x08024570   0x08024570   0x00000050   Data   RO         1108    .constdata          emac_stm32f4xx.o
    0x080245c0   0x080245c0   0x00000044   Data   RO         1109    .constdata          emac_stm32f4xx.o
    0x08024604   0x08024604   0x00000038   Data   RO         1150    .constdata          i2c_stm32f4xx.o
    0x0802463c   0x0802463c   0x00000030   Data   RO         1151    .constdata          i2c_stm32f4xx.o
    0x0802466c   0x0802466c   0x00000034   Data   RO         1183    .constdata          spi_stm32f4xx.o
    0x080246a0   0x080246a0   0x00000010   Data   RO         1184    .constdata          spi_stm32f4xx.o
    0x080246b0   0x080246b0   0x00000010   Data   RO         1185    .constdata          spi_stm32f4xx.o
    0x080246c0   0x080246c0   0x0000002c   Data   RO         1186    .constdata          spi_stm32f4xx.o
    0x080246ec   0x080246ec   0x00000038   Data   RO         1222    .constdata          usart_stm32f4xx.o
    0x08024724   0x08024724   0x0000000c   Data   RO         1223    .constdata          usart_stm32f4xx.o
    0x08024730   0x08024730   0x0000000c   Data   RO         1224    .constdata          usart_stm32f4xx.o
    0x0802473c   0x0802473c   0x00000038   Data   RO         1225    .constdata          usart_stm32f4xx.o
    0x08024774   0x08024774   0x00000018   Data   RO         1257    .constdata          eventrecorder.o
    0x0802478c   0x0802478c   0x00000008   Data   RO         1425    .constdata          stm32f4xx_hal_dma.o
    0x08024794   0x08024794   0x00000010   Data   RO         1886    .constdata          system_stm32f4xx.o
    0x080247a4   0x080247a4   0x00000008   Data   RO         1887    .constdata          system_stm32f4xx.o
    0x080247ac   0x080247ac   0x000000a8   Data   RO         1933    .constdata          net_config.o
    0x08024854   0x08024854   0x0000001c   Data   RO         1934    .constdata          net_config.o
    0x08024870   0x08024870   0x00000014   Data   RO         1935    .constdata          net_config.o
    0x08024884   0x08024884   0x0000000c   Data   RO         1936    .constdata          net_config.o
    0x08024890   0x08024890   0x00000010   Data   RO         1937    .constdata          net_config.o
    0x080248a0   0x080248a0   0x00000028   Data   RO         1938    .constdata          net_config.o
    0x080248c8   0x080248c8   0x0000002c   Data   RO         1939    .constdata          net_config.o
    0x080248f4   0x080248f4   0x00000008   Data   RO         1940    .constdata          net_config.o
    0x080248fc   0x080248fc   0x00000008   Data   RO         1941    .constdata          net_config.o
    0x08024904   0x08024904   0x00000008   Data   RO         1942    .constdata          net_config.o
    0x0802490c   0x0802490c   0x00000008   Data   RO         1943    .constdata          net_config.o
    0x08024914   0x08024914   0x00000008   Data   RO         1944    .constdata          net_config.o
    0x0802491c   0x0802491c   0x00000008   Data   RO         1945    .constdata          net_config.o
    0x08024924   0x08024924   0x00000008   Data   RO         1946    .constdata          net_config.o
    0x0802492c   0x0802492c   0x00000008   Data   RO         1947    .constdata          net_config.o
    0x08024934   0x08024934   0x00000004   Data   RO         1949    .constdata          net_config.o
    0x08024938   0x08024938   0x00000008   Data   RO         1950    .constdata          net_config.o
    0x08024940   0x08024940   0x00000008   Data   RO         1951    .constdata          net_config.o
    0x08024948   0x08024948   0x0000000c   Data   RO         1952    .constdata          net_config.o
    0x08024954   0x08024954   0x00000018   Data   RO         1953    .constdata          net_config.o
    0x0802496c   0x0802496c   0x00000034   Data   RO         1954    .constdata          net_config.o
    0x080249a0   0x080249a0   0x00000008   Data   RO         1955    .constdata          net_config.o
    0x080249a8   0x080249a8   0x00000008   Data   RO         1956    .constdata          net_config.o
    0x080249b0   0x080249b0   0x00000034   Data   RO         1957    .constdata          net_config.o
    0x080249e4   0x080249e4   0x00000030   Data   RO         1958    .constdata          net_config.o
    0x08024a14   0x08024a14   0x00000010   Data   RO         1960    .constdata          net_config.o
    0x08024a24   0x08024a24   0x00000010   Data   RO         1961    .constdata          net_config.o
    0x08024a34   0x08024a34   0x0000000c   Data   RO         3337    .constdata          mc_w.l(localtime.o)
    0x08024a40   0x08024a40   0x00000040   Data   RO         3670    .constdata          mc_w.l(ctype_c.o)
    0x08024a80   0x08024a80   0x000000da   Data   RO          245    .conststring        http_server_cgi.o
    0x08024b5a   0x08024b5a   0x00000002   PAD
    0x08024b5c   0x08024b5c   0x00000012   Data   RO          462    .conststring        principalservidor.o
    0x08024b6e   0x08024b6e   0x00000002   PAD
    0x08024b70   0x08024b70   0x00000078   Data   RO         1962    .conststring        net_config.o
    0x08024be8   0x08024be8   0x0000000d   Data   RO         1963    .conststring        net_config.o
    0x08024bf5   0x08024bf5   0x00000003   PAD
    0x08024bf8   0x08024bf8   0x00000038   Data   RO         1964    .conststring        net_config.o
    0x08024c30   0x08024c30   0x0000001d   Data   RO         1965    .conststring        net_config.o
    0x08024c4d   0x08024c4d   0x00000003   PAD
    0x08024c50   0x08024c50   0x0000000f   Data   RO         1966    .conststring        net_config.o
    0x08024c5f   0x08024c5f   0x00000001   PAD
    0x08024c60   0x08024c60   0x0000000b   Data   RO          679    .conststrlit        rtx_kernel.o
    0x08024c6b   0x08024c6b   0x00000001   PAD
    0x08024c6c   0x08024c6c   0x000000a8   Data   RO          740    .rodata             rtx_lib.o
    0x08024d14   0x08024d14   0x00000018   Data   RO         2734    .rodata.DMonth      Net_Dbg_CM3_L.lib(net_http_server.o)
    0x08024d2c   0x08024d2c   0x00000004   Data   RO         2217    .rodata.IP_AllHosts  Net_Dbg_CM3_L.lib(net_igmp.o)
    0x08024d30   0x08024d30   0x00000040   Data   RO         2739    .rodata.Method      Net_Dbg_CM3_L.lib(net_http_server.o)
    0x08024d70   0x08024d70   0x00000030   Data   RO         2738    .rodata.Month       Net_Dbg_CM3_L.lib(net_http_server.o)
    0x08024da0   0x08024da0   0x0000001c   Data   RO         2737    .rodata.WkDay       Net_Dbg_CM3_L.lib(net_http_server.o)
    0x08024dbc   0x08024dbc   0x00000010   Data   RO         3277    .rodata.cst16       Net_Dbg_CM3_L.lib(net_common.o)
    0x08024dcc   0x08024dcc   0x00000090   Data   RO         2740    .rodata.http_set_ftype.ftype  Net_Dbg_CM3_L.lib(net_http_server.o)
    0x08024e5c   0x08024e5c   0x00000004   Data   RO         3115    .rodata.net_addr4_loopback  Net_Dbg_CM3_L.lib(net_ip4.o)
    0x08024e60   0x08024e60   0x00000010   Data   RO         3153    .rodata.net_addr6_all_nodes  Net_Dbg_CM3_L.lib(net_ip6.o)
    0x08024e70   0x08024e70   0x00000010   Data   RO         3155    .rodata.net_addr6_loopback  Net_Dbg_CM3_L.lib(net_ip6.o)
    0x08024e80   0x08024e80   0x00000006   Data   RO         2987    .rodata.net_addr_bcast  Net_Dbg_CM3_L.lib(net_addr.o)
    0x08024e86   0x08024e86   0x00000010   Data   RO         2986    .rodata.net_addr_unspec  Net_Dbg_CM3_L.lib(net_addr.o)
    0x08024e96   0x08024e96   0x00000050   Data   RO         3308    .rodata.net_base64_decode.dec_map  Net_Dbg_CM3_L.lib(net_base64.o)
    0x08024ee6   0x08024ee6   0x00000002   PAD
    0x08024ee8   0x08024ee8   0x00000018   Data   RO         2780    .rodata.net_http_auth_basic_func  Net_Dbg_CM3_L.lib(net_http_server_auth.o)
    0x08024f00   0x08024f00   0x00000018   Data   RO         3188    .rodata.net_http_error  Net_Dbg_CM3_L.lib(net_http_server_err.o)
    0x08024f18   0x08024f18   0x00000004   Data   RO         3317    .rodata.net_lib_version  Net_Dbg_CM3_L.lib(net_version.o)
    0x08024f1c   0x08024f1c   0x0000002c   Data   RO         2241    .rodata.net_loop_if_config  Net_Dbg_CM3_L.lib(net_loopback.o)
    0x08024f48   0x08024f48   0x00000012   Data   RO         2854    .rodata.net_ping_payload  Net_Dbg_CM3_L.lib(net_ping_core.o)
    0x08024f5a   0x08024f5a   0x000001a7   Data   RO         2735    .rodata.str1.1      Net_Dbg_CM3_L.lib(net_http_server.o)
    0x08025101   0x08025101   0x000001f8   Data   RO         3187    .rodata.str1.1      Net_Dbg_CM3_L.lib(net_http_server_err.o)
    0x080252f9   0x080252f9   0x00000001   PAD
    0x080252fa   0x080252fa   0x00000006   Data   RO         2736    .rodata.utc_to_http.DYear  Net_Dbg_CM3_L.lib(net_http_server.o)
    0x08025300   0x08025300   0x00000030   Data   RO         3672    Region$$Table       anon$$obj.o


    Execution Region RW_IRAM2 (Exec base: 0x10000000, Load base: 0x0802547c, Size: 0x000004a4, Max: 0x00010000, ABSOLUTE)

    Exec Addr    Load Addr    Size         Type   Attr      Idx    E Section Name        Object

    0x10000000        -       0x000004a4   Zero   RW         1256    .bss.noinit         eventrecorder.o


    Execution Region RW_IRAM1 (Exec base: 0x20000000, Load base: 0x08025330, Size: 0x0000f870, Max: 0x00030000, ABSOLUTE, COMPRESSED[0x0000014c])

    Exec Addr    Load Addr    Size         Type   Attr      Idx    E Section Name        Object

    0x20000000   COMPRESSED   0x00008000   Data   RW          727    .bss.os             rtx_lib.o
    0x20008000   COMPRESSED   0x00000040   Data   RW          728    .bss.os             rtx_lib.o
    0x20008040   COMPRESSED   0x00000001   Data   RW         1032    .bss.os             os_systick.o
    0x20008041   COMPRESSED   0x00000003   PAD
    0x20008044   COMPRESSED   0x00000034   Data   RW          729    .bss.os.msgqueue.cb  rtx_lib.o
    0x20008078   COMPRESSED   0x00000050   Data   RW          730    .bss.os.msgqueue.mem  rtx_lib.o
    0x200080c8   COMPRESSED   0x0000001c   Data   RW         1927    .bss.os.mutex.cb    net_config.o
    0x200080e4   COMPRESSED   0x0000001c   Data   RW         1928    .bss.os.mutex.cb    net_config.o
    0x20008100   COMPRESSED   0x00000010   Data   RW         1929    .bss.os.semaphore.cb  net_config.o
    0x20008110   COMPRESSED   0x00000044   Data   RW          731    .bss.os.thread.cb   rtx_lib.o
    0x20008154   COMPRESSED   0x00000044   Data   RW          732    .bss.os.thread.cb   rtx_lib.o
    0x20008198   COMPRESSED   0x00000044   Data   RW         1930    .bss.os.thread.cb   net_config.o
    0x200081dc   COMPRESSED   0x00000044   Data   RW         1931    .bss.os.thread.cb   net_config.o
    0x20008220   COMPRESSED   0x00000200   Data   RW          733    .bss.os.thread.idle.stack  rtx_lib.o
    0x20008420   COMPRESSED   0x00000200   Data   RW          734    .bss.os.thread.timer.stack  rtx_lib.o
    0x20008620   COMPRESSED   0x00000020   Data   RW         1932    .bss.os.timer.cb    net_config.o
    0x20008640   COMPRESSED   0x00000004   Data   RW            5    .data               main.o
    0x20008644   COMPRESSED   0x0000002e   Data   RW          182    .data               http_server.o
    0x20008672   COMPRESSED   0x00000001   Data   RW          246    .data               http_server_cgi.o
    0x20008673   COMPRESSED   0x00000001   PAD
    0x20008674   COMPRESSED   0x00000014   Data   RW          312    .data               lcd_1.o
    0x20008688   COMPRESSED   0x00000004   Data   RW          369    .data               sntp.o
    0x2000868c   COMPRESSED   0x00000022   Data   RW          403    .data               com.o
    0x200086ae   COMPRESSED   0x00000002   PAD
    0x200086b0   COMPRESSED   0x00000014   Data   RW          435    .data               mem.o
    0x200086c4   COMPRESSED   0x00000019   Data   RW          463    .data               principalservidor.o
    0x200086dd   COMPRESSED   0x00000003   PAD
    0x200086e0   COMPRESSED   0x0000000c   Data   RW         1319    .data               stm32f4xx_hal.o
    0x200086ec   COMPRESSED   0x00000004   Data   RW         1888    .data               system_stm32f4xx.o
    0x200086f0   COMPRESSED   0x00000004   Data   RW         1967    .data               net_config.o
    0x200086f4   COMPRESSED   0x00000006   Data   RW         1968    .data               net_config.o
    0x200086fa   COMPRESSED   0x00000004   Data   RW         1969    .data               net_config.o
    0x200086fe   COMPRESSED   0x00000002   PAD
    0x20008700   COMPRESSED   0x000000a4   Data   RW          680    .data.os            rtx_kernel.o
    0x200087a4        -       0x00000028   Zero   RW          179    .bss                http_server.o
    0x200087cc   COMPRESSED   0x00000004   PAD
    0x200087d0        -       0x00000400   Zero   RW          180    .bss                http_server.o
    0x20008bd0        -       0x00000038   Zero   RW          244    .bss                http_server_cgi.o
    0x20008c08        -       0x0000026c   Zero   RW          310    .bss                lcd_1.o
    0x20008e74        -       0x00000040   Zero   RW          343    .bss                rtc_2.o
    0x20008eb4        -       0x0000008c   Zero   RW          460    .bss                principalservidor.o
    0x20008f40        -       0x0000000c   Zero   RW         1079    .bss                phy_lan8742a.o
    0x20008f4c        -       0x000024cc   Zero   RW         1107    .bss                emac_stm32f4xx.o
    0x2000b418        -       0x00000028   Zero   RW         1149    .bss                i2c_stm32f4xx.o
    0x2000b440        -       0x00000010   Zero   RW         1181    .bss                spi_stm32f4xx.o
    0x2000b450        -       0x0000001c   Zero   RW         1182    .bss                spi_stm32f4xx.o
    0x2000b46c        -       0x00000014   Zero   RW         1220    .bss                usart_stm32f4xx.o
    0x2000b480        -       0x00000024   Zero   RW         1221    .bss                usart_stm32f4xx.o
    0x2000b4a4   COMPRESSED   0x00000004   PAD
    0x2000b4a8        -       0x00000400   Zero   RW         1915    .bss                net_config.o
    0x2000b8a8        -       0x00000400   Zero   RW         1916    .bss                net_config.o
    0x2000bca8        -       0x00002ee0   Zero   RW         1917    .bss                net_config.o
    0x2000eb88        -       0x000000c8   Zero   RW         1918    .bss                net_config.o
    0x2000ec50        -       0x00000028   Zero   RW         1919    .bss                net_config.o
    0x2000ec78        -       0x00000018   Zero   RW         1920    .bss                net_config.o
    0x2000ec90        -       0x00000028   Zero   RW         1921    .bss                net_config.o
    0x2000ecb8        -       0x0000003c   Zero   RW         1922    .bss                net_config.o
    0x2000ecf4        -       0x00000050   Zero   RW         1923    .bss                net_config.o
    0x2000ed44        -       0x00000228   Zero   RW         1924    .bss                net_config.o
    0x2000ef6c        -       0x00000168   Zero   RW         1925    .bss                net_config.o
    0x2000f0d4        -       0x000000f0   Zero   RW         1926    .bss                net_config.o
    0x2000f1c4        -       0x0000002c   Zero   RW         3336    .bss                mc_w.l(localtime.o)
    0x2000f1f0        -       0x00000055   Zero   RW         2741    .bss..L_MergedGlobals  Net_Dbg_CM3_L.lib(net_http_server.o)
    0x2000f245   COMPRESSED   0x00000003   PAD
    0x2000f248        -       0x00000038   Zero   RW         2907    .bss..L_MergedGlobals  Net_Dbg_CM3_L.lib(net_sys.o)
    0x2000f280        -       0x00000038   Zero   RW         2596    .bss.dns_control    Net_Dbg_CM3_L.lib(net_dns_client.o)
    0x2000f2b8        -       0x00000008   Zero   RW         3116    .bss.ip4_control    Net_Dbg_CM3_L.lib(net_ip4.o)
    0x2000f2c0        -       0x00000004   Zero   RW         3156    .bss.ip6_control    Net_Dbg_CM3_L.lib(net_ip6.o)
    0x2000f2c4        -       0x00000004   Zero   RW         2242    .bss.loop_control   Net_Dbg_CM3_L.lib(net_loopback.o)
    0x2000f2c8        -       0x00000014   Zero   RW         3212    .bss.mem_control    Net_Dbg_CM3_L.lib(net_mem.o)
    0x2000f2dc        -       0x0000001c   Zero   RW         2557    .bss.nbns_control   Net_Dbg_CM3_L.lib(net_nbns_client.o)
    0x2000f2f8        -       0x00000010   Zero   RW         2992    .bss.net_addr6_get_solicited.buf  Net_Dbg_CM3_L.lib(net_addr.o)
    0x2000f308        -       0x00000024   Zero   RW         2906    .bss.net_dbg_buf    Net_Dbg_CM3_L.lib(net_sys.o)
    0x2000f32c        -       0x00000018   Zero   RW         2182    .bss.net_eth0_arp_control  Net_Dbg_CM3_L.lib(net_arp.o)
    0x2000f344        -       0x00000001   Zero   RW         2284    .bss.net_eth0_icmp_control  Net_Dbg_CM3_L.lib(net_icmp.o)
    0x2000f345   COMPRESSED   0x00000003   PAD
    0x2000f348        -       0x000000a0   Zero   RW         2110    .bss.net_eth0_if_control  Net_Dbg_CM3_L.lib(net_eth.o)
    0x2000f3e8        -       0x00000004   Zero   RW         2218    .bss.net_eth0_igmp_control  Net_Dbg_CM3_L.lib(net_igmp.o)
    0x2000f3ec        -       0x00000004   Zero   RW         2267    .bss.net_ip4_frag_get.dfrag  Net_Dbg_CM3_L.lib(net_ip4_frag.o)
    0x2000f3f0        -       0x0000002c   Zero   RW         2855    .bss.net_ping_control  Net_Dbg_CM3_L.lib(net_ping_core.o)
    0x2000f41c        -       0x0000002c   Zero   RW         2831    .bss.net_sntp_control  Net_Dbg_CM3_L.lib(net_sntp_client_core.o)
    0x2000f448        -       0x00000001   Zero   RW         2521    .bss.net_tcp_socket_run.socket  Net_Dbg_CM3_L.lib(net_tcp.o)
    0x2000f449   COMPRESSED   0x00000003   PAD
    0x2000f44c        -       0x0000001c   Zero   RW         2356    .bss.net_udp_process.addr  Net_Dbg_CM3_L.lib(net_udp.o)
    0x2000f468        -       0x00000002   Zero   RW         2357    .bss.udp_alloc_port.port  Net_Dbg_CM3_L.lib(net_udp.o)
    0x2000f46a   COMPRESSED   0x00000006   PAD
    0x2000f470        -       0x00000400   Zero   RW         1875    STACK               startup_stm32f429xx.o


==============================================================================

Image component sizes


      Code (inc. data)   RO Data    RW Data    ZI Data      Debug   Object Name

       164         10          8          0          0       2420   buttons_nucleo_f429zi.o
       416          8         36         34          0       9467   com.o
      2536        156        148          0       9420      47678   emac_stm32f4xx.o
      1452         40         24          0       1188      17456   eventrecorder.o
       532         48         36         46       1064      12290   http_server.o
      2480        452        218          1         56       8824   http_server_cgi.o
      4692        100        104          0         40      15974   i2c_stm32f4xx.o
       148          8          0          0          0        632   irq_armv7m.o
      1110         46       2436         20        620       5211   lcd_1.o
       236         10         24          0          0       2825   led_nucleo_f429zi.o
       272         28          0          4          0     783031   main.o
       408         12         36         20          0       5361   mem.o
       360         26        881        254      15644      33675   net_config.o
       298          0          0          0          0        826   net_debug.o
       196         12          0          1          0       1992   os_systick.o
       428         10         36          0         12       7110   phy_lan8742a.o
      1032        264         54         25        140       6939   principalservidor.o
       572         74          0          0         64       3075   rtc_2.o
         4          0          0          0          0        591   rtx_config.o
       260         14          0          0          0      17930   rtx_delay.o
      1616         36          0          0          0      13292   rtx_evflags.o
      2392         88          0          0          0      45217   rtx_evr.o
      1740         96         11        164          0      28084   rtx_kernel.o
        24          0        268      34124          0       9883   rtx_lib.o
       292          0          0          0          0       3847   rtx_memory.o
      1984         48          0          0          0      15236   rtx_mempool.o
      2820         58          0          0          0      23756   rtx_msgqueue.o
      1368         30          0          0          0      10178   rtx_mutex.o
      1432         34          0          0          0      11964   rtx_semaphore.o
       668         18          0          0          0       8541   rtx_system.o
      4892        124          0          0          0      33693   rtx_thread.o
      1152         34          0          0          0      10285   rtx_timer.o
       264         32          0          4          0       3141   sntp.o
      3164         98        128          0         44      44963   spi_stm32f4xx.o
        36          8        428          0       1024        828   startup_stm32f429xx.o
       456         38          0         12          0      11471   stm32f4xx_hal.o
       664         10          0          0          0      36162   stm32f4xx_hal_cortex.o
      1816         28          8          0          0       7669   stm32f4xx_hal_dma.o
       868         54          0          0          0       4023   stm32f4xx_hal_gpio.o
       376         20          0          0          0       3651   stm32f4xx_hal_pwr.o
      1888         66          0          0          0       6175   stm32f4xx_hal_rcc.o
      1508         80          0          0          0       4733   stm32f4xx_hal_rcc_ex.o
      2416         24          0          0          0       8737   stm32f4xx_hal_rtc.o
      2828         22          0          0          0      13729   stm32f4xx_hal_rtc_ex.o
      9170        166          0          0          0      37672   stm32f4xx_hal_tim.o
      2992         62          0          0          0      13696   stm32f4xx_hal_tim_ex.o
       148         20         24          4          0       1773   system_stm32f4xx.o
      4520        128        136          0         56      17449   usart_stm32f4xx.o
       120         10      31453          0          0       1708   web.o

    ----------------------------------------------------------------------
     71214       2750      36560      34724      29380    1414863   Object Totals
         0          0         48          0          0          0   (incl. Generated)
         4          0         15         11          8          0   (incl. Padding)

    ----------------------------------------------------------------------

      Code (inc. data)   RO Data    RW Data    ZI Data      Debug   Library Member Name

      1490         32         22          0         16        724   net_addr.o
      2834        130          0          0         24        860   net_arp.o
       116          4         80          0          0         84   net_base64.o
       836          8         16          0          0        656   net_common.o
      2164        112          0          0         56        424   net_dns_client.o
      3806        144          0          0        160        684   net_eth.o
      7122        908        737          0         85       1484   net_http_server.o
       262         68         24          0          0        368   net_http_server_auth.o
         0          0        528          0          0          0   net_http_server_err.o
       640         44          0          0          1        132   net_icmp.o
       808         54          0          0          0        160   net_icmp6.o
      1006         40          4          0          4        360   net_igmp.o
      1240         92          4          0          8        372   net_ip4.o
       736         32          0          0          4        220   net_ip4_frag.o
      1036         76         32          0          4        348   net_ip6.o
       342         32         44          0          4        136   net_loopback.o
       580         56          0          0         20        212   net_mem.o
       670         48          0          0         28        380   net_nbns_client.o
      3234         76          0          0          0        936   net_ndp.o
       180         28         18          0         44        188   net_ping_core.o
       212         16          0          0          0         84   net_sntp_client.o
       852         72          0          0         44        336   net_sntp_client_core.o
       850         84          0          0         92        464   net_sys.o
      7166        226          0          0          1       1748   net_tcp.o
      1486         76          0          0         30        712   net_udp.o
         0          0          4          0          0          0   net_version.o
        56          8          0          0          0         84   __0sscanf.o
        86          0          0          0          0          0   __dczerorl2.o
        28          0          0          0          0         68   _chval.o
       816          6          0          0          0        112   _scanf.o
       332          0          0          0          0         96   _scanf_int.o
        64          0          0          0          0         84   _sgetc.o
        40          6         64          0          0         68   ctype_c.o
         0          0          0          0          0          0   entry.o
         0          0          0          0          0          0   entry10a.o
         0          0          0          0          0          0   entry11a.o
         4          0          0          0          0          0   entry12b.o
         8          4          0          0          0          0   entry2.o
         4          0          0          0          0          0   entry5.o
         0          0          0          0          0          0   entry7b.o
         0          0          0          0          0          0   entry8b.o
         8          4          0          0          0          0   entry9a.o
        30          0          0          0          0          0   handlers.o
        36          8          0          0          0         68   init.o
        10          0          0          0          0         68   isspace_c.o
        30          0          0          0          0         68   llshl.o
        32          0          0          0          0         68   llushr.o
       148         10         12          0         44         76   localtime.o
        26          0          0          0          0         80   memcmp.o
        36          0          0          0          0         68   memcpya.o
        36          0          0          0          0        108   memseta.o
      1234         54          0          0          0        576   printf8.o
        40          8          0          0          0         84   scanf_char.o
        28          0          0          0          0         76   strcmp.o
        18          0          0          0          0         68   strcpy.o
        14          0          0          0          0         68   strlen.o
        30          0          0          0          0         80   strncmp.o
        98          0          0          0          0         92   uldiv.o

    ----------------------------------------------------------------------
     43002       2566       1592          0        684      14232   Library Totals
        42          0          3          0         15          0   (incl. Padding)

    ----------------------------------------------------------------------

      Code (inc. data)   RO Data    RW Data    ZI Data      Debug   Library Name

     39668       2458       1513          0        625      12072   Net_Dbg_CM3_L.lib
      3292        108         76          0         44       2160   mc_w.l

    ----------------------------------------------------------------------
     43002       2566       1592          0        684      14232   Library Totals

    ----------------------------------------------------------------------

==============================================================================


      Code (inc. data)   RO Data    RW Data    ZI Data      Debug   

    114216       5316      38152      34724      30064    1423251   Grand Totals
    114216       5316      38152        332      30064    1423251   ELF Image Totals (compressed)
    114216       5316      38152        332          0          0   ROM Totals

==============================================================================

    Total RO  Size (Code + RO Data)               152368 ( 148.80kB)
    Total RW  Size (RW Data + ZI Data)             64788 (  63.27kB)
    Total ROM Size (Code + RO Data + RW Data)     152700 ( 149.12kB)

==============================================================================

