<!doctype html public "-//w3c//dtd html 4.0 transitional//en">
<html><head>
<title>Static Call Graph - [.\Debug\HTTP_Server.axf]</title></head>
<body><HR>
<H1>Static Call Graph for image .\Debug\HTTP_Server.axf</H1><HR>
<BR><P>#&#060CALLGRAPH&#062# ARM Linker, 5060960: Last Updated: Mon May 11 14:42:29 2026
<BR><P>
<H3>Maximum Stack Usage =        408 bytes + Unknown(Cycles, Untraceable Function Pointers)</H3><H3>
Call chain for Maximum Stack Depth:</H3>
net_http_server_run &rArr; http_kill_session &rArr; netCGI_ProcessData &rArr; ParseHoraMinuto &rArr; __0sscanf &rArr; __vfscanf_char &rArr; __vfscanf &rArr; _scanf_int
<P>
<H3>
Mutually Recursive functions
</H3> <LI><a href="#[151]">Error_Handler</a>&nbsp;&nbsp;&nbsp;&rArr;&nbsp;&nbsp;&nbsp;<a href="#[151]">Error_Handler</a><BR>
 <LI><a href="#[442]">net_sys_error</a>&nbsp;&nbsp;&nbsp;&rArr;&nbsp;&nbsp;&nbsp;<a href="#[442]">net_sys_error</a><BR>
 <LI><a href="#[2ab]">osRtxErrorNotify</a>&nbsp;&nbsp;&nbsp;&rArr;&nbsp;&nbsp;&nbsp;<a href="#[2ab]">osRtxErrorNotify</a><BR>
 <LI><a href="#[149]">__asm___13_rtx_mempool_c_7914b4c7__atomic_link_put</a>&nbsp;&nbsp;&nbsp;&rArr;&nbsp;&nbsp;&nbsp;<a href="#[149]">__asm___13_rtx_mempool_c_7914b4c7__atomic_link_put</a><BR>
 <LI><a href="#[a6]">osRtxIdleThread</a>&nbsp;&nbsp;&nbsp;&rArr;&nbsp;&nbsp;&nbsp;<a href="#[a6]">osRtxIdleThread</a><BR>
 <LI><a href="#[1]">NMI_Handler</a>&nbsp;&nbsp;&nbsp;&rArr;&nbsp;&nbsp;&nbsp;<a href="#[1]">NMI_Handler</a><BR>
 <LI><a href="#[2]">HardFault_Handler</a>&nbsp;&nbsp;&nbsp;&rArr;&nbsp;&nbsp;&nbsp;<a href="#[2]">HardFault_Handler</a><BR>
 <LI><a href="#[3]">MemManage_Handler</a>&nbsp;&nbsp;&nbsp;&rArr;&nbsp;&nbsp;&nbsp;<a href="#[3]">MemManage_Handler</a><BR>
 <LI><a href="#[4]">BusFault_Handler</a>&nbsp;&nbsp;&nbsp;&rArr;&nbsp;&nbsp;&nbsp;<a href="#[4]">BusFault_Handler</a><BR>
 <LI><a href="#[5]">UsageFault_Handler</a>&nbsp;&nbsp;&nbsp;&rArr;&nbsp;&nbsp;&nbsp;<a href="#[5]">UsageFault_Handler</a><BR>
 <LI><a href="#[7]">DebugMon_Handler</a>&nbsp;&nbsp;&nbsp;&rArr;&nbsp;&nbsp;&nbsp;<a href="#[7]">DebugMon_Handler</a><BR>
 <LI><a href="#[1c]">ADC_IRQHandler</a>&nbsp;&nbsp;&nbsp;&rArr;&nbsp;&nbsp;&nbsp;<a href="#[1c]">ADC_IRQHandler</a><BR>
 <LI><a href="#[4a0]">net_strcmp</a>&nbsp;&nbsp;&nbsp;&rArr;&nbsp;&nbsp;&nbsp;<a href="#[4a0]">net_strcmp</a><BR>
 <LI><a href="#[535]">sys_map_if</a>&nbsp;&nbsp;&nbsp;&rArr;&nbsp;&nbsp;&nbsp;<a href="#[535]">sys_map_if</a><BR>
 <LI><a href="#[356]">USART_Receive</a>&nbsp;&nbsp;&nbsp;&rArr;&nbsp;&nbsp;&nbsp;<a href="#[357]">USART_Send</a><BR>
 <LI><a href="#[49f]">net_strcasecmp</a>&nbsp;&nbsp;&nbsp;&rArr;&nbsp;&nbsp;&nbsp;<a href="#[49f]">net_strcasecmp</a><BR>
</UL>
<P>
<H3>
Function Pointers
</H3><UL>
 <LI><a href="#[1c]">ADC_IRQHandler</a> from startup_stm32f429xx.o(.text) referenced from startup_stm32f429xx.o(RESET)
 <LI><a href="#[4]">BusFault_Handler</a> from startup_stm32f429xx.o(.text) referenced from startup_stm32f429xx.o(RESET)
 <LI><a href="#[1e]">CAN1_RX0_IRQHandler</a> from startup_stm32f429xx.o(.text) referenced from startup_stm32f429xx.o(RESET)
 <LI><a href="#[1f]">CAN1_RX1_IRQHandler</a> from startup_stm32f429xx.o(.text) referenced from startup_stm32f429xx.o(RESET)
 <LI><a href="#[20]">CAN1_SCE_IRQHandler</a> from startup_stm32f429xx.o(.text) referenced from startup_stm32f429xx.o(RESET)
 <LI><a href="#[1d]">CAN1_TX_IRQHandler</a> from startup_stm32f429xx.o(.text) referenced from startup_stm32f429xx.o(RESET)
 <LI><a href="#[4a]">CAN2_RX0_IRQHandler</a> from startup_stm32f429xx.o(.text) referenced from startup_stm32f429xx.o(RESET)
 <LI><a href="#[4b]">CAN2_RX1_IRQHandler</a> from startup_stm32f429xx.o(.text) referenced from startup_stm32f429xx.o(RESET)
 <LI><a href="#[4c]">CAN2_SCE_IRQHandler</a> from startup_stm32f429xx.o(.text) referenced from startup_stm32f429xx.o(RESET)
 <LI><a href="#[49]">CAN2_TX_IRQHandler</a> from startup_stm32f429xx.o(.text) referenced from startup_stm32f429xx.o(RESET)
 <LI><a href="#[1ba]">Com_Callback</a> from com.o(.text) referenced from com.o(.text)
 <LI><a href="#[f8]">Control</a> from emac_stm32f4xx.o(.text) referenced from emac_stm32f4xx.o(.constdata)
 <LI><a href="#[f7]">ControlTimer</a> from emac_stm32f4xx.o(.text) referenced from emac_stm32f4xx.o(.constdata)
 <LI><a href="#[58]">DCMI_IRQHandler</a> from startup_stm32f429xx.o(.text) referenced from startup_stm32f429xx.o(RESET)
 <LI><a href="#[15]">DMA1_Stream0_IRQHandler</a> from startup_stm32f429xx.o(.text) referenced from startup_stm32f429xx.o(RESET)
 <LI><a href="#[16]">DMA1_Stream1_IRQHandler</a> from startup_stm32f429xx.o(.text) referenced from startup_stm32f429xx.o(RESET)
 <LI><a href="#[17]">DMA1_Stream2_IRQHandler</a> from startup_stm32f429xx.o(.text) referenced from startup_stm32f429xx.o(RESET)
 <LI><a href="#[18]">DMA1_Stream3_IRQHandler</a> from startup_stm32f429xx.o(.text) referenced from startup_stm32f429xx.o(RESET)
 <LI><a href="#[19]">DMA1_Stream4_IRQHandler</a> from startup_stm32f429xx.o(.text) referenced from startup_stm32f429xx.o(RESET)
 <LI><a href="#[1a]">DMA1_Stream5_IRQHandler</a> from startup_stm32f429xx.o(.text) referenced from startup_stm32f429xx.o(RESET)
 <LI><a href="#[1b]">DMA1_Stream6_IRQHandler</a> from startup_stm32f429xx.o(.text) referenced from startup_stm32f429xx.o(RESET)
 <LI><a href="#[39]">DMA1_Stream7_IRQHandler</a> from startup_stm32f429xx.o(.text) referenced from startup_stm32f429xx.o(RESET)
 <LI><a href="#[63]">DMA2D_IRQHandler</a> from startup_stm32f429xx.o(.text) referenced from startup_stm32f429xx.o(RESET)
 <LI><a href="#[42]">DMA2_Stream0_IRQHandler</a> from startup_stm32f429xx.o(.text) referenced from startup_stm32f429xx.o(RESET)
 <LI><a href="#[43]">DMA2_Stream1_IRQHandler</a> from startup_stm32f429xx.o(.text) referenced from startup_stm32f429xx.o(RESET)
 <LI><a href="#[44]">DMA2_Stream2_IRQHandler</a> from startup_stm32f429xx.o(.text) referenced from startup_stm32f429xx.o(RESET)
 <LI><a href="#[45]">DMA2_Stream3_IRQHandler</a> from startup_stm32f429xx.o(.text) referenced from startup_stm32f429xx.o(RESET)
 <LI><a href="#[46]">DMA2_Stream4_IRQHandler</a> from startup_stm32f429xx.o(.text) referenced from startup_stm32f429xx.o(RESET)
 <LI><a href="#[4e]">DMA2_Stream5_IRQHandler</a> from startup_stm32f429xx.o(.text) referenced from startup_stm32f429xx.o(RESET)
 <LI><a href="#[4f]">DMA2_Stream6_IRQHandler</a> from startup_stm32f429xx.o(.text) referenced from startup_stm32f429xx.o(RESET)
 <LI><a href="#[50]">DMA2_Stream7_IRQHandler</a> from startup_stm32f429xx.o(.text) referenced from startup_stm32f429xx.o(RESET)
 <LI><a href="#[7]">DebugMon_Handler</a> from startup_stm32f429xx.o(.text) referenced from startup_stm32f429xx.o(RESET)
 <LI><a href="#[47]">ETH_IRQHandler</a> from emac_stm32f4xx.o(.text) referenced from startup_stm32f429xx.o(RESET)
 <LI><a href="#[48]">ETH_WKUP_IRQHandler</a> from startup_stm32f429xx.o(.text) referenced from startup_stm32f429xx.o(RESET)
 <LI><a href="#[10]">EXTI0_IRQHandler</a> from startup_stm32f429xx.o(.text) referenced from startup_stm32f429xx.o(RESET)
 <LI><a href="#[32]">EXTI15_10_IRQHandler</a> from startup_stm32f429xx.o(.text) referenced from startup_stm32f429xx.o(RESET)
 <LI><a href="#[11]">EXTI1_IRQHandler</a> from startup_stm32f429xx.o(.text) referenced from startup_stm32f429xx.o(RESET)
 <LI><a href="#[12]">EXTI2_IRQHandler</a> from startup_stm32f429xx.o(.text) referenced from startup_stm32f429xx.o(RESET)
 <LI><a href="#[13]">EXTI3_IRQHandler</a> from startup_stm32f429xx.o(.text) referenced from startup_stm32f429xx.o(RESET)
 <LI><a href="#[14]">EXTI4_IRQHandler</a> from startup_stm32f429xx.o(.text) referenced from startup_stm32f429xx.o(RESET)
 <LI><a href="#[21]">EXTI9_5_IRQHandler</a> from startup_stm32f429xx.o(.text) referenced from startup_stm32f429xx.o(RESET)
 <LI><a href="#[df]">EventRecord2</a> from eventrecorder.o(.text) referenced from net_tcp.o(.text.net_tcp_process)
 <LI><a href="#[e]">FLASH_IRQHandler</a> from startup_stm32f429xx.o(.text) referenced from startup_stm32f429xx.o(RESET)
 <LI><a href="#[3a]">FMC_IRQHandler</a> from startup_stm32f429xx.o(.text) referenced from startup_stm32f429xx.o(RESET)
 <LI><a href="#[5a]">FPU_IRQHandler</a> from startup_stm32f429xx.o(.text) referenced from startup_stm32f429xx.o(RESET)
 <LI><a href="#[eb]">GetCapabilities</a> from emac_stm32f4xx.o(.text) referenced from emac_stm32f4xx.o(.constdata)
 <LI><a href="#[e9]">GetLinkInfo</a> from phy_lan8742a.o(.text) referenced from phy_lan8742a.o(.constdata)
 <LI><a href="#[e8]">GetLinkState</a> from phy_lan8742a.o(.text) referenced from phy_lan8742a.o(.constdata)
 <LI><a href="#[ef]">GetMacAddress</a> from emac_stm32f4xx.o(.text) referenced from emac_stm32f4xx.o(.constdata)
 <LI><a href="#[f4]">GetRxFrameSize</a> from emac_stm32f4xx.o(.text) referenced from emac_stm32f4xx.o(.constdata)
 <LI><a href="#[f5]">GetRxFrameTime</a> from emac_stm32f4xx.o(.text) referenced from emac_stm32f4xx.o(.constdata)
 <LI><a href="#[f6]">GetTxFrameTime</a> from emac_stm32f4xx.o(.text) referenced from emac_stm32f4xx.o(.constdata)
 <LI><a href="#[e2]">GetVersion</a> from phy_lan8742a.o(.text) referenced 2 times from phy_lan8742a.o(.constdata)
 <LI><a href="#[113]">HAL_RCC_GetPCLK1Freq</a> from stm32f4xx_hal_rcc.o(.text) referenced from usart_stm32f4xx.o(.constdata)
 <LI><a href="#[107]">HAL_RCC_GetPCLK2Freq</a> from stm32f4xx_hal_rcc.o(.text) referenced from spi_stm32f4xx.o(.constdata)
 <LI><a href="#[59]">HASH_RNG_IRQHandler</a> from startup_stm32f429xx.o(.text) referenced from startup_stm32f429xx.o(RESET)
 <LI><a href="#[2]">HardFault_Handler</a> from startup_stm32f429xx.o(.text) referenced from startup_stm32f429xx.o(RESET)
 <LI><a href="#[105]">I2C1_Control</a> from i2c_stm32f4xx.o(.text) referenced from i2c_stm32f4xx.o(.constdata)
 <LI><a href="#[2a]">I2C1_ER_IRQHandler</a> from i2c_stm32f4xx.o(.text) referenced from startup_stm32f429xx.o(RESET)
 <LI><a href="#[29]">I2C1_EV_IRQHandler</a> from i2c_stm32f4xx.o(.text) referenced from startup_stm32f429xx.o(RESET)
 <LI><a href="#[104]">I2C1_GetDataCount</a> from i2c_stm32f4xx.o(.text) referenced from i2c_stm32f4xx.o(.constdata)
 <LI><a href="#[106]">I2C1_GetStatus</a> from i2c_stm32f4xx.o(.text) referenced from i2c_stm32f4xx.o(.constdata)
 <LI><a href="#[fd]">I2C1_Initialize</a> from i2c_stm32f4xx.o(.text) referenced from i2c_stm32f4xx.o(.constdata)
 <LI><a href="#[101]">I2C1_MasterReceive</a> from i2c_stm32f4xx.o(.text) referenced from i2c_stm32f4xx.o(.constdata)
 <LI><a href="#[100]">I2C1_MasterTransmit</a> from i2c_stm32f4xx.o(.text) referenced from i2c_stm32f4xx.o(.constdata)
 <LI><a href="#[ff]">I2C1_PowerControl</a> from i2c_stm32f4xx.o(.text) referenced from i2c_stm32f4xx.o(.constdata)
 <LI><a href="#[103]">I2C1_SlaveReceive</a> from i2c_stm32f4xx.o(.text) referenced from i2c_stm32f4xx.o(.constdata)
 <LI><a href="#[102]">I2C1_SlaveTransmit</a> from i2c_stm32f4xx.o(.text) referenced from i2c_stm32f4xx.o(.constdata)
 <LI><a href="#[fe]">I2C1_Uninitialize</a> from i2c_stm32f4xx.o(.text) referenced from i2c_stm32f4xx.o(.constdata)
 <LI><a href="#[2c]">I2C2_ER_IRQHandler</a> from startup_stm32f429xx.o(.text) referenced from startup_stm32f429xx.o(RESET)
 <LI><a href="#[2b]">I2C2_EV_IRQHandler</a> from startup_stm32f429xx.o(.text) referenced from startup_stm32f429xx.o(RESET)
 <LI><a href="#[53]">I2C3_ER_IRQHandler</a> from startup_stm32f429xx.o(.text) referenced from startup_stm32f429xx.o(RESET)
 <LI><a href="#[52]">I2C3_EV_IRQHandler</a> from startup_stm32f429xx.o(.text) referenced from startup_stm32f429xx.o(RESET)
 <LI><a href="#[fc]">I2CX_GetCapabilities</a> from i2c_stm32f4xx.o(.text) referenced from i2c_stm32f4xx.o(.constdata)
 <LI><a href="#[fb]">I2CX_GetVersion</a> from i2c_stm32f4xx.o(.text) referenced from i2c_stm32f4xx.o(.constdata)
 <LI><a href="#[69]">I2C_Callback</a> from mem.o(.text) referenced from mem.o(.text)
 <LI><a href="#[e3]">Initialize</a> from phy_lan8742a.o(.text) referenced 2 times from phy_lan8742a.o(.constdata)
 <LI><a href="#[62]">LTDC_ER_IRQHandler</a> from startup_stm32f429xx.o(.text) referenced from startup_stm32f429xx.o(RESET)
 <LI><a href="#[61]">LTDC_IRQHandler</a> from startup_stm32f429xx.o(.text) referenced from startup_stm32f429xx.o(RESET)
 <LI><a href="#[3]">MemManage_Handler</a> from startup_stm32f429xx.o(.text) referenced from startup_stm32f429xx.o(RESET)
 <LI><a href="#[1]">NMI_Handler</a> from startup_stm32f429xx.o(.text) referenced from startup_stm32f429xx.o(RESET)
 <LI><a href="#[4d]">OTG_FS_IRQHandler</a> from startup_stm32f429xx.o(.text) referenced from startup_stm32f429xx.o(RESET)
 <LI><a href="#[34]">OTG_FS_WKUP_IRQHandler</a> from startup_stm32f429xx.o(.text) referenced from startup_stm32f429xx.o(RESET)
 <LI><a href="#[55]">OTG_HS_EP1_IN_IRQHandler</a> from startup_stm32f429xx.o(.text) referenced from startup_stm32f429xx.o(RESET)
 <LI><a href="#[54]">OTG_HS_EP1_OUT_IRQHandler</a> from startup_stm32f429xx.o(.text) referenced from startup_stm32f429xx.o(RESET)
 <LI><a href="#[57]">OTG_HS_IRQHandler</a> from startup_stm32f429xx.o(.text) referenced from startup_stm32f429xx.o(RESET)
 <LI><a href="#[56]">OTG_HS_WKUP_IRQHandler</a> from startup_stm32f429xx.o(.text) referenced from startup_stm32f429xx.o(RESET)
 <LI><a href="#[f9]">PHY_Read</a> from emac_stm32f4xx.o(.text) referenced from emac_stm32f4xx.o(.constdata)
 <LI><a href="#[fa]">PHY_Write</a> from emac_stm32f4xx.o(.text) referenced from emac_stm32f4xx.o(.constdata)
 <LI><a href="#[b]">PVD_IRQHandler</a> from startup_stm32f429xx.o(.text) referenced from startup_stm32f429xx.o(RESET)
 <LI><a href="#[8]">PendSV_Handler</a> from irq_armv7m.o(.text) referenced from startup_stm32f429xx.o(RESET)
 <LI><a href="#[e5]">PowerControl</a> from phy_lan8742a.o(.text) referenced 2 times from phy_lan8742a.o(.constdata)
 <LI><a href="#[f]">RCC_IRQHandler</a> from startup_stm32f429xx.o(.text) referenced from startup_stm32f429xx.o(RESET)
 <LI><a href="#[33]">RTC_Alarm_IRQHandler</a> from startup_stm32f429xx.o(.text) referenced from startup_stm32f429xx.o(RESET)
 <LI><a href="#[66]">RTC_LCD_Thread</a> from http_server.o(.text) referenced from http_server.o(.text)
 <LI><a href="#[d]">RTC_WKUP_IRQHandler</a> from startup_stm32f429xx.o(.text) referenced from startup_stm32f429xx.o(RESET)
 <LI><a href="#[f3]">ReadFrame</a> from emac_stm32f4xx.o(.text) referenced from emac_stm32f4xx.o(.constdata)
 <LI><a href="#[0]">Reset_Handler</a> from startup_stm32f429xx.o(.text) referenced from startup_stm32f429xx.o(RESET)
 <LI><a href="#[60]">SAI1_IRQHandler</a> from startup_stm32f429xx.o(.text) referenced from startup_stm32f429xx.o(RESET)
 <LI><a href="#[3b]">SDIO_IRQHandler</a> from startup_stm32f429xx.o(.text) referenced from startup_stm32f429xx.o(RESET)
 <LI><a href="#[68]">SNTP_Thread</a> from sntp.o(.text) referenced from sntp.o(.text)
 <LI><a href="#[111]">SPI1_Control</a> from spi_stm32f4xx.o(.text) referenced from spi_stm32f4xx.o(.constdata)
 <LI><a href="#[110]">SPI1_GetDataCount</a> from spi_stm32f4xx.o(.text) referenced from spi_stm32f4xx.o(.constdata)
 <LI><a href="#[112]">SPI1_GetStatus</a> from spi_stm32f4xx.o(.text) referenced from spi_stm32f4xx.o(.constdata)
 <LI><a href="#[2d]">SPI1_IRQHandler</a> from spi_stm32f4xx.o(.text) referenced from startup_stm32f429xx.o(RESET)
 <LI><a href="#[10a]">SPI1_Initialize</a> from spi_stm32f4xx.o(.text) referenced from spi_stm32f4xx.o(.constdata)
 <LI><a href="#[10c]">SPI1_PowerControl</a> from spi_stm32f4xx.o(.text) referenced from spi_stm32f4xx.o(.constdata)
 <LI><a href="#[10e]">SPI1_Receive</a> from spi_stm32f4xx.o(.text) referenced from spi_stm32f4xx.o(.constdata)
 <LI><a href="#[10d]">SPI1_Send</a> from spi_stm32f4xx.o(.text) referenced from spi_stm32f4xx.o(.constdata)
 <LI><a href="#[10f]">SPI1_Transfer</a> from spi_stm32f4xx.o(.text) referenced from spi_stm32f4xx.o(.constdata)
 <LI><a href="#[10b]">SPI1_Uninitialize</a> from spi_stm32f4xx.o(.text) referenced from spi_stm32f4xx.o(.constdata)
 <LI><a href="#[2e]">SPI2_IRQHandler</a> from startup_stm32f429xx.o(.text) referenced from startup_stm32f429xx.o(RESET)
 <LI><a href="#[3d]">SPI3_IRQHandler</a> from startup_stm32f429xx.o(.text) referenced from startup_stm32f429xx.o(RESET)
 <LI><a href="#[5d]">SPI4_IRQHandler</a> from startup_stm32f429xx.o(.text) referenced from startup_stm32f429xx.o(RESET)
 <LI><a href="#[5e]">SPI5_IRQHandler</a> from startup_stm32f429xx.o(.text) referenced from startup_stm32f429xx.o(RESET)
 <LI><a href="#[5f]">SPI6_IRQHandler</a> from startup_stm32f429xx.o(.text) referenced from startup_stm32f429xx.o(RESET)
 <LI><a href="#[109]">SPIX_GetCapabilities</a> from spi_stm32f4xx.o(.text) referenced from spi_stm32f4xx.o(.constdata)
 <LI><a href="#[108]">SPIX_GetVersion</a> from spi_stm32f4xx.o(.text) referenced from spi_stm32f4xx.o(.constdata)
 <LI><a href="#[6]">SVC_Handler</a> from irq_armv7m.o(.text) referenced from startup_stm32f429xx.o(RESET)
 <LI><a href="#[f2]">SendFrame</a> from emac_stm32f4xx.o(.text) referenced from emac_stm32f4xx.o(.constdata)
 <LI><a href="#[f1]">SetAddressFilter</a> from emac_stm32f4xx.o(.text) referenced from emac_stm32f4xx.o(.constdata)
 <LI><a href="#[e6]">SetInterface</a> from phy_lan8742a.o(.text) referenced from phy_lan8742a.o(.constdata)
 <LI><a href="#[f0]">SetMacAddress</a> from emac_stm32f4xx.o(.text) referenced from emac_stm32f4xx.o(.constdata)
 <LI><a href="#[e7]">SetMode</a> from phy_lan8742a.o(.text) referenced from phy_lan8742a.o(.constdata)
 <LI><a href="#[9]">SysTick_Handler</a> from irq_armv7m.o(.text) referenced from rtx_kernel.o(.text)
 <LI><a href="#[9]">SysTick_Handler</a> from irq_armv7m.o(.text) referenced from startup_stm32f429xx.o(RESET)
 <LI><a href="#[cd]">SystemInit</a> from system_stm32f4xx.o(.text) referenced from startup_stm32f429xx.o(.text)
 <LI><a href="#[c]">TAMP_STAMP_IRQHandler</a> from startup_stm32f429xx.o(.text) referenced from startup_stm32f429xx.o(RESET)
 <LI><a href="#[22]">TIM1_BRK_TIM9_IRQHandler</a> from startup_stm32f429xx.o(.text) referenced from startup_stm32f429xx.o(RESET)
 <LI><a href="#[25]">TIM1_CC_IRQHandler</a> from startup_stm32f429xx.o(.text) referenced from startup_stm32f429xx.o(RESET)
 <LI><a href="#[24]">TIM1_TRG_COM_TIM11_IRQHandler</a> from startup_stm32f429xx.o(.text) referenced from startup_stm32f429xx.o(RESET)
 <LI><a href="#[23]">TIM1_UP_TIM10_IRQHandler</a> from startup_stm32f429xx.o(.text) referenced from startup_stm32f429xx.o(RESET)
 <LI><a href="#[26]">TIM2_IRQHandler</a> from startup_stm32f429xx.o(.text) referenced from startup_stm32f429xx.o(RESET)
 <LI><a href="#[27]">TIM3_IRQHandler</a> from startup_stm32f429xx.o(.text) referenced from startup_stm32f429xx.o(RESET)
 <LI><a href="#[28]">TIM4_IRQHandler</a> from startup_stm32f429xx.o(.text) referenced from startup_stm32f429xx.o(RESET)
 <LI><a href="#[3c]">TIM5_IRQHandler</a> from startup_stm32f429xx.o(.text) referenced from startup_stm32f429xx.o(RESET)
 <LI><a href="#[40]">TIM6_DAC_IRQHandler</a> from startup_stm32f429xx.o(.text) referenced from startup_stm32f429xx.o(RESET)
 <LI><a href="#[41]">TIM7_IRQHandler</a> from startup_stm32f429xx.o(.text) referenced from startup_stm32f429xx.o(RESET)
 <LI><a href="#[35]">TIM8_BRK_TIM12_IRQHandler</a> from startup_stm32f429xx.o(.text) referenced from startup_stm32f429xx.o(RESET)
 <LI><a href="#[38]">TIM8_CC_IRQHandler</a> from startup_stm32f429xx.o(.text) referenced from startup_stm32f429xx.o(RESET)
 <LI><a href="#[37]">TIM8_TRG_COM_TIM14_IRQHandler</a> from startup_stm32f429xx.o(.text) referenced from startup_stm32f429xx.o(RESET)
 <LI><a href="#[36]">TIM8_UP_TIM13_IRQHandler</a> from startup_stm32f429xx.o(.text) referenced from startup_stm32f429xx.o(RESET)
 <LI><a href="#[c7]">TIMEx_DMACommutationCplt</a> from stm32f4xx_hal_tim_ex.o(.text) referenced 2 times from stm32f4xx_hal_tim.o(.text)
 <LI><a href="#[c8]">TIMEx_DMACommutationHalfCplt</a> from stm32f4xx_hal_tim_ex.o(.text) referenced 2 times from stm32f4xx_hal_tim.o(.text)
 <LI><a href="#[cb]">TIM_DMACaptureCplt</a> from stm32f4xx_hal_tim.o(.text) referenced 4 times from stm32f4xx_hal_tim.o(.text)
 <LI><a href="#[cc]">TIM_DMACaptureHalfCplt</a> from stm32f4xx_hal_tim.o(.text) referenced 4 times from stm32f4xx_hal_tim.o(.text)
 <LI><a href="#[c5]">TIM_DMADelayPulseCplt</a> from stm32f4xx_hal_tim.o(.text) referenced 5 times from stm32f4xx_hal_tim.o(.text)
 <LI><a href="#[c6]">TIM_DMADelayPulseHalfCplt</a> from stm32f4xx_hal_tim.o(.text) referenced 5 times from stm32f4xx_hal_tim.o(.text)
 <LI><a href="#[c4]">TIM_DMAError</a> from stm32f4xx_hal_tim.o(.text) referenced 8 times from stm32f4xx_hal_tim.o(.text)
 <LI><a href="#[c2]">TIM_DMAPeriodElapsedCplt</a> from stm32f4xx_hal_tim.o(.text) referenced 2 times from stm32f4xx_hal_tim.o(.text)
 <LI><a href="#[c3]">TIM_DMAPeriodElapsedHalfCplt</a> from stm32f4xx_hal_tim.o(.text) referenced 2 times from stm32f4xx_hal_tim.o(.text)
 <LI><a href="#[c9]">TIM_DMATriggerCplt</a> from stm32f4xx_hal_tim.o(.text) referenced from stm32f4xx_hal_tim.o(.text)
 <LI><a href="#[ca]">TIM_DMATriggerHalfCplt</a> from stm32f4xx_hal_tim.o(.text) referenced from stm32f4xx_hal_tim.o(.text)
 <LI><a href="#[1bc]">ThControlComRecepcion</a> from com.o(.text) referenced from com.o(.text)
 <LI><a href="#[1b8]">ThControlComTransmision</a> from com.o(.text) referenced from com.o(.text)
 <LI><a href="#[1c1]">ThControlEEPROM</a> from mem.o(.text) referenced from mem.o(.text)
 <LI><a href="#[1a3]">ThLCD</a> from lcd_1.o(.text) referenced from lcd_1.o(.text)
 <LI><a href="#[6a]">ThPrincipalServidor</a> from principalservidor.o(.text) referenced from principalservidor.o(.text)
 <LI><a href="#[3e]">UART4_IRQHandler</a> from startup_stm32f429xx.o(.text) referenced from startup_stm32f429xx.o(RESET)
 <LI><a href="#[3f]">UART5_IRQHandler</a> from startup_stm32f429xx.o(.text) referenced from startup_stm32f429xx.o(RESET)
 <LI><a href="#[5b]">UART7_IRQHandler</a> from startup_stm32f429xx.o(.text) referenced from startup_stm32f429xx.o(RESET)
 <LI><a href="#[5c]">UART8_IRQHandler</a> from startup_stm32f429xx.o(.text) referenced from startup_stm32f429xx.o(RESET)
 <LI><a href="#[2f]">USART1_IRQHandler</a> from startup_stm32f429xx.o(.text) referenced from startup_stm32f429xx.o(RESET)
 <LI><a href="#[30]">USART2_IRQHandler</a> from startup_stm32f429xx.o(.text) referenced from startup_stm32f429xx.o(RESET)
 <LI><a href="#[11e]">USART3_Control</a> from usart_stm32f4xx.o(.text) referenced from usart_stm32f4xx.o(.constdata)
 <LI><a href="#[115]">USART3_GetCapabilities</a> from usart_stm32f4xx.o(.text) referenced from usart_stm32f4xx.o(.constdata)
 <LI><a href="#[121]">USART3_GetModemStatus</a> from usart_stm32f4xx.o(.text) referenced from usart_stm32f4xx.o(.constdata)
 <LI><a href="#[11d]">USART3_GetRxCount</a> from usart_stm32f4xx.o(.text) referenced from usart_stm32f4xx.o(.constdata)
 <LI><a href="#[11f]">USART3_GetStatus</a> from usart_stm32f4xx.o(.text) referenced from usart_stm32f4xx.o(.constdata)
 <LI><a href="#[11c]">USART3_GetTxCount</a> from usart_stm32f4xx.o(.text) referenced from usart_stm32f4xx.o(.constdata)
 <LI><a href="#[31]">USART3_IRQHandler</a> from usart_stm32f4xx.o(.text) referenced from startup_stm32f429xx.o(RESET)
 <LI><a href="#[116]">USART3_Initialize</a> from usart_stm32f4xx.o(.text) referenced from usart_stm32f4xx.o(.constdata)
 <LI><a href="#[118]">USART3_PowerControl</a> from usart_stm32f4xx.o(.text) referenced from usart_stm32f4xx.o(.constdata)
 <LI><a href="#[11a]">USART3_Receive</a> from usart_stm32f4xx.o(.text) referenced from usart_stm32f4xx.o(.constdata)
 <LI><a href="#[119]">USART3_Send</a> from usart_stm32f4xx.o(.text) referenced from usart_stm32f4xx.o(.constdata)
 <LI><a href="#[120]">USART3_SetModemControl</a> from usart_stm32f4xx.o(.text) referenced from usart_stm32f4xx.o(.constdata)
 <LI><a href="#[11b]">USART3_Transfer</a> from usart_stm32f4xx.o(.text) referenced from usart_stm32f4xx.o(.constdata)
 <LI><a href="#[117]">USART3_Uninitialize</a> from usart_stm32f4xx.o(.text) referenced from usart_stm32f4xx.o(.constdata)
 <LI><a href="#[51]">USART6_IRQHandler</a> from startup_stm32f429xx.o(.text) referenced from startup_stm32f429xx.o(RESET)
 <LI><a href="#[114]">USARTx_GetVersion</a> from usart_stm32f4xx.o(.text) referenced from usart_stm32f4xx.o(.constdata)
 <LI><a href="#[e4]">Uninitialize</a> from phy_lan8742a.o(.text) referenced 2 times from phy_lan8742a.o(.constdata)
 <LI><a href="#[5]">UsageFault_Handler</a> from startup_stm32f429xx.o(.text) referenced from startup_stm32f429xx.o(RESET)
 <LI><a href="#[a]">WWDG_IRQHandler</a> from startup_stm32f429xx.o(.text) referenced from startup_stm32f429xx.o(RESET)
 <LI><a href="#[ce]">__main</a> from entry.o(.ARM.Collect$$$$00000000) referenced from startup_stm32f429xx.o(.text)
 <LI><a href="#[d3]">_sbackspace</a> from _sgetc.o(.text) referenced from __0sscanf.o(.text)
 <LI><a href="#[d4]">_scanf_char_input</a> from scanf_char.o(.text) referenced from scanf_char.o(.text)
 <LI><a href="#[d2]">_sgetc</a> from _sgetc.o(.text) referenced from __0sscanf.o(.text)
 <LI><a href="#[e0]">_snputc</a> from printf8.o(i._snputc) referenced from printf8.o(i.__0snprintf$8)
 <LI><a href="#[e1]">_sputc</a> from printf8.o(i._sputc) referenced from printf8.o(i.__0sprintf$8)
 <LI><a href="#[65]">app_main</a> from http_server.o(.text) referenced from main.o(.text)
 <LI><a href="#[67]">busy</a> from lcd_1.o(.text) referenced from lcd_1.o(.text)
 <LI><a href="#[da]">dns_listener</a> from net_dns_client.o(.text.dns_listener) referenced from net_dns_client.o(.text.net_dns_client_init)
 <LI><a href="#[db]">dns_notify</a> from net_dns_client.o(.text.dns_notify) referenced from net_dns_client.o(.text.net_dns_client_resolve)
 <LI><a href="#[122]">eth0_callback</a> from net_config.o(.text) referenced from net_config.o(.constdata)
 <LI><a href="#[143]">http_auth_basic_add</a> from net_http_server_auth.o(.text.http_auth_basic_add) referenced from net_http_server_auth.o(.rodata.net_http_auth_basic_func)
 <LI><a href="#[144]">http_auth_basic_parse</a> from net_http_server_auth.o(.text.http_auth_basic_parse) referenced from net_http_server_auth.o(.rodata.net_http_auth_basic_func)
 <LI><a href="#[142]">http_auth_dummy</a> from net_http_server_auth.o(.text.http_auth_dummy) referenced 2 times from net_http_server_auth.o(.rodata.net_http_auth_basic_func)
 <LI><a href="#[141]">http_auth_init</a> from net_http_server_auth.o(.text.http_auth_init) referenced from net_http_server_auth.o(.rodata.net_http_auth_basic_func)
 <LI><a href="#[dc]">http_listener</a> from net_http_server.o(.text.http_listener) referenced from net_http_server.o(.text.net_http_server_init)
 <LI><a href="#[d5]">isspace</a> from isspace_c.o(.text) referenced from scanf_char.o(.text)
 <LI><a href="#[64]">main</a> from main.o(.text) referenced from entry9a.o(.ARM.Collect$$$$0000000B)
 <LI><a href="#[dd]">nbns_listener</a> from net_nbns_client.o(.text.nbns_listener) referenced from net_nbns_client.o(.text.net_nbns_client_init)
 <LI><a href="#[cf]">netCore_Thread</a> from net_sys.o(.text.netCore_Thread) referenced from net_config.o(.text)
 <LI><a href="#[d1]">netETH_Thread</a> from net_eth.o(.text.netETH_Thread) referenced from net_config.o(.text)
 <LI><a href="#[128]">net_arp_cache_init</a> from net_arp.o(.text.net_arp_cache_init) referenced from net_config.o(.constdata)
 <LI><a href="#[134]">net_arp_cache_run</a> from net_arp.o(.text.net_arp_cache_run) referenced from net_config.o(.constdata)
 <LI><a href="#[d8]">net_atoi</a> from net_common.o(.text.net_atoi) referenced from net_http_server.o(.text.http_parse_header)
 <LI><a href="#[130]">net_dns_client_init</a> from net_dns_client.o(.text.net_dns_client_init) referenced from net_config.o(.constdata)
 <LI><a href="#[13b]">net_dns_client_run</a> from net_dns_client.o(.text.net_dns_client_run) referenced from net_config.o(.constdata)
 <LI><a href="#[124]">net_eth_config_mcast</a> from net_eth.o(.text.net_eth_config_mcast) referenced from net_config.o(.constdata)
 <LI><a href="#[13d]">net_eth_get_option</a> from net_eth.o(.text.net_eth_get_option) referenced from net_config.o(.constdata)
 <LI><a href="#[126]">net_eth_iface_init</a> from net_eth.o(.text.net_eth_iface_init) referenced from net_config.o(.constdata)
 <LI><a href="#[132]">net_eth_iface_run</a> from net_eth.o(.text.net_eth_iface_run) referenced from net_config.o(.constdata)
 <LI><a href="#[125]">net_eth_output</a> from net_eth.o(.text.net_eth_output) referenced from net_config.o(.constdata)
 <LI><a href="#[123]">net_eth_send_frame</a> from net_eth.o(.text.net_eth_send_frame) referenced from net_config.o(.constdata)
 <LI><a href="#[13e]">net_eth_set_option</a> from net_eth.o(.text.net_eth_set_option) referenced from net_config.o(.constdata)
 <LI><a href="#[12e]">net_http_server_init</a> from net_http_server.o(.text.net_http_server_init) referenced from net_config.o(.constdata)
 <LI><a href="#[139]">net_http_server_run</a> from net_http_server.o(.text.net_http_server_run) referenced from net_config.o(.constdata)
 <LI><a href="#[12b]">net_igmp_host_init</a> from net_igmp.o(.text.net_igmp_host_init) referenced from net_config.o(.constdata)
 <LI><a href="#[137]">net_igmp_host_run</a> from net_igmp.o(.text.net_igmp_host_run) referenced from net_config.o(.constdata)
 <LI><a href="#[129]">net_ip4_frag_init</a> from net_ip4_frag.o(.text.net_ip4_frag_init) referenced from net_config.o(.constdata)
 <LI><a href="#[135]">net_ip4_frag_run</a> from net_ip4_frag.o(.text.net_ip4_frag_run) referenced from net_config.o(.constdata)
 <LI><a href="#[d7]">net_itoa_n0</a> from net_common.o(.text.net_itoa_n0) referenced from net_http_server.o(.text.http_add_header)
 <LI><a href="#[127]">net_loop_iface_init</a> from net_loopback.o(.text.net_loop_iface_init) referenced from net_config.o(.constdata)
 <LI><a href="#[133]">net_loop_iface_run</a> from net_loopback.o(.text.net_loop_iface_run) referenced from net_config.o(.constdata)
 <LI><a href="#[145]">net_loop_send_frame</a> from net_loopback.o(.text.net_loop_send_frame) referenced from net_loopback.o(.rodata.net_loop_if_config)
 <LI><a href="#[12f]">net_nbns_client_init</a> from net_nbns_client.o(.text.net_nbns_client_init) referenced from net_config.o(.constdata)
 <LI><a href="#[13a]">net_nbns_client_run</a> from net_nbns_client.o(.text.net_nbns_client_run) referenced from net_config.o(.constdata)
 <LI><a href="#[12a]">net_ping_client_init</a> from net_ping_core.o(.text.net_ping_client_init) referenced from net_config.o(.constdata)
 <LI><a href="#[136]">net_ping_client_run</a> from net_ping_core.o(.text.net_ping_client_run) referenced from net_config.o(.constdata)
 <LI><a href="#[131]">net_sntp_client_init</a> from net_sntp_client_core.o(.text.net_sntp_client_init) referenced from net_config.o(.constdata)
 <LI><a href="#[13c]">net_sntp_client_run</a> from net_sntp_client_core.o(.text.net_sntp_client_run) referenced from net_config.o(.constdata)
 <LI><a href="#[d6]">net_strcpy</a> from net_common.o(.text.net_strcpy) referenced from net_http_server.o(.text.add_server_id)
 <LI><a href="#[d6]">net_strcpy</a> from net_common.o(.text.net_strcpy) referenced from net_http_server.o(.text.http_add_header)
 <LI><a href="#[d6]">net_strcpy</a> from net_common.o(.text.net_strcpy) referenced from net_http_server_auth.o(.text.http_auth_basic_add)
 <LI><a href="#[d6]">net_strcpy</a> from net_common.o(.text.net_strcpy) referenced from net_http_server.o(.text.net_http_server_run)
 <LI><a href="#[d0]">net_sys_tick</a> from net_sys.o(.text.net_sys_tick) referenced from net_config.o(.text)
 <LI><a href="#[12d]">net_tcp_socket_init</a> from net_tcp.o(.text.net_tcp_socket_init) referenced from net_config.o(.constdata)
 <LI><a href="#[138]">net_tcp_socket_run</a> from net_tcp.o(.text.net_tcp_socket_run) referenced from net_config.o(.constdata)
 <LI><a href="#[12c]">net_udp_socket_init</a> from net_udp.o(.text.net_udp_socket_init) referenced from net_config.o(.constdata)
 <LI><a href="#[6d]">osRtxEventFlagsPostProcess</a> from rtx_evflags.o(.text) referenced from rtx_evflags.o(.text)
 <LI><a href="#[a6]">osRtxIdleThread</a> from rtx_config.o(.text) referenced from rtx_thread.o(.text)
 <LI><a href="#[82]">osRtxMemoryPoolPostProcess</a> from rtx_mempool.o(.text) referenced from rtx_mempool.o(.text)
 <LI><a href="#[8c]">osRtxMessageQueuePostProcess</a> from rtx_msgqueue.o(.text) referenced from rtx_msgqueue.o(.text)
 <LI><a href="#[9d]">osRtxSemaphorePostProcess</a> from rtx_semaphore.o(.text) referenced from rtx_semaphore.o(.text)
 <LI><a href="#[a5]">osRtxThreadPostProcess</a> from rtx_thread.o(.text) referenced from rtx_thread.o(.text)
 <LI><a href="#[140]">osRtxTimerSetup</a> from rtx_timer.o(.text) referenced from rtx_lib.o(.rodata)
 <LI><a href="#[13f]">osRtxTimerThread</a> from rtx_timer.o(.text) referenced from rtx_lib.o(.rodata)
 <LI><a href="#[bb]">osRtxTimerTick</a> from rtx_timer.o(.text) referenced from rtx_timer.o(.text)
 <LI><a href="#[16d]">osThreadExit</a> from rtx_thread.o(.text) referenced from rtx_thread.o(.text)
 <LI><a href="#[de]">sntp_listener</a> from net_sntp_client_core.o(.text.sntp_listener) referenced from net_sntp_client_core.o(.text.net_sntp_client_init)
 <LI><a href="#[d9]">sntp_notify</a> from net_sntp_client.o(.text.sntp_notify) referenced from net_sntp_client.o(.text.netSNTPc_GetTimeX)
 <LI><a href="#[6b]">svcRtxDelay</a> from rtx_delay.o(.text) referenced from rtx_delay.o(.text)
 <LI><a href="#[6c]">svcRtxDelayUntil</a> from rtx_delay.o(.text) referenced from rtx_delay.o(.text)
 <LI><a href="#[71]">svcRtxEventFlagsClear</a> from rtx_evflags.o(.text) referenced from rtx_evflags.o(.text)
 <LI><a href="#[74]">svcRtxEventFlagsDelete</a> from rtx_evflags.o(.text) referenced from rtx_evflags.o(.text)
 <LI><a href="#[72]">svcRtxEventFlagsGet</a> from rtx_evflags.o(.text) referenced from rtx_evflags.o(.text)
 <LI><a href="#[6f]">svcRtxEventFlagsGetName</a> from rtx_evflags.o(.text) referenced from rtx_evflags.o(.text)
 <LI><a href="#[6e]">svcRtxEventFlagsNew</a> from rtx_evflags.o(.text) referenced from rtx_evflags.o(.text)
 <LI><a href="#[70]">svcRtxEventFlagsSet</a> from rtx_evflags.o(.text) referenced from rtx_evflags.o(.text)
 <LI><a href="#[73]">svcRtxEventFlagsWait</a> from rtx_evflags.o(.text) referenced from rtx_evflags.o(.text)
 <LI><a href="#[76]">svcRtxKernelGetInfo</a> from rtx_kernel.o(.text) referenced from rtx_kernel.o(.text)
 <LI><a href="#[77]">svcRtxKernelGetState</a> from rtx_kernel.o(.text) referenced from rtx_kernel.o(.text)
 <LI><a href="#[80]">svcRtxKernelGetSysTimerCount</a> from rtx_kernel.o(.text) referenced from rtx_kernel.o(.text)
 <LI><a href="#[81]">svcRtxKernelGetSysTimerFreq</a> from rtx_kernel.o(.text) referenced from rtx_kernel.o(.text)
 <LI><a href="#[7e]">svcRtxKernelGetTickCount</a> from rtx_kernel.o(.text) referenced from rtx_kernel.o(.text)
 <LI><a href="#[7f]">svcRtxKernelGetTickFreq</a> from rtx_kernel.o(.text) referenced from rtx_kernel.o(.text)
 <LI><a href="#[75]">svcRtxKernelInitialize</a> from rtx_kernel.o(.text) referenced from rtx_kernel.o(.text)
 <LI><a href="#[79]">svcRtxKernelLock</a> from rtx_kernel.o(.text) referenced from rtx_kernel.o(.text)
 <LI><a href="#[7b]">svcRtxKernelRestoreLock</a> from rtx_kernel.o(.text) referenced from rtx_kernel.o(.text)
 <LI><a href="#[7d]">svcRtxKernelResume</a> from rtx_kernel.o(.text) referenced from rtx_kernel.o(.text)
 <LI><a href="#[78]">svcRtxKernelStart</a> from rtx_kernel.o(.text) referenced from rtx_kernel.o(.text)
 <LI><a href="#[7c]">svcRtxKernelSuspend</a> from rtx_kernel.o(.text) referenced from rtx_kernel.o(.text)
 <LI><a href="#[7a]">svcRtxKernelUnlock</a> from rtx_kernel.o(.text) referenced from rtx_kernel.o(.text)
 <LI><a href="#[85]">svcRtxMemoryPoolAlloc</a> from rtx_mempool.o(.text) referenced from rtx_mempool.o(.text)
 <LI><a href="#[8b]">svcRtxMemoryPoolDelete</a> from rtx_mempool.o(.text) referenced from rtx_mempool.o(.text)
 <LI><a href="#[86]">svcRtxMemoryPoolFree</a> from rtx_mempool.o(.text) referenced from rtx_mempool.o(.text)
 <LI><a href="#[88]">svcRtxMemoryPoolGetBlockSize</a> from rtx_mempool.o(.text) referenced from rtx_mempool.o(.text)
 <LI><a href="#[87]">svcRtxMemoryPoolGetCapacity</a> from rtx_mempool.o(.text) referenced from rtx_mempool.o(.text)
 <LI><a href="#[89]">svcRtxMemoryPoolGetCount</a> from rtx_mempool.o(.text) referenced from rtx_mempool.o(.text)
 <LI><a href="#[84]">svcRtxMemoryPoolGetName</a> from rtx_mempool.o(.text) referenced from rtx_mempool.o(.text)
 <LI><a href="#[8a]">svcRtxMemoryPoolGetSpace</a> from rtx_mempool.o(.text) referenced from rtx_mempool.o(.text)
 <LI><a href="#[83]">svcRtxMemoryPoolNew</a> from rtx_mempool.o(.text) referenced from rtx_mempool.o(.text)
 <LI><a href="#[96]">svcRtxMessageQueueDelete</a> from rtx_msgqueue.o(.text) referenced from rtx_msgqueue.o(.text)
 <LI><a href="#[90]">svcRtxMessageQueueGet</a> from rtx_msgqueue.o(.text) referenced from rtx_msgqueue.o(.text)
 <LI><a href="#[91]">svcRtxMessageQueueGetCapacity</a> from rtx_msgqueue.o(.text) referenced from rtx_msgqueue.o(.text)
 <LI><a href="#[93]">svcRtxMessageQueueGetCount</a> from rtx_msgqueue.o(.text) referenced from rtx_msgqueue.o(.text)
 <LI><a href="#[92]">svcRtxMessageQueueGetMsgSize</a> from rtx_msgqueue.o(.text) referenced from rtx_msgqueue.o(.text)
 <LI><a href="#[8e]">svcRtxMessageQueueGetName</a> from rtx_msgqueue.o(.text) referenced from rtx_msgqueue.o(.text)
 <LI><a href="#[94]">svcRtxMessageQueueGetSpace</a> from rtx_msgqueue.o(.text) referenced from rtx_msgqueue.o(.text)
 <LI><a href="#[8d]">svcRtxMessageQueueNew</a> from rtx_msgqueue.o(.text) referenced from rtx_msgqueue.o(.text)
 <LI><a href="#[8f]">svcRtxMessageQueuePut</a> from rtx_msgqueue.o(.text) referenced from rtx_msgqueue.o(.text)
 <LI><a href="#[95]">svcRtxMessageQueueReset</a> from rtx_msgqueue.o(.text) referenced from rtx_msgqueue.o(.text)
 <LI><a href="#[99]">svcRtxMutexAcquire</a> from rtx_mutex.o(.text) referenced from rtx_mutex.o(.text)
 <LI><a href="#[9c]">svcRtxMutexDelete</a> from rtx_mutex.o(.text) referenced from rtx_mutex.o(.text)
 <LI><a href="#[98]">svcRtxMutexGetName</a> from rtx_mutex.o(.text) referenced from rtx_mutex.o(.text)
 <LI><a href="#[9b]">svcRtxMutexGetOwner</a> from rtx_mutex.o(.text) referenced from rtx_mutex.o(.text)
 <LI><a href="#[97]">svcRtxMutexNew</a> from rtx_mutex.o(.text) referenced from rtx_mutex.o(.text)
 <LI><a href="#[9a]">svcRtxMutexRelease</a> from rtx_mutex.o(.text) referenced from rtx_mutex.o(.text)
 <LI><a href="#[a0]">svcRtxSemaphoreAcquire</a> from rtx_semaphore.o(.text) referenced from rtx_semaphore.o(.text)
 <LI><a href="#[a3]">svcRtxSemaphoreDelete</a> from rtx_semaphore.o(.text) referenced from rtx_semaphore.o(.text)
 <LI><a href="#[a2]">svcRtxSemaphoreGetCount</a> from rtx_semaphore.o(.text) referenced from rtx_semaphore.o(.text)
 <LI><a href="#[9f]">svcRtxSemaphoreGetName</a> from rtx_semaphore.o(.text) referenced from rtx_semaphore.o(.text)
 <LI><a href="#[9e]">svcRtxSemaphoreNew</a> from rtx_semaphore.o(.text) referenced from rtx_semaphore.o(.text)
 <LI><a href="#[a1]">svcRtxSemaphoreRelease</a> from rtx_semaphore.o(.text) referenced from rtx_semaphore.o(.text)
 <LI><a href="#[b2]">svcRtxThreadDetach</a> from rtx_thread.o(.text) referenced from rtx_thread.o(.text)
 <LI><a href="#[b6]">svcRtxThreadEnumerate</a> from rtx_thread.o(.text) referenced from rtx_thread.o(.text)
 <LI><a href="#[a4]">svcRtxThreadExit</a> from rtx_thread.o(.text) referenced from rtx_thread.o(.text)
 <LI><a href="#[b8]">svcRtxThreadFlagsClear</a> from rtx_thread.o(.text) referenced from rtx_thread.o(.text)
 <LI><a href="#[b9]">svcRtxThreadFlagsGet</a> from rtx_thread.o(.text) referenced from rtx_thread.o(.text)
 <LI><a href="#[b7]">svcRtxThreadFlagsSet</a> from rtx_thread.o(.text) referenced from rtx_thread.o(.text)
 <LI><a href="#[ba]">svcRtxThreadFlagsWait</a> from rtx_thread.o(.text) referenced from rtx_thread.o(.text)
 <LI><a href="#[b5]">svcRtxThreadGetCount</a> from rtx_thread.o(.text) referenced from rtx_thread.o(.text)
 <LI><a href="#[a9]">svcRtxThreadGetId</a> from rtx_thread.o(.text) referenced from rtx_thread.o(.text)
 <LI><a href="#[a8]">svcRtxThreadGetName</a> from rtx_thread.o(.text) referenced from rtx_thread.o(.text)
 <LI><a href="#[ae]">svcRtxThreadGetPriority</a> from rtx_thread.o(.text) referenced from rtx_thread.o(.text)
 <LI><a href="#[ab]">svcRtxThreadGetStackSize</a> from rtx_thread.o(.text) referenced from rtx_thread.o(.text)
 <LI><a href="#[ac]">svcRtxThreadGetStackSpace</a> from rtx_thread.o(.text) referenced from rtx_thread.o(.text)
 <LI><a href="#[aa]">svcRtxThreadGetState</a> from rtx_thread.o(.text) referenced from rtx_thread.o(.text)
 <LI><a href="#[b3]">svcRtxThreadJoin</a> from rtx_thread.o(.text) referenced from rtx_thread.o(.text)
 <LI><a href="#[a7]">svcRtxThreadNew</a> from rtx_thread.o(.text) referenced from rtx_thread.o(.text)
 <LI><a href="#[b1]">svcRtxThreadResume</a> from rtx_thread.o(.text) referenced from rtx_thread.o(.text)
 <LI><a href="#[ad]">svcRtxThreadSetPriority</a> from rtx_thread.o(.text) referenced from rtx_thread.o(.text)
 <LI><a href="#[b0]">svcRtxThreadSuspend</a> from rtx_thread.o(.text) referenced from rtx_thread.o(.text)
 <LI><a href="#[b4]">svcRtxThreadTerminate</a> from rtx_thread.o(.text) referenced from rtx_thread.o(.text)
 <LI><a href="#[af]">svcRtxThreadYield</a> from rtx_thread.o(.text) referenced from rtx_thread.o(.text)
 <LI><a href="#[c1]">svcRtxTimerDelete</a> from rtx_timer.o(.text) referenced from rtx_timer.o(.text)
 <LI><a href="#[bd]">svcRtxTimerGetName</a> from rtx_timer.o(.text) referenced from rtx_timer.o(.text)
 <LI><a href="#[c0]">svcRtxTimerIsRunning</a> from rtx_timer.o(.text) referenced from rtx_timer.o(.text)
 <LI><a href="#[bc]">svcRtxTimerNew</a> from rtx_timer.o(.text) referenced from rtx_timer.o(.text)
 <LI><a href="#[be]">svcRtxTimerStart</a> from rtx_timer.o(.text) referenced from rtx_timer.o(.text)
 <LI><a href="#[bf]">svcRtxTimerStop</a> from rtx_timer.o(.text) referenced from rtx_timer.o(.text)
</UL>
<P>
<H3>
Global Symbols
</H3>
<P><STRONG><a name="[ce]"></a>__main</STRONG> (Thumb, 0 bytes, Stack size unknown bytes, entry.o(.ARM.Collect$$$$00000000))
<BR>[Address Reference Count : 1]<UL><LI> startup_stm32f429xx.o(.text)
</UL>
<P><STRONG><a name="[56b]"></a>_main_stk</STRONG> (Thumb, 0 bytes, Stack size unknown bytes, entry2.o(.ARM.Collect$$$$00000001))

<P><STRONG><a name="[146]"></a>_main_scatterload</STRONG> (Thumb, 0 bytes, Stack size unknown bytes, entry5.o(.ARM.Collect$$$$00000004))
<BR><BR>[Calls]<UL><LI><a href="#[147]">&gt;&gt;</a>&nbsp;&nbsp;&nbsp;__scatterload
</UL>

<P><STRONG><a name="[44d]"></a>__main_after_scatterload</STRONG> (Thumb, 0 bytes, Stack size unknown bytes, entry5.o(.ARM.Collect$$$$00000004))
<BR><BR>[Called By]<UL><LI><a href="#[147]">&gt;&gt;</a>&nbsp;&nbsp;&nbsp;__scatterload
</UL>

<P><STRONG><a name="[56c]"></a>_main_clock</STRONG> (Thumb, 0 bytes, Stack size unknown bytes, entry7b.o(.ARM.Collect$$$$00000008))

<P><STRONG><a name="[56d]"></a>_main_cpp_init</STRONG> (Thumb, 0 bytes, Stack size unknown bytes, entry8b.o(.ARM.Collect$$$$0000000A))

<P><STRONG><a name="[56e]"></a>_main_init</STRONG> (Thumb, 0 bytes, Stack size unknown bytes, entry9a.o(.ARM.Collect$$$$0000000B))

<P><STRONG><a name="[56f]"></a>__rt_lib_shutdown_fini</STRONG> (Thumb, 0 bytes, Stack size unknown bytes, entry12b.o(.ARM.Collect$$$$0000000E))

<P><STRONG><a name="[570]"></a>__rt_final_cpp</STRONG> (Thumb, 0 bytes, Stack size unknown bytes, entry10a.o(.ARM.Collect$$$$0000000F))

<P><STRONG><a name="[571]"></a>__rt_final_exit</STRONG> (Thumb, 0 bytes, Stack size unknown bytes, entry11a.o(.ARM.Collect$$$$00000011))

<P><STRONG><a name="[572]"></a>__asm___13_rtx_evflags_c_e167c757__atomic_wr8</STRONG> (Thumb, 16 bytes, Stack size 0 bytes, rtx_evflags.o(.emb_text), UNUSED)

<P><STRONG><a name="[1db]"></a>__asm___13_rtx_evflags_c_e167c757__atomic_set32</STRONG> (Thumb, 20 bytes, Stack size 0 bytes, rtx_evflags.o(.emb_text))
<BR><BR>[Called By]<UL><LI><a href="#[1da]">&gt;&gt;</a>&nbsp;&nbsp;&nbsp;EventFlagsSet
</UL>

<P><STRONG><a name="[1dd]"></a>__asm___13_rtx_evflags_c_e167c757__atomic_clr32</STRONG> (Thumb, 22 bytes, Stack size 0 bytes, rtx_evflags.o(.emb_text))
<BR><BR>[Called By]<UL><LI><a href="#[1dc]">&gt;&gt;</a>&nbsp;&nbsp;&nbsp;EventFlagsClear
</UL>

<P><STRONG><a name="[1df]"></a>__asm___13_rtx_evflags_c_e167c757__atomic_chk32_all</STRONG> (Thumb, 38 bytes, Stack size 0 bytes, rtx_evflags.o(.emb_text))
<BR><BR>[Called By]<UL><LI><a href="#[1de]">&gt;&gt;</a>&nbsp;&nbsp;&nbsp;EventFlagsCheck
</UL>

<P><STRONG><a name="[1e0]"></a>__asm___13_rtx_evflags_c_e167c757__atomic_chk32_any</STRONG> (Thumb, 34 bytes, Stack size 0 bytes, rtx_evflags.o(.emb_text))
<BR><BR>[Called By]<UL><LI><a href="#[1de]">&gt;&gt;</a>&nbsp;&nbsp;&nbsp;EventFlagsCheck
</UL>

<P><STRONG><a name="[573]"></a>__asm___13_rtx_evflags_c_e167c757__atomic_inc32</STRONG> (Thumb, 18 bytes, Stack size 0 bytes, rtx_evflags.o(.emb_text), UNUSED)

<P><STRONG><a name="[574]"></a>__asm___13_rtx_evflags_c_e167c757__atomic_inc16_lt</STRONG> (Thumb, 30 bytes, Stack size 0 bytes, rtx_evflags.o(.emb_text), UNUSED)

<P><STRONG><a name="[575]"></a>__asm___13_rtx_evflags_c_e167c757__atomic_inc16_lim</STRONG> (Thumb, 26 bytes, Stack size 0 bytes, rtx_evflags.o(.emb_text), UNUSED)

<P><STRONG><a name="[576]"></a>__asm___13_rtx_evflags_c_e167c757__atomic_dec32</STRONG> (Thumb, 18 bytes, Stack size 0 bytes, rtx_evflags.o(.emb_text), UNUSED)

<P><STRONG><a name="[577]"></a>__asm___13_rtx_evflags_c_e167c757__atomic_dec32_nz</STRONG> (Thumb, 26 bytes, Stack size 0 bytes, rtx_evflags.o(.emb_text), UNUSED)

<P><STRONG><a name="[578]"></a>__asm___13_rtx_evflags_c_e167c757__atomic_dec16_nz</STRONG> (Thumb, 26 bytes, Stack size 0 bytes, rtx_evflags.o(.emb_text), UNUSED)

<P><STRONG><a name="[579]"></a>__asm___13_rtx_evflags_c_e167c757__atomic_link_get</STRONG> (Thumb, 26 bytes, Stack size 0 bytes, rtx_evflags.o(.emb_text), UNUSED)

<P><STRONG><a name="[148]"></a>__asm___13_rtx_evflags_c_e167c757__atomic_link_put</STRONG> (Thumb, 28 bytes, Stack size 0 bytes, rtx_evflags.o(.emb_text), UNUSED)
<BR><BR>[Calls]<UL><LI><a href="#[148]">&gt;&gt;</a>&nbsp;&nbsp;&nbsp;__asm___13_rtx_evflags_c_e167c757__atomic_link_put
</UL>
<BR>[Called By]<UL><LI><a href="#[148]">&gt;&gt;</a>&nbsp;&nbsp;&nbsp;__asm___13_rtx_evflags_c_e167c757__atomic_link_put
</UL>

<P><STRONG><a name="[57a]"></a>__asm___13_rtx_mempool_c_7914b4c7__atomic_wr8</STRONG> (Thumb, 16 bytes, Stack size 0 bytes, rtx_mempool.o(.emb_text), UNUSED)

<P><STRONG><a name="[57b]"></a>__asm___13_rtx_mempool_c_7914b4c7__atomic_set32</STRONG> (Thumb, 20 bytes, Stack size 0 bytes, rtx_mempool.o(.emb_text), UNUSED)

<P><STRONG><a name="[57c]"></a>__asm___13_rtx_mempool_c_7914b4c7__atomic_clr32</STRONG> (Thumb, 22 bytes, Stack size 0 bytes, rtx_mempool.o(.emb_text), UNUSED)

<P><STRONG><a name="[57d]"></a>__asm___13_rtx_mempool_c_7914b4c7__atomic_chk32_all</STRONG> (Thumb, 38 bytes, Stack size 0 bytes, rtx_mempool.o(.emb_text), UNUSED)

<P><STRONG><a name="[57e]"></a>__asm___13_rtx_mempool_c_7914b4c7__atomic_chk32_any</STRONG> (Thumb, 34 bytes, Stack size 0 bytes, rtx_mempool.o(.emb_text), UNUSED)

<P><STRONG><a name="[2ba]"></a>__asm___13_rtx_mempool_c_7914b4c7__atomic_inc32</STRONG> (Thumb, 18 bytes, Stack size 0 bytes, rtx_mempool.o(.emb_text))
<BR><BR>[Called By]<UL><LI><a href="#[1e6]">&gt;&gt;</a>&nbsp;&nbsp;&nbsp;osRtxMemoryPoolAlloc
</UL>

<P><STRONG><a name="[57f]"></a>__asm___13_rtx_mempool_c_7914b4c7__atomic_inc16_lt</STRONG> (Thumb, 30 bytes, Stack size 0 bytes, rtx_mempool.o(.emb_text), UNUSED)

<P><STRONG><a name="[580]"></a>__asm___13_rtx_mempool_c_7914b4c7__atomic_inc16_lim</STRONG> (Thumb, 26 bytes, Stack size 0 bytes, rtx_mempool.o(.emb_text), UNUSED)

<P><STRONG><a name="[2bb]"></a>__asm___13_rtx_mempool_c_7914b4c7__atomic_dec32</STRONG> (Thumb, 18 bytes, Stack size 0 bytes, rtx_mempool.o(.emb_text))
<BR><BR>[Called By]<UL><LI><a href="#[1f2]">&gt;&gt;</a>&nbsp;&nbsp;&nbsp;osRtxMemoryPoolFree
</UL>

<P><STRONG><a name="[581]"></a>__asm___13_rtx_mempool_c_7914b4c7__atomic_dec32_nz</STRONG> (Thumb, 26 bytes, Stack size 0 bytes, rtx_mempool.o(.emb_text), UNUSED)

<P><STRONG><a name="[582]"></a>__asm___13_rtx_mempool_c_7914b4c7__atomic_dec16_nz</STRONG> (Thumb, 26 bytes, Stack size 0 bytes, rtx_mempool.o(.emb_text), UNUSED)

<P><STRONG><a name="[2b9]"></a>__asm___13_rtx_mempool_c_7914b4c7__atomic_link_get</STRONG> (Thumb, 26 bytes, Stack size 0 bytes, rtx_mempool.o(.emb_text))
<BR><BR>[Called By]<UL><LI><a href="#[1e6]">&gt;&gt;</a>&nbsp;&nbsp;&nbsp;osRtxMemoryPoolAlloc
</UL>

<P><STRONG><a name="[149]"></a>__asm___13_rtx_mempool_c_7914b4c7__atomic_link_put</STRONG> (Thumb, 28 bytes, Stack size 0 bytes, rtx_mempool.o(.emb_text))
<BR><BR>[Calls]<UL><LI><a href="#[149]">&gt;&gt;</a>&nbsp;&nbsp;&nbsp;__asm___13_rtx_mempool_c_7914b4c7__atomic_link_put
</UL>
<BR>[Called By]<UL><LI><a href="#[149]">&gt;&gt;</a>&nbsp;&nbsp;&nbsp;__asm___13_rtx_mempool_c_7914b4c7__atomic_link_put
<LI><a href="#[1f2]">&gt;&gt;</a>&nbsp;&nbsp;&nbsp;osRtxMemoryPoolFree
</UL>

<P><STRONG><a name="[2cc]"></a>__asm___14_rtx_msgqueue_c_a86a7a93__atomic_wr8</STRONG> (Thumb, 16 bytes, Stack size 0 bytes, rtx_msgqueue.o(.emb_text))
<BR><BR>[Called By]<UL><LI><a href="#[2ca]">&gt;&gt;</a>&nbsp;&nbsp;&nbsp;MessageQueueGet
</UL>

<P><STRONG><a name="[583]"></a>__asm___14_rtx_msgqueue_c_a86a7a93__atomic_set32</STRONG> (Thumb, 20 bytes, Stack size 0 bytes, rtx_msgqueue.o(.emb_text), UNUSED)

<P><STRONG><a name="[584]"></a>__asm___14_rtx_msgqueue_c_a86a7a93__atomic_clr32</STRONG> (Thumb, 22 bytes, Stack size 0 bytes, rtx_msgqueue.o(.emb_text), UNUSED)

<P><STRONG><a name="[585]"></a>__asm___14_rtx_msgqueue_c_a86a7a93__atomic_chk32_all</STRONG> (Thumb, 38 bytes, Stack size 0 bytes, rtx_msgqueue.o(.emb_text), UNUSED)

<P><STRONG><a name="[586]"></a>__asm___14_rtx_msgqueue_c_a86a7a93__atomic_chk32_any</STRONG> (Thumb, 34 bytes, Stack size 0 bytes, rtx_msgqueue.o(.emb_text), UNUSED)

<P><STRONG><a name="[2c9]"></a>__asm___14_rtx_msgqueue_c_a86a7a93__atomic_inc32</STRONG> (Thumb, 18 bytes, Stack size 0 bytes, rtx_msgqueue.o(.emb_text))
<BR><BR>[Called By]<UL><LI><a href="#[2c8]">&gt;&gt;</a>&nbsp;&nbsp;&nbsp;MessageQueuePut
</UL>

<P><STRONG><a name="[587]"></a>__asm___14_rtx_msgqueue_c_a86a7a93__atomic_inc16_lt</STRONG> (Thumb, 30 bytes, Stack size 0 bytes, rtx_msgqueue.o(.emb_text), UNUSED)

<P><STRONG><a name="[588]"></a>__asm___14_rtx_msgqueue_c_a86a7a93__atomic_inc16_lim</STRONG> (Thumb, 26 bytes, Stack size 0 bytes, rtx_msgqueue.o(.emb_text), UNUSED)

<P><STRONG><a name="[589]"></a>__asm___14_rtx_msgqueue_c_a86a7a93__atomic_dec32</STRONG> (Thumb, 18 bytes, Stack size 0 bytes, rtx_msgqueue.o(.emb_text), UNUSED)

<P><STRONG><a name="[2cb]"></a>__asm___14_rtx_msgqueue_c_a86a7a93__atomic_dec32_nz</STRONG> (Thumb, 26 bytes, Stack size 0 bytes, rtx_msgqueue.o(.emb_text))
<BR><BR>[Called By]<UL><LI><a href="#[2ca]">&gt;&gt;</a>&nbsp;&nbsp;&nbsp;MessageQueueGet
</UL>

<P><STRONG><a name="[58a]"></a>__asm___14_rtx_msgqueue_c_a86a7a93__atomic_dec16_nz</STRONG> (Thumb, 26 bytes, Stack size 0 bytes, rtx_msgqueue.o(.emb_text), UNUSED)

<P><STRONG><a name="[58b]"></a>__asm___14_rtx_msgqueue_c_a86a7a93__atomic_link_get</STRONG> (Thumb, 26 bytes, Stack size 0 bytes, rtx_msgqueue.o(.emb_text), UNUSED)

<P><STRONG><a name="[14a]"></a>__asm___14_rtx_msgqueue_c_a86a7a93__atomic_link_put</STRONG> (Thumb, 28 bytes, Stack size 0 bytes, rtx_msgqueue.o(.emb_text), UNUSED)
<BR><BR>[Calls]<UL><LI><a href="#[14a]">&gt;&gt;</a>&nbsp;&nbsp;&nbsp;__asm___14_rtx_msgqueue_c_a86a7a93__atomic_link_put
</UL>
<BR>[Called By]<UL><LI><a href="#[14a]">&gt;&gt;</a>&nbsp;&nbsp;&nbsp;__asm___14_rtx_msgqueue_c_a86a7a93__atomic_link_put
</UL>

<P><STRONG><a name="[58c]"></a>__asm___15_rtx_semaphore_c_c705bb47__atomic_wr8</STRONG> (Thumb, 16 bytes, Stack size 0 bytes, rtx_semaphore.o(.emb_text), UNUSED)

<P><STRONG><a name="[58d]"></a>__asm___15_rtx_semaphore_c_c705bb47__atomic_set32</STRONG> (Thumb, 20 bytes, Stack size 0 bytes, rtx_semaphore.o(.emb_text), UNUSED)

<P><STRONG><a name="[58e]"></a>__asm___15_rtx_semaphore_c_c705bb47__atomic_clr32</STRONG> (Thumb, 22 bytes, Stack size 0 bytes, rtx_semaphore.o(.emb_text), UNUSED)

<P><STRONG><a name="[58f]"></a>__asm___15_rtx_semaphore_c_c705bb47__atomic_chk32_all</STRONG> (Thumb, 38 bytes, Stack size 0 bytes, rtx_semaphore.o(.emb_text), UNUSED)

<P><STRONG><a name="[590]"></a>__asm___15_rtx_semaphore_c_c705bb47__atomic_chk32_any</STRONG> (Thumb, 34 bytes, Stack size 0 bytes, rtx_semaphore.o(.emb_text), UNUSED)

<P><STRONG><a name="[591]"></a>__asm___15_rtx_semaphore_c_c705bb47__atomic_inc32</STRONG> (Thumb, 18 bytes, Stack size 0 bytes, rtx_semaphore.o(.emb_text), UNUSED)

<P><STRONG><a name="[2e7]"></a>__asm___15_rtx_semaphore_c_c705bb47__atomic_inc16_lt</STRONG> (Thumb, 30 bytes, Stack size 0 bytes, rtx_semaphore.o(.emb_text))
<BR><BR>[Called By]<UL><LI><a href="#[2e6]">&gt;&gt;</a>&nbsp;&nbsp;&nbsp;SemaphoreTokenIncrement
</UL>

<P><STRONG><a name="[592]"></a>__asm___15_rtx_semaphore_c_c705bb47__atomic_inc16_lim</STRONG> (Thumb, 26 bytes, Stack size 0 bytes, rtx_semaphore.o(.emb_text), UNUSED)

<P><STRONG><a name="[593]"></a>__asm___15_rtx_semaphore_c_c705bb47__atomic_dec32</STRONG> (Thumb, 18 bytes, Stack size 0 bytes, rtx_semaphore.o(.emb_text), UNUSED)

<P><STRONG><a name="[594]"></a>__asm___15_rtx_semaphore_c_c705bb47__atomic_dec32_nz</STRONG> (Thumb, 26 bytes, Stack size 0 bytes, rtx_semaphore.o(.emb_text), UNUSED)

<P><STRONG><a name="[2e5]"></a>__asm___15_rtx_semaphore_c_c705bb47__atomic_dec16_nz</STRONG> (Thumb, 26 bytes, Stack size 0 bytes, rtx_semaphore.o(.emb_text))
<BR><BR>[Called By]<UL><LI><a href="#[2e4]">&gt;&gt;</a>&nbsp;&nbsp;&nbsp;SemaphoreTokenDecrement
</UL>

<P><STRONG><a name="[595]"></a>__asm___15_rtx_semaphore_c_c705bb47__atomic_link_get</STRONG> (Thumb, 26 bytes, Stack size 0 bytes, rtx_semaphore.o(.emb_text), UNUSED)

<P><STRONG><a name="[14b]"></a>__asm___15_rtx_semaphore_c_c705bb47__atomic_link_put</STRONG> (Thumb, 28 bytes, Stack size 0 bytes, rtx_semaphore.o(.emb_text), UNUSED)
<BR><BR>[Calls]<UL><LI><a href="#[14b]">&gt;&gt;</a>&nbsp;&nbsp;&nbsp;__asm___15_rtx_semaphore_c_c705bb47__atomic_link_put
</UL>
<BR>[Called By]<UL><LI><a href="#[14b]">&gt;&gt;</a>&nbsp;&nbsp;&nbsp;__asm___15_rtx_semaphore_c_c705bb47__atomic_link_put
</UL>

<P><STRONG><a name="[596]"></a>__asm___12_rtx_system_c_024f2f18__atomic_wr8</STRONG> (Thumb, 16 bytes, Stack size 0 bytes, rtx_system.o(.emb_text), UNUSED)

<P><STRONG><a name="[597]"></a>__asm___12_rtx_system_c_024f2f18__atomic_set32</STRONG> (Thumb, 20 bytes, Stack size 0 bytes, rtx_system.o(.emb_text), UNUSED)

<P><STRONG><a name="[598]"></a>__asm___12_rtx_system_c_024f2f18__atomic_clr32</STRONG> (Thumb, 22 bytes, Stack size 0 bytes, rtx_system.o(.emb_text), UNUSED)

<P><STRONG><a name="[599]"></a>__asm___12_rtx_system_c_024f2f18__atomic_chk32_all</STRONG> (Thumb, 38 bytes, Stack size 0 bytes, rtx_system.o(.emb_text), UNUSED)

<P><STRONG><a name="[59a]"></a>__asm___12_rtx_system_c_024f2f18__atomic_chk32_any</STRONG> (Thumb, 34 bytes, Stack size 0 bytes, rtx_system.o(.emb_text), UNUSED)

<P><STRONG><a name="[59b]"></a>__asm___12_rtx_system_c_024f2f18__atomic_inc32</STRONG> (Thumb, 18 bytes, Stack size 0 bytes, rtx_system.o(.emb_text), UNUSED)

<P><STRONG><a name="[2f1]"></a>__asm___12_rtx_system_c_024f2f18__atomic_inc16_lt</STRONG> (Thumb, 30 bytes, Stack size 0 bytes, rtx_system.o(.emb_text))
<BR><BR>[Called By]<UL><LI><a href="#[2f0]">&gt;&gt;</a>&nbsp;&nbsp;&nbsp;isr_queue_put
</UL>

<P><STRONG><a name="[2f2]"></a>__asm___12_rtx_system_c_024f2f18__atomic_inc16_lim</STRONG> (Thumb, 26 bytes, Stack size 0 bytes, rtx_system.o(.emb_text))
<BR><BR>[Called By]<UL><LI><a href="#[2f3]">&gt;&gt;</a>&nbsp;&nbsp;&nbsp;isr_queue_get
<LI><a href="#[2f0]">&gt;&gt;</a>&nbsp;&nbsp;&nbsp;isr_queue_put
</UL>

<P><STRONG><a name="[59c]"></a>__asm___12_rtx_system_c_024f2f18__atomic_dec32</STRONG> (Thumb, 18 bytes, Stack size 0 bytes, rtx_system.o(.emb_text), UNUSED)

<P><STRONG><a name="[59d]"></a>__asm___12_rtx_system_c_024f2f18__atomic_dec32_nz</STRONG> (Thumb, 26 bytes, Stack size 0 bytes, rtx_system.o(.emb_text), UNUSED)

<P><STRONG><a name="[2f4]"></a>__asm___12_rtx_system_c_024f2f18__atomic_dec16_nz</STRONG> (Thumb, 26 bytes, Stack size 0 bytes, rtx_system.o(.emb_text))
<BR><BR>[Called By]<UL><LI><a href="#[2f3]">&gt;&gt;</a>&nbsp;&nbsp;&nbsp;isr_queue_get
</UL>

<P><STRONG><a name="[59e]"></a>__asm___12_rtx_system_c_024f2f18__atomic_link_get</STRONG> (Thumb, 26 bytes, Stack size 0 bytes, rtx_system.o(.emb_text), UNUSED)

<P><STRONG><a name="[14c]"></a>__asm___12_rtx_system_c_024f2f18__atomic_link_put</STRONG> (Thumb, 28 bytes, Stack size 0 bytes, rtx_system.o(.emb_text), UNUSED)
<BR><BR>[Calls]<UL><LI><a href="#[14c]">&gt;&gt;</a>&nbsp;&nbsp;&nbsp;__asm___12_rtx_system_c_024f2f18__atomic_link_put
</UL>
<BR>[Called By]<UL><LI><a href="#[14c]">&gt;&gt;</a>&nbsp;&nbsp;&nbsp;__asm___12_rtx_system_c_024f2f18__atomic_link_put
</UL>

<P><STRONG><a name="[59f]"></a>__asm___12_rtx_thread_c_add96be5__atomic_wr8</STRONG> (Thumb, 16 bytes, Stack size 0 bytes, rtx_thread.o(.emb_text), UNUSED)

<P><STRONG><a name="[2f8]"></a>__asm___12_rtx_thread_c_add96be5__atomic_set32</STRONG> (Thumb, 20 bytes, Stack size 0 bytes, rtx_thread.o(.emb_text))
<BR><BR>[Called By]<UL><LI><a href="#[2f7]">&gt;&gt;</a>&nbsp;&nbsp;&nbsp;ThreadFlagsSet
</UL>

<P><STRONG><a name="[2fa]"></a>__asm___12_rtx_thread_c_add96be5__atomic_clr32</STRONG> (Thumb, 22 bytes, Stack size 0 bytes, rtx_thread.o(.emb_text))
<BR><BR>[Called By]<UL><LI><a href="#[2f9]">&gt;&gt;</a>&nbsp;&nbsp;&nbsp;ThreadFlagsClear
</UL>

<P><STRONG><a name="[2fc]"></a>__asm___12_rtx_thread_c_add96be5__atomic_chk32_all</STRONG> (Thumb, 38 bytes, Stack size 0 bytes, rtx_thread.o(.emb_text))
<BR><BR>[Called By]<UL><LI><a href="#[2fb]">&gt;&gt;</a>&nbsp;&nbsp;&nbsp;ThreadFlagsCheck
</UL>

<P><STRONG><a name="[2fd]"></a>__asm___12_rtx_thread_c_add96be5__atomic_chk32_any</STRONG> (Thumb, 34 bytes, Stack size 0 bytes, rtx_thread.o(.emb_text))
<BR><BR>[Called By]<UL><LI><a href="#[2fb]">&gt;&gt;</a>&nbsp;&nbsp;&nbsp;ThreadFlagsCheck
</UL>

<P><STRONG><a name="[5a0]"></a>__asm___12_rtx_thread_c_add96be5__atomic_inc32</STRONG> (Thumb, 18 bytes, Stack size 0 bytes, rtx_thread.o(.emb_text), UNUSED)

<P><STRONG><a name="[5a1]"></a>__asm___12_rtx_thread_c_add96be5__atomic_inc16_lt</STRONG> (Thumb, 30 bytes, Stack size 0 bytes, rtx_thread.o(.emb_text), UNUSED)

<P><STRONG><a name="[5a2]"></a>__asm___12_rtx_thread_c_add96be5__atomic_inc16_lim</STRONG> (Thumb, 26 bytes, Stack size 0 bytes, rtx_thread.o(.emb_text), UNUSED)

<P><STRONG><a name="[5a3]"></a>__asm___12_rtx_thread_c_add96be5__atomic_dec32</STRONG> (Thumb, 18 bytes, Stack size 0 bytes, rtx_thread.o(.emb_text), UNUSED)

<P><STRONG><a name="[5a4]"></a>__asm___12_rtx_thread_c_add96be5__atomic_dec32_nz</STRONG> (Thumb, 26 bytes, Stack size 0 bytes, rtx_thread.o(.emb_text), UNUSED)

<P><STRONG><a name="[5a5]"></a>__asm___12_rtx_thread_c_add96be5__atomic_dec16_nz</STRONG> (Thumb, 26 bytes, Stack size 0 bytes, rtx_thread.o(.emb_text), UNUSED)

<P><STRONG><a name="[5a6]"></a>__asm___12_rtx_thread_c_add96be5__atomic_link_get</STRONG> (Thumb, 26 bytes, Stack size 0 bytes, rtx_thread.o(.emb_text), UNUSED)

<P><STRONG><a name="[14d]"></a>__asm___12_rtx_thread_c_add96be5__atomic_link_put</STRONG> (Thumb, 28 bytes, Stack size 0 bytes, rtx_thread.o(.emb_text), UNUSED)
<BR><BR>[Calls]<UL><LI><a href="#[14d]">&gt;&gt;</a>&nbsp;&nbsp;&nbsp;__asm___12_rtx_thread_c_add96be5__atomic_link_put
</UL>
<BR>[Called By]<UL><LI><a href="#[14d]">&gt;&gt;</a>&nbsp;&nbsp;&nbsp;__asm___12_rtx_thread_c_add96be5__atomic_link_put
</UL>

<P><STRONG><a name="[370]"></a>__asm___15_EventRecorder_c_e8d3082c__atomic_inc8</STRONG> (Thumb, 18 bytes, Stack size 0 bytes, eventrecorder.o(.emb_text))
<BR><BR>[Called By]<UL><LI><a href="#[20d]">&gt;&gt;</a>&nbsp;&nbsp;&nbsp;EventRecordData
<LI><a href="#[202]">&gt;&gt;</a>&nbsp;&nbsp;&nbsp;EventRecord4
</UL>

<P><STRONG><a name="[362]"></a>__asm___15_EventRecorder_c_e8d3082c__atomic_inc32</STRONG> (Thumb, 18 bytes, Stack size 0 bytes, eventrecorder.o(.emb_text))
<BR><BR>[Called By]<UL><LI><a href="#[365]">&gt;&gt;</a>&nbsp;&nbsp;&nbsp;EventGetTS
<LI><a href="#[361]">&gt;&gt;</a>&nbsp;&nbsp;&nbsp;EventRecordItem
</UL>

<P><STRONG><a name="[367]"></a>__asm___15_EventRecorder_c_e8d3082c__atomic_xch32</STRONG> (Thumb, 16 bytes, Stack size 0 bytes, eventrecorder.o(.emb_text))
<BR><BR>[Called By]<UL><LI><a href="#[365]">&gt;&gt;</a>&nbsp;&nbsp;&nbsp;EventGetTS
</UL>

<P><STRONG><a name="[363]"></a>__asm___15_EventRecorder_c_e8d3082c__LockRecord</STRONG> (Thumb, 34 bytes, Stack size 0 bytes, eventrecorder.o(.emb_text))
<BR><BR>[Called By]<UL><LI><a href="#[361]">&gt;&gt;</a>&nbsp;&nbsp;&nbsp;EventRecordItem
</UL>

<P><STRONG><a name="[364]"></a>__asm___15_EventRecorder_c_e8d3082c__UnlockRecord</STRONG> (Thumb, 30 bytes, Stack size 0 bytes, eventrecorder.o(.emb_text))
<BR><BR>[Called By]<UL><LI><a href="#[361]">&gt;&gt;</a>&nbsp;&nbsp;&nbsp;EventRecordItem
</UL>

<P><STRONG><a name="[14e]"></a>HAL_GetTick</STRONG> (Thumb, 66 bytes, Stack size 8 bytes, main.o(.text))
<BR><BR>[Stack]<UL><LI>Max Depth = 96<LI>Call Chain = HAL_GetTick &rArr; osKernelGetTickCount &rArr; svcRtxKernelGetTickCount &rArr; EvrRtxKernelGetTickCount &rArr; EventRecord2 &rArr; EventRecordItem
</UL>
<BR>[Calls]<UL><LI><a href="#[150]">&gt;&gt;</a>&nbsp;&nbsp;&nbsp;osKernelGetTickCount
<LI><a href="#[14f]">&gt;&gt;</a>&nbsp;&nbsp;&nbsp;osKernelGetState
</UL>
<BR>[Called By]<UL><LI><a href="#[1ad]">&gt;&gt;</a>&nbsp;&nbsp;&nbsp;HAL_RCCEx_PeriphCLKConfig
<LI><a href="#[153]">&gt;&gt;</a>&nbsp;&nbsp;&nbsp;HAL_RCC_OscConfig
<LI><a href="#[154]">&gt;&gt;</a>&nbsp;&nbsp;&nbsp;HAL_RCC_ClockConfig
<LI><a href="#[381]">&gt;&gt;</a>&nbsp;&nbsp;&nbsp;HAL_DMA_PollForTransfer
<LI><a href="#[33b]">&gt;&gt;</a>&nbsp;&nbsp;&nbsp;HAL_Delay
<LI><a href="#[32e]">&gt;&gt;</a>&nbsp;&nbsp;&nbsp;HAL_DMA_Init
<LI><a href="#[332]">&gt;&gt;</a>&nbsp;&nbsp;&nbsp;HAL_DMA_Abort
<LI><a href="#[337]">&gt;&gt;</a>&nbsp;&nbsp;&nbsp;I2C_MasterReceive
<LI><a href="#[335]">&gt;&gt;</a>&nbsp;&nbsp;&nbsp;I2C_MasterTransmit
<LI><a href="#[fa]">&gt;&gt;</a>&nbsp;&nbsp;&nbsp;PHY_Write
<LI><a href="#[f9]">&gt;&gt;</a>&nbsp;&nbsp;&nbsp;PHY_Read
<LI><a href="#[3b2]">&gt;&gt;</a>&nbsp;&nbsp;&nbsp;HAL_RTCEx_PollForAlarmBEvent
<LI><a href="#[3af]">&gt;&gt;</a>&nbsp;&nbsp;&nbsp;HAL_RTCEx_SetSynchroShift
<LI><a href="#[3ae]">&gt;&gt;</a>&nbsp;&nbsp;&nbsp;HAL_RTCEx_SetSmoothCalib
<LI><a href="#[3ab]">&gt;&gt;</a>&nbsp;&nbsp;&nbsp;HAL_RTCEx_PollForWakeUpTimerEvent
<LI><a href="#[3a8]">&gt;&gt;</a>&nbsp;&nbsp;&nbsp;HAL_RTCEx_DeactivateWakeUpTimer
<LI><a href="#[3a7]">&gt;&gt;</a>&nbsp;&nbsp;&nbsp;HAL_RTCEx_SetWakeUpTimer
<LI><a href="#[3a6]">&gt;&gt;</a>&nbsp;&nbsp;&nbsp;HAL_RTCEx_PollForTamper2Event
<LI><a href="#[3a5]">&gt;&gt;</a>&nbsp;&nbsp;&nbsp;HAL_RTCEx_PollForTamper1Event
<LI><a href="#[3a4]">&gt;&gt;</a>&nbsp;&nbsp;&nbsp;HAL_RTCEx_PollForTimeStampEvent
<LI><a href="#[39e]">&gt;&gt;</a>&nbsp;&nbsp;&nbsp;HAL_RTC_PollForAlarmAEvent
<LI><a href="#[399]">&gt;&gt;</a>&nbsp;&nbsp;&nbsp;HAL_RTC_DeactivateAlarm
<LI><a href="#[397]">&gt;&gt;</a>&nbsp;&nbsp;&nbsp;HAL_RTC_SetAlarm
<LI><a href="#[393]">&gt;&gt;</a>&nbsp;&nbsp;&nbsp;HAL_RTC_DeInit
<LI><a href="#[391]">&gt;&gt;</a>&nbsp;&nbsp;&nbsp;RTC_EnterInitMode
<LI><a href="#[390]">&gt;&gt;</a>&nbsp;&nbsp;&nbsp;HAL_RTC_WaitForSynchro
<LI><a href="#[38f]">&gt;&gt;</a>&nbsp;&nbsp;&nbsp;HAL_RCC_DeInit
<LI><a href="#[38e]">&gt;&gt;</a>&nbsp;&nbsp;&nbsp;HAL_RCCEx_DisablePLLSAI
<LI><a href="#[38d]">&gt;&gt;</a>&nbsp;&nbsp;&nbsp;HAL_RCCEx_EnablePLLSAI
<LI><a href="#[38c]">&gt;&gt;</a>&nbsp;&nbsp;&nbsp;HAL_RCCEx_DisablePLLI2S
<LI><a href="#[38b]">&gt;&gt;</a>&nbsp;&nbsp;&nbsp;HAL_RCCEx_EnablePLLI2S
</UL>

<P><STRONG><a name="[64]"></a>main</STRONG> (Thumb, 32 bytes, Stack size 0 bytes, main.o(.text))
<BR><BR>[Stack]<UL><LI>Max Depth = 224<LI>Call Chain = main &rArr; SystemClock_Config &rArr; HAL_RCC_OscConfig &rArr; HAL_GetTick &rArr; osKernelGetTickCount &rArr; svcRtxKernelGetTickCount &rArr; EvrRtxKernelGetTickCount &rArr; EventRecord2 &rArr; EventRecordItem
</UL>
<BR>[Calls]<UL><LI><a href="#[159]">&gt;&gt;</a>&nbsp;&nbsp;&nbsp;osThreadNew
<LI><a href="#[15a]">&gt;&gt;</a>&nbsp;&nbsp;&nbsp;osKernelStart
<LI><a href="#[158]">&gt;&gt;</a>&nbsp;&nbsp;&nbsp;osKernelInitialize
<LI><a href="#[157]">&gt;&gt;</a>&nbsp;&nbsp;&nbsp;SystemCoreClockUpdate
<LI><a href="#[156]">&gt;&gt;</a>&nbsp;&nbsp;&nbsp;HAL_Init
<LI><a href="#[152]">&gt;&gt;</a>&nbsp;&nbsp;&nbsp;SystemClock_Config
</UL>
<BR>[Address Reference Count : 1]<UL><LI> entry9a.o(.ARM.Collect$$$$0000000B)
</UL>
<P><STRONG><a name="[15b]"></a>get_button</STRONG> (Thumb, 10 bytes, Stack size 8 bytes, http_server.o(.text))
<BR><BR>[Stack]<UL><LI>Max Depth = 32<LI>Call Chain = get_button &rArr; Buttons_GetState
</UL>
<BR>[Calls]<UL><LI><a href="#[15c]">&gt;&gt;</a>&nbsp;&nbsp;&nbsp;Buttons_GetState
</UL>
<BR>[Called By]<UL><LI><a href="#[17f]">&gt;&gt;</a>&nbsp;&nbsp;&nbsp;netCGI_Script
</UL>

<P><STRONG><a name="[5a7]"></a>netDHCP_Notify</STRONG> (Thumb, 2 bytes, Stack size 0 bytes, http_server.o(.text), UNUSED)

<P><STRONG><a name="[163]"></a>Pot_init</STRONG> (Thumb, 74 bytes, Stack size 16 bytes, http_server.o(.text))
<BR><BR>[Stack]<UL><LI>Max Depth = 56<LI>Call Chain = Pot_init &rArr; HAL_GPIO_Init
</UL>
<BR>[Calls]<UL><LI><a href="#[164]">&gt;&gt;</a>&nbsp;&nbsp;&nbsp;HAL_GPIO_Init
</UL>
<BR>[Called By]<UL><LI><a href="#[65]">&gt;&gt;</a>&nbsp;&nbsp;&nbsp;app_main
</UL>

<P><STRONG><a name="[165]"></a>LEDS_Init</STRONG> (Thumb, 210 bytes, Stack size 40 bytes, http_server.o(.text))
<BR><BR>[Stack]<UL><LI>Max Depth = 80<LI>Call Chain = LEDS_Init &rArr; HAL_GPIO_Init
</UL>
<BR>[Calls]<UL><LI><a href="#[166]">&gt;&gt;</a>&nbsp;&nbsp;&nbsp;HAL_GPIO_WritePin
<LI><a href="#[164]">&gt;&gt;</a>&nbsp;&nbsp;&nbsp;HAL_GPIO_Init
</UL>
<BR>[Called By]<UL><LI><a href="#[65]">&gt;&gt;</a>&nbsp;&nbsp;&nbsp;app_main
</UL>

<P><STRONG><a name="[65]"></a>app_main</STRONG> (Thumb, 52 bytes, Stack size 0 bytes, http_server.o(.text))
<BR><BR>[Stack]<UL><LI>Max Depth = 336<LI>Call Chain = app_main &rArr; RTC_Module_Init &rArr; RTC_CalendarConfig &rArr; RTC_SetDateTime &rArr; HAL_RTC_SetTime &rArr; RTC_EnterInitMode &rArr; HAL_GetTick &rArr; osKernelGetTickCount &rArr; svcRtxKernelGetTickCount &rArr; EvrRtxKernelGetTickCount &rArr; EventRecord2 &rArr; EventRecordItem
</UL>
<BR>[Calls]<UL><LI><a href="#[16d]">&gt;&gt;</a>&nbsp;&nbsp;&nbsp;osThreadExit
<LI><a href="#[169]">&gt;&gt;</a>&nbsp;&nbsp;&nbsp;netInitialize
<LI><a href="#[16c]">&gt;&gt;</a>&nbsp;&nbsp;&nbsp;SNTP_Init
<LI><a href="#[168]">&gt;&gt;</a>&nbsp;&nbsp;&nbsp;RTC_Module_Init
<LI><a href="#[16b]">&gt;&gt;</a>&nbsp;&nbsp;&nbsp;Init_ThPrincipalServidor
<LI><a href="#[16a]">&gt;&gt;</a>&nbsp;&nbsp;&nbsp;Init_ThLCD
<LI><a href="#[167]">&gt;&gt;</a>&nbsp;&nbsp;&nbsp;Buttons_Initialize
<LI><a href="#[165]">&gt;&gt;</a>&nbsp;&nbsp;&nbsp;LEDS_Init
<LI><a href="#[163]">&gt;&gt;</a>&nbsp;&nbsp;&nbsp;Pot_init
<LI><a href="#[159]">&gt;&gt;</a>&nbsp;&nbsp;&nbsp;osThreadNew
</UL>
<BR>[Address Reference Count : 1]<UL><LI> main.o(.text)
</UL>
<P><STRONG><a name="[16e]"></a>netCGI_ProcessQuery</STRONG> (Thumb, 204 bytes, Stack size 64 bytes, http_server_cgi.o(.text))
<BR><BR>[Stack]<UL><LI>Max Depth = 176<LI>Call Chain = netCGI_ProcessQuery &rArr; netIF_SetOption &rArr; net_sys_unlock &rArr; netos_unlock &rArr; osMutexRelease &rArr; EvrRtxMutexRelease &rArr; EventRecord2 &rArr; EventRecordItem
</UL>
<BR>[Calls]<UL><LI><a href="#[170]">&gt;&gt;</a>&nbsp;&nbsp;&nbsp;netIP_aton
<LI><a href="#[171]">&gt;&gt;</a>&nbsp;&nbsp;&nbsp;netIF_SetOption
<LI><a href="#[16f]">&gt;&gt;</a>&nbsp;&nbsp;&nbsp;netCGI_GetEnvVar
</UL>
<BR>[Called By]<UL><LI><a href="#[dc]">&gt;&gt;</a>&nbsp;&nbsp;&nbsp;http_listener
</UL>

<P><STRONG><a name="[174]"></a>netCGI_ProcessData</STRONG> (Thumb, 650 bytes, Stack size 96 bytes, http_server_cgi.o(.text))
<BR><BR>[Stack]<UL><LI>Max Depth = 336<LI>Call Chain = netCGI_ProcessData &rArr; ParseHoraMinuto &rArr; __0sscanf &rArr; __vfscanf_char &rArr; __vfscanf &rArr; _scanf_int
</UL>
<BR>[Calls]<UL><LI><a href="#[177]">&gt;&gt;</a>&nbsp;&nbsp;&nbsp;strncmp
<LI><a href="#[17a]">&gt;&gt;</a>&nbsp;&nbsp;&nbsp;strcpy
<LI><a href="#[176]">&gt;&gt;</a>&nbsp;&nbsp;&nbsp;strcmp
<LI><a href="#[17b]">&gt;&gt;</a>&nbsp;&nbsp;&nbsp;netHTTPs_SetPassword
<LI><a href="#[179]">&gt;&gt;</a>&nbsp;&nbsp;&nbsp;netHTTPs_LoginActive
<LI><a href="#[16f]">&gt;&gt;</a>&nbsp;&nbsp;&nbsp;netCGI_GetEnvVar
<LI><a href="#[17e]">&gt;&gt;</a>&nbsp;&nbsp;&nbsp;PrincipalServidor_SetHora2
<LI><a href="#[17d]">&gt;&gt;</a>&nbsp;&nbsp;&nbsp;PrincipalServidor_SetHora1
<LI><a href="#[175]">&gt;&gt;</a>&nbsp;&nbsp;&nbsp;PrincipalServidor_SetAuto
<LI><a href="#[17c]">&gt;&gt;</a>&nbsp;&nbsp;&nbsp;PrincipalServidor_DispensarManual
<LI><a href="#[178]">&gt;&gt;</a>&nbsp;&nbsp;&nbsp;LED_SetOut
<LI><a href="#[172]">&gt;&gt;</a>&nbsp;&nbsp;&nbsp;ParseHoraMinuto
<LI><a href="#[166]">&gt;&gt;</a>&nbsp;&nbsp;&nbsp;HAL_GPIO_WritePin
</UL>
<BR>[Called By]<UL><LI><a href="#[4c2]">&gt;&gt;</a>&nbsp;&nbsp;&nbsp;http_proc_post
<LI><a href="#[4bf]">&gt;&gt;</a>&nbsp;&nbsp;&nbsp;http_kill_session
<LI><a href="#[dc]">&gt;&gt;</a>&nbsp;&nbsp;&nbsp;http_listener
</UL>

<P><STRONG><a name="[17f]"></a>netCGI_Script</STRONG> (Thumb, 1316 bytes, Stack size 160 bytes, http_server_cgi.o(.text))
<BR><BR>[Stack]<UL><LI>Max Depth = 272<LI>Call Chain = netCGI_Script &rArr; netIP_ntoa &rArr; ip6_ntoa &rArr; ip4_ntoa &rArr; net_itoa &rArr; i2str &rArr; ul2str
</UL>
<BR>[Calls]<UL><LI><a href="#[177]">&gt;&gt;</a>&nbsp;&nbsp;&nbsp;strncmp
<LI><a href="#[185]">&gt;&gt;</a>&nbsp;&nbsp;&nbsp;netTCP_GetTimer
<LI><a href="#[183]">&gt;&gt;</a>&nbsp;&nbsp;&nbsp;netTCP_GetState
<LI><a href="#[184]">&gt;&gt;</a>&nbsp;&nbsp;&nbsp;netTCP_GetPeer
<LI><a href="#[186]">&gt;&gt;</a>&nbsp;&nbsp;&nbsp;netTCP_GetLocalPort
<LI><a href="#[181]">&gt;&gt;</a>&nbsp;&nbsp;&nbsp;netIP_ntoa
<LI><a href="#[180]">&gt;&gt;</a>&nbsp;&nbsp;&nbsp;netIF_GetOption
<LI><a href="#[179]">&gt;&gt;</a>&nbsp;&nbsp;&nbsp;netHTTPs_LoginActive
<LI><a href="#[187]">&gt;&gt;</a>&nbsp;&nbsp;&nbsp;netHTTPs_GetPassword
<LI><a href="#[188]">&gt;&gt;</a>&nbsp;&nbsp;&nbsp;netHTTPs_GetLanguage
<LI><a href="#[18e]">&gt;&gt;</a>&nbsp;&nbsp;&nbsp;PrincipalServidor_GetHora2
<LI><a href="#[18d]">&gt;&gt;</a>&nbsp;&nbsp;&nbsp;PrincipalServidor_GetHora1
<LI><a href="#[18a]">&gt;&gt;</a>&nbsp;&nbsp;&nbsp;PrincipalServidor_GetEstadoTexto
<LI><a href="#[189]">&gt;&gt;</a>&nbsp;&nbsp;&nbsp;PrincipalServidor_GetDatos
<LI><a href="#[18c]">&gt;&gt;</a>&nbsp;&nbsp;&nbsp;PrincipalServidor_GetAuto
<LI><a href="#[18b]">&gt;&gt;</a>&nbsp;&nbsp;&nbsp;PrincipalServidor_GetAlertaTexto
<LI><a href="#[15d]">&gt;&gt;</a>&nbsp;&nbsp;&nbsp;RTC_GetTimeString
<LI><a href="#[15f]">&gt;&gt;</a>&nbsp;&nbsp;&nbsp;RTC_GetDateString
<LI><a href="#[15b]">&gt;&gt;</a>&nbsp;&nbsp;&nbsp;get_button
<LI><a href="#[182]">&gt;&gt;</a>&nbsp;&nbsp;&nbsp;__2sprintf
<LI><a href="#[15e]">&gt;&gt;</a>&nbsp;&nbsp;&nbsp;__2snprintf
</UL>
<BR>[Called By]<UL><LI><a href="#[139]">&gt;&gt;</a>&nbsp;&nbsp;&nbsp;net_http_server_run
</UL>

<P><STRONG><a name="[18f]"></a>imageFileInfo</STRONG> (Thumb, 82 bytes, Stack size 16 bytes, web.o(.text))
<BR><BR>[Stack]<UL><LI>Max Depth = 16<LI>Call Chain = imageFileInfo
</UL>
<BR>[Calls]<UL><LI><a href="#[190]">&gt;&gt;</a>&nbsp;&nbsp;&nbsp;crc32_8bit
</UL>
<BR>[Called By]<UL><LI><a href="#[48c]">&gt;&gt;</a>&nbsp;&nbsp;&nbsp;http_open_file
</UL>

<P><STRONG><a name="[191]"></a>LCD_wr_data</STRONG> (Thumb, 66 bytes, Stack size 24 bytes, lcd_1.o(.text))
<BR><BR>[Stack]<UL><LI>Max Depth = 152<LI>Call Chain = LCD_wr_data &rArr; osEventFlagsWait &rArr; EvrRtxEventFlagsWaitNotCompleted &rArr; EventRecord4 &rArr; EventRecordItem
</UL>
<BR>[Calls]<UL><LI><a href="#[192]">&gt;&gt;</a>&nbsp;&nbsp;&nbsp;osEventFlagsWait
<LI><a href="#[166]">&gt;&gt;</a>&nbsp;&nbsp;&nbsp;HAL_GPIO_WritePin
</UL>
<BR>[Called By]<UL><LI><a href="#[194]">&gt;&gt;</a>&nbsp;&nbsp;&nbsp;LCD_update
</UL>

<P><STRONG><a name="[193]"></a>LCD_wr_cmd</STRONG> (Thumb, 66 bytes, Stack size 24 bytes, lcd_1.o(.text))
<BR><BR>[Stack]<UL><LI>Max Depth = 152<LI>Call Chain = LCD_wr_cmd &rArr; osEventFlagsWait &rArr; EvrRtxEventFlagsWaitNotCompleted &rArr; EventRecord4 &rArr; EventRecordItem
</UL>
<BR>[Calls]<UL><LI><a href="#[192]">&gt;&gt;</a>&nbsp;&nbsp;&nbsp;osEventFlagsWait
<LI><a href="#[166]">&gt;&gt;</a>&nbsp;&nbsp;&nbsp;HAL_GPIO_WritePin
</UL>
<BR>[Called By]<UL><LI><a href="#[199]">&gt;&gt;</a>&nbsp;&nbsp;&nbsp;LCD_setup
<LI><a href="#[194]">&gt;&gt;</a>&nbsp;&nbsp;&nbsp;LCD_update
</UL>

<P><STRONG><a name="[194]"></a>LCD_update</STRONG> (Thumb, 142 bytes, Stack size 16 bytes, lcd_1.o(.text))
<BR><BR>[Stack]<UL><LI>Max Depth = 168<LI>Call Chain = LCD_update &rArr; LCD_wr_cmd &rArr; osEventFlagsWait &rArr; EvrRtxEventFlagsWaitNotCompleted &rArr; EventRecord4 &rArr; EventRecordItem
</UL>
<BR>[Calls]<UL><LI><a href="#[193]">&gt;&gt;</a>&nbsp;&nbsp;&nbsp;LCD_wr_cmd
<LI><a href="#[191]">&gt;&gt;</a>&nbsp;&nbsp;&nbsp;LCD_wr_data
</UL>
<BR>[Called By]<UL><LI><a href="#[1a6]">&gt;&gt;</a>&nbsp;&nbsp;&nbsp;symbolToLocalBuffer
<LI><a href="#[1a3]">&gt;&gt;</a>&nbsp;&nbsp;&nbsp;ThLCD
<LI><a href="#[1a1]">&gt;&gt;</a>&nbsp;&nbsp;&nbsp;LCD_Init
<LI><a href="#[195]">&gt;&gt;</a>&nbsp;&nbsp;&nbsp;escribir_linea
</UL>

<P><STRONG><a name="[198]"></a>symbolToLocalBuffer_L2</STRONG> (Thumb, 78 bytes, Stack size 24 bytes, lcd_1.o(.text))
<BR><BR>[Stack]<UL><LI>Max Depth = 24<LI>Call Chain = symbolToLocalBuffer_L2
</UL>
<BR>[Called By]<UL><LI><a href="#[1a6]">&gt;&gt;</a>&nbsp;&nbsp;&nbsp;symbolToLocalBuffer
<LI><a href="#[195]">&gt;&gt;</a>&nbsp;&nbsp;&nbsp;escribir_linea
</UL>

<P><STRONG><a name="[196]"></a>symbolToLocalBuffer_L1</STRONG> (Thumb, 76 bytes, Stack size 24 bytes, lcd_1.o(.text))
<BR><BR>[Stack]<UL><LI>Max Depth = 24<LI>Call Chain = symbolToLocalBuffer_L1
</UL>
<BR>[Called By]<UL><LI><a href="#[1a6]">&gt;&gt;</a>&nbsp;&nbsp;&nbsp;symbolToLocalBuffer
<LI><a href="#[195]">&gt;&gt;</a>&nbsp;&nbsp;&nbsp;escribir_linea
</UL>

<P><STRONG><a name="[195]"></a>escribir_linea</STRONG> (Thumb, 66 bytes, Stack size 16 bytes, lcd_1.o(.text))
<BR><BR>[Stack]<UL><LI>Max Depth = 184<LI>Call Chain = escribir_linea &rArr; LCD_update &rArr; LCD_wr_cmd &rArr; osEventFlagsWait &rArr; EvrRtxEventFlagsWaitNotCompleted &rArr; EventRecord4 &rArr; EventRecordItem
</UL>
<BR>[Calls]<UL><LI><a href="#[197]">&gt;&gt;</a>&nbsp;&nbsp;&nbsp;strlen
<LI><a href="#[196]">&gt;&gt;</a>&nbsp;&nbsp;&nbsp;symbolToLocalBuffer_L1
<LI><a href="#[198]">&gt;&gt;</a>&nbsp;&nbsp;&nbsp;symbolToLocalBuffer_L2
<LI><a href="#[194]">&gt;&gt;</a>&nbsp;&nbsp;&nbsp;LCD_update
</UL>
<BR>[Called By]<UL><LI><a href="#[1a3]">&gt;&gt;</a>&nbsp;&nbsp;&nbsp;ThLCD
</UL>

<P><STRONG><a name="[1a2]"></a>LCD_borrar</STRONG> (Thumb, 42 bytes, Stack size 0 bytes, lcd_1.o(.text))
<BR><BR>[Called By]<UL><LI><a href="#[1a3]">&gt;&gt;</a>&nbsp;&nbsp;&nbsp;ThLCD
<LI><a href="#[1a1]">&gt;&gt;</a>&nbsp;&nbsp;&nbsp;LCD_Init
</UL>

<P><STRONG><a name="[199]"></a>LCD_setup</STRONG> (Thumb, 76 bytes, Stack size 8 bytes, lcd_1.o(.text))
<BR><BR>[Stack]<UL><LI>Max Depth = 160<LI>Call Chain = LCD_setup &rArr; LCD_wr_cmd &rArr; osEventFlagsWait &rArr; EvrRtxEventFlagsWaitNotCompleted &rArr; EventRecord4 &rArr; EventRecordItem
</UL>
<BR>[Calls]<UL><LI><a href="#[193]">&gt;&gt;</a>&nbsp;&nbsp;&nbsp;LCD_wr_cmd
</UL>
<BR>[Called By]<UL><LI><a href="#[1a1]">&gt;&gt;</a>&nbsp;&nbsp;&nbsp;LCD_Init
</UL>

<P><STRONG><a name="[19a]"></a>delay</STRONG> (Thumb, 74 bytes, Stack size 16 bytes, lcd_1.o(.text))
<BR><BR>[Stack]<UL><LI>Max Depth = 48<LI>Call Chain = delay &rArr; HAL_TIM_Base_Init &rArr; TIM_Base_SetConfig
</UL>
<BR>[Calls]<UL><LI><a href="#[19d]">&gt;&gt;</a>&nbsp;&nbsp;&nbsp;HAL_TIM_Base_Stop
<LI><a href="#[19c]">&gt;&gt;</a>&nbsp;&nbsp;&nbsp;HAL_TIM_Base_Start
<LI><a href="#[19b]">&gt;&gt;</a>&nbsp;&nbsp;&nbsp;HAL_TIM_Base_Init
</UL>
<BR>[Called By]<UL><LI><a href="#[19f]">&gt;&gt;</a>&nbsp;&nbsp;&nbsp;LCD_reset
</UL>

<P><STRONG><a name="[19f]"></a>LCD_reset</STRONG> (Thumb, 186 bytes, Stack size 16 bytes, lcd_1.o(.text))
<BR><BR>[Stack]<UL><LI>Max Depth = 96<LI>Call Chain = LCD_reset &rArr; osEventFlagsNew &rArr; EvrRtxEventFlagsNew &rArr; EventRecord2 &rArr; EventRecordItem
</UL>
<BR>[Calls]<UL><LI><a href="#[1a0]">&gt;&gt;</a>&nbsp;&nbsp;&nbsp;osEventFlagsNew
<LI><a href="#[19a]">&gt;&gt;</a>&nbsp;&nbsp;&nbsp;delay
<LI><a href="#[166]">&gt;&gt;</a>&nbsp;&nbsp;&nbsp;HAL_GPIO_WritePin
<LI><a href="#[164]">&gt;&gt;</a>&nbsp;&nbsp;&nbsp;HAL_GPIO_Init
</UL>
<BR>[Called By]<UL><LI><a href="#[1a1]">&gt;&gt;</a>&nbsp;&nbsp;&nbsp;LCD_Init
</UL>

<P><STRONG><a name="[1a1]"></a>LCD_Init</STRONG> (Thumb, 28 bytes, Stack size 8 bytes, lcd_1.o(.text))
<BR><BR>[Stack]<UL><LI>Max Depth = 176<LI>Call Chain = LCD_Init &rArr; LCD_update &rArr; LCD_wr_cmd &rArr; osEventFlagsWait &rArr; EvrRtxEventFlagsWaitNotCompleted &rArr; EventRecord4 &rArr; EventRecordItem
</UL>
<BR>[Calls]<UL><LI><a href="#[19f]">&gt;&gt;</a>&nbsp;&nbsp;&nbsp;LCD_reset
<LI><a href="#[199]">&gt;&gt;</a>&nbsp;&nbsp;&nbsp;LCD_setup
<LI><a href="#[1a2]">&gt;&gt;</a>&nbsp;&nbsp;&nbsp;LCD_borrar
<LI><a href="#[194]">&gt;&gt;</a>&nbsp;&nbsp;&nbsp;LCD_update
</UL>
<BR>[Called By]<UL><LI><a href="#[1a3]">&gt;&gt;</a>&nbsp;&nbsp;&nbsp;ThLCD
</UL>

<P><STRONG><a name="[1a3]"></a>ThLCD</STRONG> (Thumb, 70 bytes, Stack size 0 bytes, lcd_1.o(.text))
<BR><BR>[Stack]<UL><LI>Max Depth = 184<LI>Call Chain = ThLCD &rArr; escribir_linea &rArr; LCD_update &rArr; LCD_wr_cmd &rArr; osEventFlagsWait &rArr; EvrRtxEventFlagsWaitNotCompleted &rArr; EventRecord4 &rArr; EventRecordItem
</UL>
<BR>[Calls]<UL><LI><a href="#[1a4]">&gt;&gt;</a>&nbsp;&nbsp;&nbsp;osMessageQueueGet
<LI><a href="#[1a1]">&gt;&gt;</a>&nbsp;&nbsp;&nbsp;LCD_Init
<LI><a href="#[1a2]">&gt;&gt;</a>&nbsp;&nbsp;&nbsp;LCD_borrar
<LI><a href="#[195]">&gt;&gt;</a>&nbsp;&nbsp;&nbsp;escribir_linea
<LI><a href="#[194]">&gt;&gt;</a>&nbsp;&nbsp;&nbsp;LCD_update
</UL>
<BR>[Address Reference Count : 1]<UL><LI> lcd_1.o(.text)
</UL>
<P><STRONG><a name="[16a]"></a>Init_ThLCD</STRONG> (Thumb, 90 bytes, Stack size 8 bytes, lcd_1.o(.text))
<BR><BR>[Stack]<UL><LI>Max Depth = 128<LI>Call Chain = Init_ThLCD &rArr; osMessageQueueNew &rArr; EvrRtxMessageQueueNew &rArr; EventRecord4 &rArr; EventRecordItem
</UL>
<BR>[Calls]<UL><LI><a href="#[1a5]">&gt;&gt;</a>&nbsp;&nbsp;&nbsp;osMessageQueueNew
<LI><a href="#[159]">&gt;&gt;</a>&nbsp;&nbsp;&nbsp;osThreadNew
</UL>
<BR>[Called By]<UL><LI><a href="#[65]">&gt;&gt;</a>&nbsp;&nbsp;&nbsp;app_main
</UL>

<P><STRONG><a name="[1a6]"></a>symbolToLocalBuffer</STRONG> (Thumb, 32 bytes, Stack size 8 bytes, lcd_1.o(.text), UNUSED)
<BR><BR>[Calls]<UL><LI><a href="#[196]">&gt;&gt;</a>&nbsp;&nbsp;&nbsp;symbolToLocalBuffer_L1
<LI><a href="#[198]">&gt;&gt;</a>&nbsp;&nbsp;&nbsp;symbolToLocalBuffer_L2
<LI><a href="#[194]">&gt;&gt;</a>&nbsp;&nbsp;&nbsp;LCD_update
</UL>

<P><STRONG><a name="[1a7]"></a>RTC_SetDateTime</STRONG> (Thumb, 122 bytes, Stack size 64 bytes, rtc_2.o(.text))
<BR><BR>[Stack]<UL><LI>Max Depth = 208<LI>Call Chain = RTC_SetDateTime &rArr; HAL_RTC_SetTime &rArr; RTC_EnterInitMode &rArr; HAL_GetTick &rArr; osKernelGetTickCount &rArr; svcRtxKernelGetTickCount &rArr; EvrRtxKernelGetTickCount &rArr; EventRecord2 &rArr; EventRecordItem
</UL>
<BR>[Calls]<UL><LI><a href="#[160]">&gt;&gt;</a>&nbsp;&nbsp;&nbsp;__aeabi_memclr4
<LI><a href="#[1a8]">&gt;&gt;</a>&nbsp;&nbsp;&nbsp;HAL_RTC_SetTime
<LI><a href="#[1a9]">&gt;&gt;</a>&nbsp;&nbsp;&nbsp;HAL_RTC_SetDate
<LI><a href="#[1aa]">&gt;&gt;</a>&nbsp;&nbsp;&nbsp;HAL_RTCEx_BKUPWrite
</UL>
<BR>[Called By]<UL><LI><a href="#[1b4]">&gt;&gt;</a>&nbsp;&nbsp;&nbsp;SyncRtcFromSntp
<LI><a href="#[1b3]">&gt;&gt;</a>&nbsp;&nbsp;&nbsp;RTC_SetToDefault2000
<LI><a href="#[1ab]">&gt;&gt;</a>&nbsp;&nbsp;&nbsp;RTC_CalendarConfig
</UL>

<P><STRONG><a name="[168]"></a>RTC_Module_Init</STRONG> (Thumb, 140 bytes, Stack size 112 bytes, rtc_2.o(.text))
[...]
</UL>
<BR>[Called By]<UL><LI><a href="#[4f1]">&gt;&gt;</a>&nbsp;&nbsp;&nbsp;net_sntp_client_start
<LI><a href="#[13c]">&gt;&gt;</a>&nbsp;&nbsp;&nbsp;net_sntp_client_run
</UL>

<P><STRONG><a name="[54c]"></a>sntp_stop</STRONG> (Thumb, 20 bytes, Stack size 8 bytes, net_sntp_client_core.o(.text.sntp_stop))
<BR><BR>[Stack]<UL><LI>Max Depth = 88<LI>Call Chain = sntp_stop &rArr; net_udp_close &rArr; OUTLINED_FUNCTION_1 &rArr; EventRecord2 &rArr; EventRecordItem
</UL>
<BR>[Calls]<UL><LI><a href="#[4b0]">&gt;&gt;</a>&nbsp;&nbsp;&nbsp;net_udp_close
</UL>
<BR>[Called By]<UL><LI><a href="#[de]">&gt;&gt;</a>&nbsp;&nbsp;&nbsp;sntp_listener
<LI><a href="#[13c]">&gt;&gt;</a>&nbsp;&nbsp;&nbsp;net_sntp_client_run
</UL>

<P><STRONG><a name="[45b]"></a>OUTLINED_FUNCTION_0</STRONG> (Thumb, 6 bytes, Stack size 0 bytes, net_sntp_client_core.o(.text.OUTLINED_FUNCTION_0))
<BR><BR>[Stack]<UL><LI>Max Depth = 72<LI>Call Chain = OUTLINED_FUNCTION_0 &rArr; EventRecord2 &rArr; EventRecordItem
</UL>
<BR>[Calls]<UL><LI><a href="#[df]">&gt;&gt;</a>&nbsp;&nbsp;&nbsp;EventRecord2
</UL>
<BR>[Called By]<UL><LI><a href="#[de]">&gt;&gt;</a>&nbsp;&nbsp;&nbsp;sntp_listener
<LI><a href="#[4f1]">&gt;&gt;</a>&nbsp;&nbsp;&nbsp;net_sntp_client_start
<LI><a href="#[131]">&gt;&gt;</a>&nbsp;&nbsp;&nbsp;net_sntp_client_init
</UL>

<P><STRONG><a name="[469]"></a>OUTLINED_FUNCTION_1</STRONG> (Thumb, 10 bytes, Stack size 0 bytes, net_sntp_client_core.o(.text.OUTLINED_FUNCTION_1))
<BR><BR>[Stack]<UL><LI>Max Depth = 52<LI>Call Chain = OUTLINED_FUNCTION_1 &rArr; net_addr4_aton &rArr; net_atoi
</UL>
<BR>[Calls]<UL><LI><a href="#[46a]">&gt;&gt;</a>&nbsp;&nbsp;&nbsp;net_addr4_aton
</UL>
<BR>[Called By]<UL><LI><a href="#[4f1]">&gt;&gt;</a>&nbsp;&nbsp;&nbsp;net_sntp_client_start
</UL>

<P><STRONG><a name="[477]"></a>OUTLINED_FUNCTION_2</STRONG> (Thumb, 6 bytes, Stack size 0 bytes, net_sntp_client_core.o(.text.OUTLINED_FUNCTION_2))
<BR><BR>[Stack]<UL><LI>Max Depth = 96<LI>Call Chain = OUTLINED_FUNCTION_2 &rArr; EventRecordData &rArr; EventRecordItem
</UL>
<BR>[Calls]<UL><LI><a href="#[20d]">&gt;&gt;</a>&nbsp;&nbsp;&nbsp;EventRecordData
</UL>
<BR>[Called By]<UL><LI><a href="#[de]">&gt;&gt;</a>&nbsp;&nbsp;&nbsp;sntp_listener
<LI><a href="#[4f1]">&gt;&gt;</a>&nbsp;&nbsp;&nbsp;net_sntp_client_start
<LI><a href="#[13c]">&gt;&gt;</a>&nbsp;&nbsp;&nbsp;net_sntp_client_run
</UL>

<P><STRONG><a name="[47e]"></a>OUTLINED_FUNCTION_3</STRONG> (Thumb, 10 bytes, Stack size 0 bytes, net_sntp_client_core.o(.text.OUTLINED_FUNCTION_3))
<BR><BR>[Calls]<UL><LI><a href="#[47f]">&gt;&gt;</a>&nbsp;&nbsp;&nbsp;net_addr_comp
</UL>
<BR>[Called By]<UL><LI><a href="#[de]">&gt;&gt;</a>&nbsp;&nbsp;&nbsp;sntp_listener
</UL>

<P><STRONG><a name="[54a]"></a>ping_send_req</STRONG> (Thumb, 24 bytes, Stack size 0 bytes, net_ping_core.o(.text.ping_send_req))
<BR><BR>[Stack]<UL><LI>Max Depth = 232<LI>Call Chain = ping_send_req &rArr; net_icmp6_send_echo &rArr; net_icmp6_send &rArr; net_ip6_send_frame &rArr; net_ip4_frag_get &rArr; net_mem_free &rArr; mem_unlock &rArr; netos_unlock &rArr; osMutexRelease &rArr; EvrRtxMutexRelease &rArr; EventRecord2 &rArr; EventRecordItem
</UL>
<BR>[Calls]<UL><LI><a href="#[532]">&gt;&gt;</a>&nbsp;&nbsp;&nbsp;net_icmp6_send_echo
<LI><a href="#[533]">&gt;&gt;</a>&nbsp;&nbsp;&nbsp;net_icmp_send_echo
</UL>
<BR>[Called By]<UL><LI><a href="#[136]">&gt;&gt;</a>&nbsp;&nbsp;&nbsp;net_ping_client_run
</UL>

<P><STRONG><a name="[535]"></a>sys_map_if</STRONG> (Thumb, 16 bytes, Stack size 0 bytes, net_sys.o(.text.sys_map_if))
<BR><BR>[Calls]<UL><LI><a href="#[535]">&gt;&gt;</a>&nbsp;&nbsp;&nbsp;sys_map_if
</UL>
<BR>[Called By]<UL><LI><a href="#[535]">&gt;&gt;</a>&nbsp;&nbsp;&nbsp;sys_map_if
<LI><a href="#[4ec]">&gt;&gt;</a>&nbsp;&nbsp;&nbsp;net_if_map_all
</UL>

<P><STRONG><a name="[45c]"></a>OUTLINED_FUNCTION_0</STRONG> (Thumb, 8 bytes, Stack size 0 bytes, net_sys.o(.text.OUTLINED_FUNCTION_0))
<BR><BR>[Stack]<UL><LI>Max Depth = 72<LI>Call Chain = OUTLINED_FUNCTION_0 &rArr; EventRecord2 &rArr; EventRecordItem
</UL>
<BR>[Calls]<UL><LI><a href="#[df]">&gt;&gt;</a>&nbsp;&nbsp;&nbsp;EventRecord2
</UL>
<BR>[Called By]<UL><LI><a href="#[169]">&gt;&gt;</a>&nbsp;&nbsp;&nbsp;netInitialize
</UL>

<P><STRONG><a name="[4dc]"></a>ip4_ntoa</STRONG> (Thumb, 46 bytes, Stack size 24 bytes, net_addr.o(.text.ip4_ntoa))
<BR><BR>[Stack]<UL><LI>Max Depth = 64<LI>Call Chain = ip4_ntoa &rArr; net_itoa &rArr; i2str &rArr; ul2str
</UL>
<BR>[Calls]<UL><LI><a href="#[4ba]">&gt;&gt;</a>&nbsp;&nbsp;&nbsp;net_itoa
</UL>
<BR>[Called By]<UL><LI><a href="#[4dd]">&gt;&gt;</a>&nbsp;&nbsp;&nbsp;ip6_ntoa
<LI><a href="#[181]">&gt;&gt;</a>&nbsp;&nbsp;&nbsp;netIP_ntoa
</UL>

<P><STRONG><a name="[4dd]"></a>ip6_ntoa</STRONG> (Thumb, 256 bytes, Stack size 40 bytes, net_addr.o(.text.ip6_ntoa))
<BR><BR>[Stack]<UL><LI>Max Depth = 104<LI>Call Chain = ip6_ntoa &rArr; ip4_ntoa &rArr; net_itoa &rArr; i2str &rArr; ul2str
</UL>
<BR>[Calls]<UL><LI><a href="#[45d]">&gt;&gt;</a>&nbsp;&nbsp;&nbsp;OUTLINED_FUNCTION_0
<LI><a href="#[4dc]">&gt;&gt;</a>&nbsp;&nbsp;&nbsp;ip4_ntoa
<LI><a href="#[d6]">&gt;&gt;</a>&nbsp;&nbsp;&nbsp;net_strcpy
</UL>
<BR>[Called By]<UL><LI><a href="#[181]">&gt;&gt;</a>&nbsp;&nbsp;&nbsp;netIP_ntoa
</UL>

<P><STRONG><a name="[45d]"></a>OUTLINED_FUNCTION_0</STRONG> (Thumb, 12 bytes, Stack size 0 bytes, net_addr.o(.text.OUTLINED_FUNCTION_0))
<BR><BR>[Stack]<UL><LI>Max Depth = 24<LI>Call Chain = OUTLINED_FUNCTION_0 &rArr; net_ultox
</UL>
<BR>[Calls]<UL><LI><a href="#[45e]">&gt;&gt;</a>&nbsp;&nbsp;&nbsp;net_ultox
</UL>
<BR>[Called By]<UL><LI><a href="#[4dd]">&gt;&gt;</a>&nbsp;&nbsp;&nbsp;ip6_ntoa
</UL>

<P><STRONG><a name="[4f8]"></a>OUTLINED_FUNCTION_1</STRONG> (Thumb, 14 bytes, Stack size 0 bytes, net_addr.o(.text.OUTLINED_FUNCTION_1))
<BR><BR>[Called By]<UL><LI><a href="#[4ed]">&gt;&gt;</a>&nbsp;&nbsp;&nbsp;net_addr6_aton
</UL>

<P><STRONG><a name="[546]"></a>ndp_check_frame</STRONG> (Thumb, 42 bytes, Stack size 0 bytes, net_ndp.o(.text.ndp_check_frame))
<BR><BR>[Called By]<UL><LI><a href="#[52d]">&gt;&gt;</a>&nbsp;&nbsp;&nbsp;net_ndp_process
</UL>

<P><STRONG><a name="[4e2]"></a>ndp_cache_add</STRONG> (Thumb, 272 bytes, Stack size 40 bytes, net_ndp.o(.text.ndp_cache_add))
<BR><BR>[Stack]<UL><LI>Max Depth = 136<LI>Call Chain = ndp_cache_add &rArr; OUTLINED_FUNCTION_0 &rArr; EventRecordData &rArr; EventRecordItem
</UL>
<BR>[Calls]<UL><LI><a href="#[1c0]">&gt;&gt;</a>&nbsp;&nbsp;&nbsp;__aeabi_memcpy
<LI><a href="#[470]">&gt;&gt;</a>&nbsp;&nbsp;&nbsp;OUTLINED_FUNCTION_11
<LI><a href="#[478]">&gt;&gt;</a>&nbsp;&nbsp;&nbsp;OUTLINED_FUNCTION_2
<LI><a href="#[45f]">&gt;&gt;</a>&nbsp;&nbsp;&nbsp;OUTLINED_FUNCTION_0
<LI><a href="#[4e3]">&gt;&gt;</a>&nbsp;&nbsp;&nbsp;ndp_cache_alloc
<LI><a href="#[20d]">&gt;&gt;</a>&nbsp;&nbsp;&nbsp;EventRecordData
<LI><a href="#[df]">&gt;&gt;</a>&nbsp;&nbsp;&nbsp;EventRecord2
<LI><a href="#[4a7]">&gt;&gt;</a>&nbsp;&nbsp;&nbsp;net_addr6_copy
</UL>
<BR>[Called By]<UL><LI><a href="#[52d]">&gt;&gt;</a>&nbsp;&nbsp;&nbsp;net_ndp_process
</UL>

<P><STRONG><a name="[4e6]"></a>ndp_send_reply</STRONG> (Thumb, 152 bytes, Stack size 40 bytes, net_ndp.o(.text.ndp_send_reply))
<BR><BR>[Stack]<UL><LI>Max Depth = 248<LI>Call Chain = ndp_send_reply &rArr; net_icmp6_send &rArr; net_ip6_send_frame &rArr; net_ip4_frag_get &rArr; net_mem_free &rArr; mem_unlock &rArr; netos_unlock &rArr; osMutexRelease &rArr; EvrRtxMutexRelease &rArr; EventRecord2 &rArr; EventRecordItem
</UL>
<BR>[Calls]<UL><LI><a href="#[4e7]">&gt;&gt;</a>&nbsp;&nbsp;&nbsp;net_icmp6_send
<LI><a href="#[46b]">&gt;&gt;</a>&nbsp;&nbsp;&nbsp;OUTLINED_FUNCTION_1
<LI><a href="#[20d]">&gt;&gt;</a>&nbsp;&nbsp;&nbsp;EventRecordData
<LI><a href="#[df]">&gt;&gt;</a>&nbsp;&nbsp;&nbsp;EventRecord2
<LI><a href="#[499]">&gt;&gt;</a>&nbsp;&nbsp;&nbsp;net_mem_free
<LI><a href="#[49c]">&gt;&gt;</a>&nbsp;&nbsp;&nbsp;net_mem_alloc
<LI><a href="#[4a7]">&gt;&gt;</a>&nbsp;&nbsp;&nbsp;net_addr6_copy
</UL>
<BR>[Called By]<UL><LI><a href="#[52d]">&gt;&gt;</a>&nbsp;&nbsp;&nbsp;net_ndp_process
</UL>

<P><STRONG><a name="[4e3]"></a>ndp_cache_alloc</STRONG> (Thumb, 128 bytes, Stack size 20 bytes, net_ndp.o(.text.ndp_cache_alloc))
<BR><BR>[Stack]<UL><LI>Max Depth = 20<LI>Call Chain = ndp_cache_alloc
</UL>
<BR>[Called By]<UL><LI><a href="#[4e2]">&gt;&gt;</a>&nbsp;&nbsp;&nbsp;ndp_cache_add
<LI><a href="#[522]">&gt;&gt;</a>&nbsp;&nbsp;&nbsp;net_ndp_cache_find
</UL>

<P><STRONG><a name="[4e4]"></a>ndp_que_free</STRONG> (Thumb, 24 bytes, Stack size 8 bytes, net_ndp.o(.text.ndp_que_free))
<BR><BR>[Stack]<UL><LI>Max Depth = 120<LI>Call Chain = ndp_que_free &rArr; net_mem_free &rArr; mem_unlock &rArr; netos_unlock &rArr; osMutexRelease &rArr; EvrRtxMutexRelease &rArr; EventRecord2 &rArr; EventRecordItem
</UL>
<BR>[Calls]<UL><LI><a href="#[499]">&gt;&gt;</a>&nbsp;&nbsp;&nbsp;net_mem_free
</UL>
<BR>[Called By]<UL><LI><a href="#[52d]">&gt;&gt;</a>&nbsp;&nbsp;&nbsp;net_ndp_process
<LI><a href="#[522]">&gt;&gt;</a>&nbsp;&nbsp;&nbsp;net_ndp_cache_find
</UL>

<P><STRONG><a name="[4e8]"></a>ndp_send_request</STRONG> (Thumb, 200 bytes, Stack size 40 bytes, net_ndp.o(.text.ndp_send_request))
<BR><BR>[Stack]<UL><LI>Max Depth = 248<LI>Call Chain = ndp_send_request &rArr; net_icmp6_send &rArr; net_ip6_send_frame &rArr; net_ip4_frag_get &rArr; net_mem_free &rArr; mem_unlock &rArr; netos_unlock &rArr; osMutexRelease &rArr; EvrRtxMutexRelease &rArr; EventRecord2 &rArr; EventRecordItem
</UL>
<BR>[Calls]<UL><LI><a href="#[4e9]">&gt;&gt;</a>&nbsp;&nbsp;&nbsp;net_ip6_get_local
<LI><a href="#[1c0]">&gt;&gt;</a>&nbsp;&nbsp;&nbsp;__aeabi_memcpy
<LI><a href="#[4e7]">&gt;&gt;</a>&nbsp;&nbsp;&nbsp;net_icmp6_send
<LI><a href="#[20d]">&gt;&gt;</a>&nbsp;&nbsp;&nbsp;EventRecordData
<LI><a href="#[df]">&gt;&gt;</a>&nbsp;&nbsp;&nbsp;EventRecord2
<LI><a href="#[499]">&gt;&gt;</a>&nbsp;&nbsp;&nbsp;net_mem_free
<LI><a href="#[49c]">&gt;&gt;</a>&nbsp;&nbsp;&nbsp;net_mem_alloc
<LI><a href="#[4a7]">&gt;&gt;</a>&nbsp;&nbsp;&nbsp;net_addr6_copy
</UL>
<BR>[Called By]<UL><LI><a href="#[523]">&gt;&gt;</a>&nbsp;&nbsp;&nbsp;net_ndp_enqueue
</UL>

<P><STRONG><a name="[4e5]"></a>ndp_router_remove</STRONG> (Thumb, 52 bytes, Stack size 8 bytes, net_ndp.o(.text.ndp_router_remove))
<BR><BR>[Stack]<UL><LI>Max Depth = 8<LI>Call Chain = ndp_router_remove
</UL>
<BR>[Calls]<UL><LI><a href="#[4a7]">&gt;&gt;</a>&nbsp;&nbsp;&nbsp;net_addr6_copy
</UL>
<BR>[Called By]<UL><LI><a href="#[52d]">&gt;&gt;</a>&nbsp;&nbsp;&nbsp;net_ndp_process
</UL>

<P><STRONG><a name="[45f]"></a>OUTLINED_FUNCTION_0</STRONG> (Thumb, 6 bytes, Stack size 0 bytes, net_ndp.o(.text.OUTLINED_FUNCTION_0))
<BR><BR>[Stack]<UL><LI>Max Depth = 96<LI>Call Chain = OUTLINED_FUNCTION_0 &rArr; EventRecordData &rArr; EventRecordItem
</UL>
<BR>[Calls]<UL><LI><a href="#[20d]">&gt;&gt;</a>&nbsp;&nbsp;&nbsp;EventRecordData
</UL>
<BR>[Called By]<UL><LI><a href="#[4e2]">&gt;&gt;</a>&nbsp;&nbsp;&nbsp;ndp_cache_add
<LI><a href="#[52d]">&gt;&gt;</a>&nbsp;&nbsp;&nbsp;net_ndp_process
<LI><a href="#[517]">&gt;&gt;</a>&nbsp;&nbsp;&nbsp;net_ndp_cache_refresh
<LI><a href="#[522]">&gt;&gt;</a>&nbsp;&nbsp;&nbsp;net_ndp_cache_find
</UL>

<P><STRONG><a name="[46b]"></a>OUTLINED_FUNCTION_1</STRONG> (Thumb, 6 bytes, Stack size 0 bytes, net_ndp.o(.text.OUTLINED_FUNCTION_1))
<BR><BR>[Calls]<UL><LI><a href="#[1c0]">&gt;&gt;</a>&nbsp;&nbsp;&nbsp;__aeabi_memcpy
</UL>
<BR>[Called By]<UL><LI><a href="#[4e6]">&gt;&gt;</a>&nbsp;&nbsp;&nbsp;ndp_send_reply
<LI><a href="#[52d]">&gt;&gt;</a>&nbsp;&nbsp;&nbsp;net_ndp_process
<LI><a href="#[522]">&gt;&gt;</a>&nbsp;&nbsp;&nbsp;net_ndp_cache_find
</UL>

<P><STRONG><a name="[478]"></a>OUTLINED_FUNCTION_2</STRONG> (Thumb, 8 bytes, Stack size 0 bytes, net_ndp.o(.text.OUTLINED_FUNCTION_2))
<BR><BR>[Calls]<UL><LI><a href="#[1c0]">&gt;&gt;</a>&nbsp;&nbsp;&nbsp;__aeabi_memcpy
</UL>
<BR>[Called By]<UL><LI><a href="#[4e2]">&gt;&gt;</a>&nbsp;&nbsp;&nbsp;ndp_cache_add
<LI><a href="#[52d]">&gt;&gt;</a>&nbsp;&nbsp;&nbsp;net_ndp_process
</UL>

<P><STRONG><a name="[480]"></a>OUTLINED_FUNCTION_3</STRONG> (Thumb, 8 bytes, Stack size 0 bytes, net_ndp.o(.text.OUTLINED_FUNCTION_3))
<BR><BR>[Calls]<UL><LI><a href="#[1c0]">&gt;&gt;</a>&nbsp;&nbsp;&nbsp;__aeabi_memcpy
</UL>
<BR>[Called By]<UL><LI><a href="#[52d]">&gt;&gt;</a>&nbsp;&nbsp;&nbsp;net_ndp_process
<LI><a href="#[522]">&gt;&gt;</a>&nbsp;&nbsp;&nbsp;net_ndp_cache_find
</UL>

<P><STRONG><a name="[488]"></a>OUTLINED_FUNCTION_5</STRONG> (Thumb, 14 bytes, Stack size 0 bytes, net_ndp.o(.text.OUTLINED_FUNCTION_5))
<BR><BR>[Calls]<UL><LI><a href="#[1c0]">&gt;&gt;</a>&nbsp;&nbsp;&nbsp;__aeabi_memcpy
</UL>
<BR>[Called By]<UL><LI><a href="#[52d]">&gt;&gt;</a>&nbsp;&nbsp;&nbsp;net_ndp_process
</UL>

<P><STRONG><a name="[48d]"></a>OUTLINED_FUNCTION_6</STRONG> (Thumb, 6 bytes, Stack size 0 bytes, net_ndp.o(.text.OUTLINED_FUNCTION_6))
<BR><BR>[Calls]<UL><LI><a href="#[461]">&gt;&gt;</a>&nbsp;&nbsp;&nbsp;net_addr6_comp
</UL>
<BR>[Called By]<UL><LI><a href="#[52d]">&gt;&gt;</a>&nbsp;&nbsp;&nbsp;net_ndp_process
</UL>

<P><STRONG><a name="[548]"></a>OUTLINED_FUNCTION_7</STRONG> (Thumb, 14 bytes, Stack size 0 bytes, net_ndp.o(.text.OUTLINED_FUNCTION_7))
<BR><BR>[Called By]<UL><LI><a href="#[52d]">&gt;&gt;</a>&nbsp;&nbsp;&nbsp;net_ndp_process
</UL>

<P><STRONG><a name="[494]"></a>OUTLINED_FUNCTION_8</STRONG> (Thumb, 10 bytes, Stack size 0 bytes, net_ndp.o(.text.OUTLINED_FUNCTION_8))
<BR><BR>[Stack]<UL><LI>Max Depth = 8<LI>Call Chain = OUTLINED_FUNCTION_8 &rArr; net_addr6_create
</UL>
<BR>[Calls]<UL><LI><a href="#[495]">&gt;&gt;</a>&nbsp;&nbsp;&nbsp;net_addr6_create
</UL>
<BR>[Called By]<UL><LI><a href="#[52d]">&gt;&gt;</a>&nbsp;&nbsp;&nbsp;net_ndp_process
</UL>

<P><STRONG><a name="[547]"></a>OUTLINED_FUNCTION_10</STRONG> (Thumb, 10 bytes, Stack size 0 bytes, net_ndp.o(.text.OUTLINED_FUNCTION_10))
<BR><BR>[Called By]<UL><LI><a href="#[52d]">&gt;&gt;</a>&nbsp;&nbsp;&nbsp;net_ndp_process
</UL>

<P><STRONG><a name="[470]"></a>OUTLINED_FUNCTION_11</STRONG> (Thumb, 6 bytes, Stack size 0 bytes, net_ndp.o(.text.OUTLINED_FUNCTION_11))
<BR><BR>[Calls]<UL><LI><a href="#[461]">&gt;&gt;</a>&nbsp;&nbsp;&nbsp;net_addr6_comp
</UL>
<BR>[Called By]<UL><LI><a href="#[4e2]">&gt;&gt;</a>&nbsp;&nbsp;&nbsp;ndp_cache_add
<LI><a href="#[52d]">&gt;&gt;</a>&nbsp;&nbsp;&nbsp;net_ndp_process
</UL>

<P><STRONG><a name="[4da]"></a>ip4_is_subcast</STRONG> (Thumb, 18 bytes, Stack size 0 bytes, net_ip4.o(.text.ip4_is_subcast))
<BR><BR>[Calls]<UL><LI><a href="#[4db]">&gt;&gt;</a>&nbsp;&nbsp;&nbsp;net_addr4_is_subcast
</UL>
<BR>[Called By]<UL><LI><a href="#[515]">&gt;&gt;</a>&nbsp;&nbsp;&nbsp;net_ip4_chk_frame
</UL>

<P><STRONG><a name="[4d8]"></a>ip4_get_chksum</STRONG> (Thumb, 14 bytes, Stack size 0 bytes, net_ip4.o(.text.ip4_get_chksum))
<BR><BR>[Stack]<UL><LI>Max Depth = 16<LI>Call Chain = ip4_get_chksum &rArr; net_chksum_buf
</UL>
<BR>[Calls]<UL><LI><a href="#[4d9]">&gt;&gt;</a>&nbsp;&nbsp;&nbsp;net_chksum_buf
</UL>
<BR>[Called By]<UL><LI><a href="#[4d7]">&gt;&gt;</a>&nbsp;&nbsp;&nbsp;net_ip4_send_frame
<LI><a href="#[515]">&gt;&gt;</a>&nbsp;&nbsp;&nbsp;net_ip4_chk_frame
</UL>

<P><STRONG><a name="[537]"></a>ip4_get_mtu</STRONG> (Thumb, 32 bytes, Stack size 0 bytes, net_ip4.o(.text.ip4_get_mtu))
<BR><BR>[Called By]<UL><LI><a href="#[4d7]">&gt;&gt;</a>&nbsp;&nbsp;&nbsp;net_ip4_send_frame
<LI><a href="#[515]">&gt;&gt;</a>&nbsp;&nbsp;&nbsp;net_ip4_chk_frame
</UL>

<P><STRONG><a name="[53d]"></a>ip6_get_mtu</STRONG> (Thumb, 32 bytes, Stack size 0 bytes, net_ip6.o(.text.ip6_get_mtu))
<BR><BR>[Called By]<UL><LI><a href="#[52f]">&gt;&gt;</a>&nbsp;&nbsp;&nbsp;net_ip6_send_frame
<LI><a href="#[516]">&gt;&gt;</a>&nbsp;&nbsp;&nbsp;net_ip6_chk_frame
</UL>

<P><STRONG><a name="[460]"></a>OUTLINED_FUNCTION_0</STRONG> (Thumb, 6 bytes, Stack size 0 bytes, net_ip6.o(.text.OUTLINED_FUNCTION_0))
<BR><BR>[Calls]<UL><LI><a href="#[461]">&gt;&gt;</a>&nbsp;&nbsp;&nbsp;net_addr6_comp
</UL>
<BR>[Called By]<UL><LI><a href="#[516]">&gt;&gt;</a>&nbsp;&nbsp;&nbsp;net_ip6_chk_frame
</UL>

<P><STRONG><a name="[4de]"></a>mem_lock</STRONG> (Thumb, 8 bytes, Stack size 0 bytes, net_mem.o(.text.mem_lock))
<BR><BR>[Stack]<UL><LI>Max Depth = 88<LI>Call Chain = mem_lock &rArr; netos_lock &rArr; osMutexAcquire &rArr; EvrRtxMutexAcquire &rArr; EventRecord2 &rArr; EventRecordItem
</UL>
<BR>[Calls]<UL><LI><a href="#[437]">&gt;&gt;</a>&nbsp;&nbsp;&nbsp;netos_lock
</UL>
<BR>[Called By]<UL><LI><a href="#[543]">&gt;&gt;</a>&nbsp;&nbsp;&nbsp;net_mem_shrink
<LI><a href="#[499]">&gt;&gt;</a>&nbsp;&nbsp;&nbsp;net_mem_free
<LI><a href="#[49c]">&gt;&gt;</a>&nbsp;&nbsp;&nbsp;net_mem_alloc
</UL>

<P><STRONG><a name="[4df]"></a>mem_unlock</STRONG> (Thumb, 8 bytes, Stack size 0 bytes, net_mem.o(.text.mem_unlock))
<BR><BR>[Stack]<UL><LI>Max Depth = 88<LI>Call Chain = mem_unlock &rArr; netos_unlock &rArr; osMutexRelease &rArr; EvrRtxMutexRelease &rArr; EventRecord2 &rArr; EventRecordItem
</UL>
<BR>[Calls]<UL><LI><a href="#[438]">&gt;&gt;</a>&nbsp;&nbsp;&nbsp;netos_unlock
</UL>
<BR>[Called By]<UL><LI><a href="#[543]">&gt;&gt;</a>&nbsp;&nbsp;&nbsp;net_mem_shrink
<LI><a href="#[499]">&gt;&gt;</a>&nbsp;&nbsp;&nbsp;net_mem_free
<LI><a href="#[49c]">&gt;&gt;</a>&nbsp;&nbsp;&nbsp;net_mem_alloc
</UL>

<P><STRONG><a name="[50b]"></a>crc32_8bit</STRONG> (Thumb, 44 bytes, Stack size 0 bytes, net_common.o(.text.crc32_8bit))
<BR><BR>[Called By]<UL><LI><a href="#[4a6]">&gt;&gt;</a>&nbsp;&nbsp;&nbsp;net_strcrc
<LI><a href="#[50a]">&gt;&gt;</a>&nbsp;&nbsp;&nbsp;net_crc_buf
</UL>

<P><STRONG><a name="[4d4]"></a>ul2str</STRONG> (Thumb, 84 bytes, Stack size 32 bytes, net_common.o(.text.ul2str))
<BR><BR>[Stack]<UL><LI>Max Depth = 32<LI>Call Chain = ul2str
</UL>
<BR>[Called By]<UL><LI><a href="#[4bb]">&gt;&gt;</a>&nbsp;&nbsp;&nbsp;net_ultoa
<LI><a href="#[4d3]">&gt;&gt;</a>&nbsp;&nbsp;&nbsp;i2str
</UL>

<P><STRONG><a name="[4d3]"></a>i2str</STRONG> (Thumb, 30 bytes, Stack size 8 bytes, net_common.o(.text.i2str))
<BR><BR>[Stack]<UL><LI>Max Depth = 40<LI>Call Chain = i2str &rArr; ul2str
</UL>
<BR>[Calls]<UL><LI><a href="#[4d4]">&gt;&gt;</a>&nbsp;&nbsp;&nbsp;ul2str
</UL>
<BR>[Called By]<UL><LI><a href="#[d7]">&gt;&gt;</a>&nbsp;&nbsp;&nbsp;net_itoa_n0
<LI><a href="#[4ba]">&gt;&gt;</a>&nbsp;&nbsp;&nbsp;net_itoa
</UL>

<P><STRONG><a name="[563]"></a>hex2uc</STRONG> (Thumb, 38 bytes, Stack size 0 bytes, net_common.o(.text.hex2uc))
<BR><BR>[Called By]<UL><LI><a href="#[4cb]">&gt;&gt;</a>&nbsp;&nbsp;&nbsp;net_xtouc
</UL>

<P><STRONG><a name="[567]"></a>_printf_core</STRONG> (Thumb, 984 bytes, Stack size 104 bytes, printf8.o(i._printf_core), UNUSED)
<BR><BR>[Calls]<UL><LI><a href="#[387]">&gt;&gt;</a>&nbsp;&nbsp;&nbsp;__aeabi_uldivmod
<LI><a href="#[569]">&gt;&gt;</a>&nbsp;&nbsp;&nbsp;_printf_pre_padding
<LI><a href="#[56a]">&gt;&gt;</a>&nbsp;&nbsp;&nbsp;_printf_post_padding
</UL>
<BR>[Called By]<UL><LI><a href="#[568]">&gt;&gt;</a>&nbsp;&nbsp;&nbsp;__0sprintf$8
<LI><a href="#[566]">&gt;&gt;</a>&nbsp;&nbsp;&nbsp;__0snprintf$8
</UL>

<P><STRONG><a name="[56a]"></a>_printf_post_padding</STRONG> (Thumb, 36 bytes, Stack size 24 bytes, printf8.o(i._printf_post_padding), UNUSED)
<BR><BR>[Called By]<UL><LI><a href="#[567]">&gt;&gt;</a>&nbsp;&nbsp;&nbsp;_printf_core
</UL>

<P><STRONG><a name="[569]"></a>_printf_pre_padding</STRONG> (Thumb, 46 bytes, Stack size 24 bytes, printf8.o(i._printf_pre_padding), UNUSED)
<BR><BR>[Called By]<UL><LI><a href="#[567]">&gt;&gt;</a>&nbsp;&nbsp;&nbsp;_printf_core
</UL>

<P><STRONG><a name="[e0]"></a>_snputc</STRONG> (Thumb, 22 bytes, Stack size 0 bytes, printf8.o(i._snputc))
<BR>[Address Reference Count : 1]<UL><LI> printf8.o(i.__0snprintf$8)
</UL>
<P><STRONG><a name="[e1]"></a>_sputc</STRONG> (Thumb, 10 bytes, Stack size 0 bytes, printf8.o(i._sputc))
<BR><BR>[Called By]<UL><LI><a href="#[568]">&gt;&gt;</a>&nbsp;&nbsp;&nbsp;__0sprintf$8
</UL>
<BR>[Address Reference Count : 1]<UL><LI> printf8.o(i.__0sprintf$8)
</UL>
<P><STRONG><a name="[d4]"></a>_scanf_char_input</STRONG> (Thumb, 12 bytes, Stack size 0 bytes, scanf_char.o(.text))
<BR>[Address Reference Count : 1]<UL><LI> scanf_char.o(.text)
</UL><P>
<H3>
Undefined Global Symbols
</H3><HR></body></html>
