Component: ARM Compiler 5.06 update 7 (build 960) Tool: armlink [4d3601]

==============================================================================

Section Cross References

    main.o(.text) refers to rtx_kernel.o(.text) for osKernelGetState
    main.o(.text) refers to stm32f4xx_hal_rcc.o(.text) for HAL_RCC_OscConfig
    main.o(.text) refers to stm32f4xx_hal.o(.text) for HAL_GetREVID
    main.o(.text) refers to system_stm32f4xx.o(.text) for SystemCoreClockUpdate
    main.o(.text) refers to rtx_thread.o(.text) for osThreadNew
    main.o(.text) refers to system_stm32f4xx.o(.data) for SystemCoreClock
    main.o(.text) refers to main.o(.data) for .data
    main.o(.text) refers to http_server.o(.constdata) for app_main_attr
    main.o(.text) refers to http_server.o(.text) for app_main
    http_server.o(.text) refers to buttons_nucleo_f429zi.o(.text) for Buttons_GetState
    http_server.o(.text) refers to rtc_2.o(.text) for RTC_GetTimeString
    http_server.o(.text) refers to printf8.o(i.__0snprintf$8) for __2snprintf
    http_server.o(.text) refers to memseta.o(.text) for __aeabi_memclr4
    http_server.o(.text) refers to rtx_msgqueue.o(.text) for osMessageQueuePut
    http_server.o(.text) refers to rtx_delay.o(.text) for osDelay
    http_server.o(.text) refers to stm32f4xx_hal_gpio.o(.text) for HAL_GPIO_Init
    http_server.o(.text) refers to net_sys.o(.text.netInitialize) for netInitialize
    http_server.o(.text) refers to lcd_1.o(.text) for Init_ThLCD
    http_server.o(.text) refers to principalservidor.o(.text) for Init_ThPrincipalServidor
    http_server.o(.text) refers to rtx_thread.o(.text) for osThreadNew
    http_server.o(.text) refers to sntp.o(.text) for SNTP_Init
    http_server.o(.text) refers to http_server.o(.data) for .data
    http_server.o(.text) refers to lcd_1.o(.data) for lcd_Queue
    http_server.o(.text) refers to http_server.o(.bss) for .bss
    http_server.o(.constdata) refers to http_server.o(.bss) for app_main_stk
    http_server_cgi.o(.text) refers to _scanf_int.o(.text) for _scanf_int
    http_server_cgi.o(.text) refers to net_http_server.o(.text.netCGI_GetEnvVar) for netCGI_GetEnvVar
    http_server_cgi.o(.text) refers to net_addr.o(.text.netIP_aton) for netIP_aton
    http_server_cgi.o(.text) refers to net_sys.o(.text.netIF_SetOption) for netIF_SetOption
    http_server_cgi.o(.text) refers to __0sscanf.o(.text) for __0sscanf
    http_server_cgi.o(.text) refers to principalservidor.o(.text) for PrincipalServidor_SetAuto
    http_server_cgi.o(.text) refers to stm32f4xx_hal_gpio.o(.text) for HAL_GPIO_WritePin
    http_server_cgi.o(.text) refers to strcmp.o(.text) for strcmp
    http_server_cgi.o(.text) refers to strncmp.o(.text) for strncmp
    http_server_cgi.o(.text) refers to led_nucleo_f429zi.o(.text) for LED_SetOut
    http_server_cgi.o(.text) refers to net_http_server.o(.text.netHTTPs_LoginActive) for netHTTPs_LoginActive
    http_server_cgi.o(.text) refers to strcpy.o(.text) for strcpy
    http_server_cgi.o(.text) refers to net_http_server.o(.text.netHTTPs_SetPassword) for netHTTPs_SetPassword
    http_server_cgi.o(.text) refers to http_server_cgi.o(.bss) for .bss
    http_server_cgi.o(.text) refers to http_server_cgi.o(.data) for .data
    http_server_cgi.o(.text) refers to rtc_2.o(.text) for RTC_GetTimeString
    http_server_cgi.o(.text) refers to printf8.o(i.__0sprintf$8) for __2sprintf
    http_server_cgi.o(.text) refers to printf8.o(i.__0snprintf$8) for __2snprintf
    http_server_cgi.o(.text) refers to net_sys.o(.text.netIF_GetOption) for netIF_GetOption
    http_server_cgi.o(.text) refers to net_addr.o(.text.netIP_ntoa) for netIP_ntoa
    http_server_cgi.o(.text) refers to net_tcp.o(.text.netTCP_GetState) for netTCP_GetState
    http_server_cgi.o(.text) refers to net_tcp.o(.text.netTCP_GetPeer) for netTCP_GetPeer
    http_server_cgi.o(.text) refers to net_tcp.o(.text.netTCP_GetTimer) for netTCP_GetTimer
    http_server_cgi.o(.text) refers to net_tcp.o(.text.netTCP_GetLocalPort) for netTCP_GetLocalPort
    http_server_cgi.o(.text) refers to net_http_server.o(.text.netHTTPs_GetPassword) for netHTTPs_GetPassword
    http_server_cgi.o(.text) refers to net_http_server.o(.text.netHTTPs_GetLanguage) for netHTTPs_GetLanguage
    http_server_cgi.o(.text) refers to http_server.o(.text) for get_button
    http_server_cgi.o(.text) refers to http_server_cgi.o(.conststring) for .conststring
    http_server_cgi.o(.text) refers to http_server.o(.data) for lcd_text
    web.o(.text) refers to web.o(.constdata) for .constdata
    web.o(.constdata) refers to web.o(.constdata) for imageFileData
    lcd_1.o(.text) refers to stm32f4xx_hal_gpio.o(.text) for HAL_GPIO_WritePin
    lcd_1.o(.text) refers to rtx_evflags.o(.text) for osEventFlagsWait
    lcd_1.o(.text) refers to strlen.o(.text) for strlen
    lcd_1.o(.text) refers to stm32f4xx_hal_tim.o(.text) for HAL_TIM_Base_Init
    lcd_1.o(.text) refers to rtx_msgqueue.o(.text) for osMessageQueueGet
[...]
    net_udp_send                             0x0801ad61   Thumb Code    20  net_udp.o(.text.net_udp_send)
    net_udp_send_if                          0x0801ad75   Thumb Code   544  net_udp.o(.text.net_udp_send_if)
    net_udp_socket_init                      0x0801afa5   Thumb Code    28  net_udp.o(.text.net_udp_socket_init)
    net_ultoa                                0x0801afc5   Thumb Code     8  net_common.o(.text.net_ultoa)
    net_ultox                                0x0801afcd   Thumb Code    60  net_common.o(.text.net_ultox)
    net_xtouc                                0x0801b00d   Thumb Code    26  net_common.o(.text.net_xtouc)
    net_xtoul                                0x0801b027   Thumb Code    90  net_common.o(.text.net_xtoul)
    __0snprintf$8                            0x0801b86d   Thumb Code    48  printf8.o(i.__0snprintf$8)
    __1snprintf$8                            0x0801b86d   Thumb Code     0  printf8.o(i.__0snprintf$8)
    __2snprintf                              0x0801b86d   Thumb Code     0  printf8.o(i.__0snprintf$8)
    __0sprintf$8                             0x0801b8a1   Thumb Code    34  printf8.o(i.__0sprintf$8)
    __1sprintf$8                             0x0801b8a1   Thumb Code     0  printf8.o(i.__0sprintf$8)
    __2sprintf                               0x0801b8a1   Thumb Code     0  printf8.o(i.__0sprintf$8)
    __scatterload_copy                       0x0801b8c9   Thumb Code    14  handlers.o(i.__scatterload_copy)
    __scatterload_null                       0x0801b8d7   Thumb Code     2  handlers.o(i.__scatterload_null)
    __scatterload_zeroinit                   0x0801b8d9   Thumb Code    14  handlers.o(i.__scatterload_zeroinit)
    app_main_attr                            0x0801bd60   Data          36  http_server.o(.constdata)
    imageLastModified                        0x0801bd84   Data           4  web.o(.constdata)
    Arial12x12                               0x08023864   Data        2400  lcd_1.o(.constdata)
    osRtxUserSVC                             0x080242b0   Data           4  rtx_lib.o(.constdata)
    Driver_ETH_PHY0                          0x080242b8   Data          32  phy_lan8742a.o(.constdata)
    Driver_ETH_MAC0                          0x08024328   Data          68  emac_stm32f4xx.o(.constdata)
    Driver_SPI1                              0x080243c0   Data          44  spi_stm32f4xx.o(.constdata)
    Driver_USART3                            0x08024474   Data          56  usart_stm32f4xx.o(.constdata)
    EventRecorderInfo                        0x080244ac   Data          24  eventrecorder.o(.constdata)
    AHBPrescTable                            0x080244cc   Data          16  system_stm32f4xx.o(.constdata)
    APBPrescTable                            0x080244dc   Data           8  system_stm32f4xx.o(.constdata)
    net_sys_config                           0x0802458c   Data          28  net_config.o(.constdata)
    net_eth0_if_config                       0x08024600   Data          44  net_config.o(.constdata)
    net_eth_list                             0x0802462c   Data           8  net_config.o(.constdata)
    net_if_list_lan                          0x08024634   Data           8  net_config.o(.constdata)
    net_if_list_all                          0x0802463c   Data           8  net_config.o(.constdata)
    net_if_inet_def                          0x08024644   Data           8  net_config.o(.constdata)
    net_if_link_def                          0x0802464c   Data           8  net_config.o(.constdata)
    net_arp_list                             0x08024654   Data           8  net_config.o(.constdata)
    net_icmp_list                            0x0802465c   Data           8  net_config.o(.constdata)
    net_igmp_list                            0x08024664   Data           8  net_config.o(.constdata)
    net_icmp6_list                           0x0802466c   Data           4  net_config.o(.constdata)
    net_ip4_frag_config                      0x08024670   Data           8  net_config.o(.constdata)
    net_nbns_config                          0x08024678   Data           8  net_config.o(.constdata)
    net_udp_config                           0x08024680   Data          12  net_config.o(.constdata)
    net_tcp_config                           0x0802468c   Data          24  net_config.o(.constdata)
    net_http_config                          0x080246a4   Data          52  net_config.o(.constdata)
    net_dns_config                           0x080246d8   Data           8  net_config.o(.constdata)
    net_sntp_config                          0x080246e0   Data           8  net_config.o(.constdata)
    netif_getopt_func                        0x0802474c   Data          16  net_config.o(.constdata)
    netif_setopt_func                        0x0802475c   Data          16  net_config.o(.constdata)
    __ctype_categories                       0x08024778   Data          64  ctype_c.o(.constdata)
    osRtxConfig                              0x080249a4   Data         112  rtx_lib.o(.rodata)
    os_cb_sections                           0x08024a14   Data          56  rtx_lib.o(.rodata)
    net_addr4_loopback                       0x08024b94   Data           4  net_ip4.o(.rodata.net_addr4_loopback)
    net_addr6_all_nodes                      0x08024b98   Data          16  net_ip6.o(.rodata.net_addr6_all_nodes)
    net_addr6_loopback                       0x08024ba8   Data          16  net_ip6.o(.rodata.net_addr6_loopback)
    net_addr_bcast                           0x08024bb8   Data           6  net_addr.o(.rodata.net_addr_bcast)
    net_addr_unspec                          0x08024bbe   Data          16  net_addr.o(.rodata.net_addr_unspec)
    net_http_auth_basic_func                 0x08024c20   Data          24  net_http_server_auth.o(.rodata.net_http_auth_basic_func)
    net_http_error                           0x08024c38   Data          24  net_http_server_err.o(.rodata.net_http_error)
    net_lib_version                          0x08024c50   Data           4  net_version.o(.rodata.net_lib_version)
    network_ip4ip6_debug_v7.18.0             0x08024c50   Data           4  net_version.o(.rodata.net_lib_version)
    net_loop_if_config                       0x08024c54   Data          44  net_loopback.o(.rodata.net_loop_if_config)
    net_ping_payload                         0x08024c80   Data          18  net_ping_core.o(.rodata.net_ping_payload)
    Region$$Table$$Base                      0x08025038   Number         0  anon$$obj.o(Region$$Table)
    Region$$Table$$Limit                     0x08025068   Number         0  anon$$obj.o(Region$$Table)
    .bss.os.msgqueue.cb$$Base                0x20008044   Number         0  rtx_lib.o(.bss.os.msgqueue.cb)
    .bss.os.msgqueue.cb$$Limit               0x20008078   Number         0  rtx_lib.o(.bss.os.msgqueue.cb)
    .bss.os.mutex.cb$$Base                   0x200080c8   Number         0  net_config.o(.bss.os.mutex.cb)
    .bss.os.mutex.cb$$Limit                  0x20008100   Number         0  net_config.o(.bss.os.mutex.cb)
    .bss.os.semaphore.cb$$Base               0x20008100   Number         0  net_config.o(.bss.os.semaphore.cb)
    .bss.os.semaphore.cb$$Limit              0x20008110   Number         0  net_config.o(.bss.os.semaphore.cb)
    .bss.os.thread.cb$$Base                  0x20008110   Number         0  rtx_lib.o(.bss.os.thread.cb)
    .bss.os.thread.cb$$Limit                 0x20008220   Number         0  net_config.o(.bss.os.thread.cb)
    .bss.os.timer.cb$$Base                   0x20008620   Number         0  net_config.o(.bss.os.timer.cb)
    .bss.os.timer.cb$$Limit                  0x20008640   Number         0  net_config.o(.bss.os.timer.cb)
    tid_rtc_lcd                              0x20008644   Data           4  http_server.o(.data)
    lcd_text                                 0x20008648   Data          42  http_server.o(.data)
    positionL1                               0x20008674   Data           1  lcd_1.o(.data)
    positionL2                               0x20008676   Data           2  lcd_1.o(.data)
    SPIdrv                                   0x20008678   Data           4  lcd_1.o(.data)
    tid_ThLCD                                0x2000867c   Data           4  lcd_1.o(.data)
    lcd_Queue                                0x20008680   Data           4  lcd_1.o(.data)
    busyEventFlag                            0x20008684   Data           4  lcd_1.o(.data)
    tid_sntp                                 0x20008688   Data           4  sntp.o(.data)
    Data_to_client                           0x2000868d   Data           2  com.o(.data)
    tid_Control_Com_recepcion                0x20008694   Data           4  com.o(.data)
    tid_Control_Com_transmision              0x20008698   Data           4  com.o(.data)
    cola_entrada                             0x2000869c   Data           4  com.o(.data)
    cola_salida                              0x200086a0   Data           4  com.o(.data)
    ack                                      0x200086a4   Data           4  com.o(.data)
    Data_to_server                           0x200086a8   Data           6  com.o(.data)
    tid_ThPrincipalServidor                  0x200086b4   Data           4  principalservidor.o(.data)
    uwTickFreq                               0x200086c0   Data           1  stm32f4xx_hal.o(.data)
    uwTickPrio                               0x200086c4   Data           4  stm32f4xx_hal.o(.data)
    uwTick                                   0x200086c8   Data           4  stm32f4xx_hal.o(.data)
    SystemCoreClock                          0x200086cc   Data           4  system_stm32f4xx.o(.data)
    osRtxInfo                                0x200086e0   Data         164  rtx_kernel.o(.data.os)
    app_main_stk                             0x200087b0   Data        1024  http_server.o(.bss)
    msg_rec                                  0x20008bfc   Data          22  lcd_1.o(.bss)
    htim7                                    0x20008c14   Data          64  lcd_1.o(.bss)
    buffer                                   0x20008c54   Data         512  lcd_1.o(.bss)
    net_http_control                         0x2000f1f0   Data          20  net_http_server.o(.bss..L_MergedGlobals)
    net_sys_control                          0x2000f244   Data          28  net_sys.o(.bss..L_MergedGlobals)
    net_dbg_buf                              0x2000f2e8   Data          36  net_sys.o(.bss.net_dbg_buf)
    net_eth0_arp_control                     0x2000f30c   Data          24  net_arp.o(.bss.net_eth0_arp_control)
    net_eth0_icmp_control                    0x2000f324   Data           1  net_icmp.o(.bss.net_eth0_icmp_control)
    net_eth0_if_control                      0x2000f328   Data         160  net_eth.o(.bss.net_eth0_if_control)
    net_eth0_igmp_control                    0x2000f3c8   Data           4  net_igmp.o(.bss.net_eth0_igmp_control)
    net_ping_control                         0x2000f3d0   Data          44  net_ping_core.o(.bss.net_ping_control)
    net_sntp_control                         0x2000f3fc   Data          44  net_sntp_client_core.o(.bss.net_sntp_control)
    __initial_sp                             0x2000f850   Data           0  startup_stm32f429xx.o(STACK)



==============================================================================

Memory Map of the image

  Image Entry point : 0x080001ad

  Load Region LR_IROM1 (Base: 0x08000000, Size: 0x0002d7ec, Max: 0x00200000, ABSOLUTE, COMPRESSED[0x000251b0])

    Execution Region ER_IROM1 (Exec base: 0x08000000, Load base: 0x08000000, Size: 0x00025068, Max: 0x00200000, ABSOLUTE)

    Exec Addr    Load Addr    Size         Type   Attr      Idx    E Section Name        Object

    0x08000000   0x08000000   0x000001ac   Data   RO         1801    RESET               startup_stm32f429xx.o
    0x080001ac   0x080001ac   0x00000000   Code   RO         3320  * .ARM.Collect$$$$00000000  mc_w.l(entry.o)
    0x080001ac   0x080001ac   0x00000004   Code   RO         3616    .ARM.Collect$$$$00000001  mc_w.l(entry2.o)
    0x080001b0   0x080001b0   0x00000004   Code   RO         3619    .ARM.Collect$$$$00000004  mc_w.l(entry5.o)
    0x080001b4   0x080001b4   0x00000000   Code   RO         3621    .ARM.Collect$$$$00000008  mc_w.l(entry7b.o)
    0x080001b4   0x080001b4   0x00000000   Code   RO         3623    .ARM.Collect$$$$0000000A  mc_w.l(entry8b.o)
    0x080001b4   0x080001b4   0x00000008   Code   RO         3624    .ARM.Collect$$$$0000000B  mc_w.l(entry9a.o)
    0x080001bc   0x080001bc   0x00000004   Code   RO         3631    .ARM.Collect$$$$0000000E  mc_w.l(entry12b.o)
    0x080001c0   0x080001c0   0x00000000   Code   RO         3626    .ARM.Collect$$$$0000000F  mc_w.l(entry10a.o)
    0x080001c0   0x080001c0   0x00000000   Code   RO         3628    .ARM.Collect$$$$00000011  mc_w.l(entry11a.o)
    0x080001c0   0x080001c0   0x00000004   Code   RO         3617    .ARM.Collect$$$$00002712  mc_w.l(entry2.o)
    0x080001c4   0x080001c4   0x00000148   Code   RO          618    .emb_text           rtx_evflags.o
    0x0800030c   0x0800030c   0x00000148   Code   RO          801    .emb_text           rtx_mempool.o
    0x08000454   0x08000454   0x00000148   Code   RO          832    .emb_text           rtx_msgqueue.o
    0x0800059c   0x0800059c   0x00000148   Code   RO          897    .emb_text           rtx_semaphore.o
    0x080006e4   0x080006e4   0x00000148   Code   RO          928    .emb_text           rtx_system.o
    0x0800082c   0x0800082c   0x00000148   Code   RO          962    .emb_text           rtx_thread.o
    0x08000974   0x08000974   0x00000074   Code   RO         1250    .emb_text           eventrecorder.o
    0x080009e8   0x080009e8   0x00000110   Code   RO            4    .text               main.o
    0x08000af8   0x08000af8   0x00000214   Code   RO          178    .text               http_server.o
    0x08000d0c   0x08000d0c   0x000009b0   Code   RO          242    .text               http_server_cgi.o
    0x080016bc   0x080016bc   0x00000078   Code   RO          289    .text               web.o
    0x08001734   0x08001734   0x00000456   Code   RO          309    .text               lcd_1.o
    0x08001b8a   0x08001b8a   0x00000002   PAD
    0x08001b8c   0x08001b8c   0x0000023c   Code   RO          342    .text               rtc_2.o
    0x08001dc8   0x08001dc8   0x00000108   Code   RO          368    .text               sntp.o
    0x08001ed0   0x08001ed0   0x000001a0   Code   RO          401    .text               com.o
    0x08002070   0x08002070   0x0000032c   Code   RO          459    .text               principalservidor.o
    0x0800239c   0x0800239c   0x000000a4   Code   RO          493    .text               buttons_nucleo_f429zi.o
    0x08002440   0x08002440   0x000000ec   Code   RO          519    .text               led_nucleo_f429zi.o
    0x0800252c   0x0800252c   0x00000094   Code   RO          543    .text               irq_armv7m.o
    0x080025c0   0x080025c0   0x00000104   Code   RO          551    .text               rtx_delay.o
    0x080026c4   0x080026c4   0x00000508   Code   RO          619    .text               rtx_evflags.o
    0x08002bcc   0x08002bcc   0x00000958   Code   RO          649    .text               rtx_evr.o
    0x08003524   0x08003524   0x000006cc   Code   RO          674    .text               rtx_kernel.o
    0x08003bf0   0x08003bf0   0x00000018   Code   RO          722    .text               rtx_lib.o
    0x08003c08   0x08003c08   0x00000124   Code   RO          771    .text               rtx_memory.o
    0x08003d2c   0x08003d2c   0x00000678   Code   RO          802    .text               rtx_mempool.o
    0x080043a4   0x080043a4   0x000009bc   Code   RO          833    .text               rtx_msgqueue.o
    0x08004d60   0x08004d60   0x00000558   Code   RO          867    .text               rtx_mutex.o
    0x080052b8   0x080052b8   0x00000450   Code   RO          898    .text               rtx_semaphore.o
    0x08005708   0x08005708   0x00000154   Code   RO          929    .text               rtx_system.o
    0x0800585c   0x0800585c   0x000011d4   Code   RO          963    .text               rtx_thread.o
    0x08006a30   0x08006a30   0x00000480   Code   RO          997    .text               rtx_timer.o
    0x08006eb0   0x08006eb0   0x000000c4   Code   RO         1027    .text               os_systick.o
    0x08006f74   0x08006f74   0x00000004   Code   RO         1053    .text               rtx_config.o
    0x08006f78   0x08006f78   0x000001ac   Code   RO         1074    .text               phy_lan8742a.o
    0x08007124   0x08007124   0x000009e8   Code   RO         1102    .text               emac_stm32f4xx.o
    0x08007b0c   0x08007b0c   0x00000c5c   Code   RO         1144    .text               spi_stm32f4xx.o
    0x08008768   0x08008768   0x00001254   Code   RO         1183    .text               i2c_stm32f4xx.o
    0x080099bc   0x080099bc   0x000011a8   Code   RO         1215    .text               usart_stm32f4xx.o
    0x0800ab64   0x0800ab64   0x00000538   Code   RO         1251    .text               eventrecorder.o
    0x0800b09c   0x0800b09c   0x000001c8   Code   RO         1314    .text               stm32f4xx_hal.o
    0x0800b264   0x0800b264   0x00000298   Code   RO         1392    .text               stm32f4xx_hal_cortex.o
    0x0800b4fc   0x0800b4fc   0x00000718   Code   RO         1420    .text               stm32f4xx_hal_dma.o
    0x0800bc14   0x0800bc14   0x00000364   Code   RO         1469    .text               stm32f4xx_hal_gpio.o
    0x0800bf78   0x0800bf78   0x00000178   Code   RO         1493    .text               stm32f4xx_hal_pwr.o
    0x0800c0f0   0x0800c0f0   0x00000760   Code   RO         1541    .text               stm32f4xx_hal_rcc.o
    0x0800c850   0x0800c850   0x000005e4   Code   RO         1565    .text               stm32f4xx_hal_rcc_ex.o
    0x0800ce34   0x0800ce34   0x00000970   Code   RO         1589    .text               stm32f4xx_hal_rtc.o
    0x0800d7a4   0x0800d7a4   0x00000b0c   Code   RO         1613    .text               stm32f4xx_hal_rtc_ex.o
    0x0800e2b0   0x0800e2b0   0x000023d2   Code   RO         1685    .text               stm32f4xx_hal_tim.o
    0x08010682   0x08010682   0x00000002   PAD
    0x08010684   0x08010684   0x00000bb0   Code   RO         1709    .text               stm32f4xx_hal_tim_ex.o
    0x08011234   0x08011234   0x00000024   Code   RO         1802    .text               startup_stm32f429xx.o
    0x08011258   0x08011258   0x00000094   Code   RO         1809    .text               system_stm32f4xx.o
    0x080112ec   0x080112ec   0x00000168   Code   RO         1910    .text               net_config.o
    0x08011454   0x08011454   0x0000012a   Code   RO         2015    .text               net_debug.o
    0x0801157e   0x0801157e   0x00000062   Code   RO         3329    .text               mc_w.l(uldiv.o)
    0x080115e0   0x080115e0   0x00000094   Code   RO         3331    .text               mc_w.l(localtime.o)
    0x08011674   0x08011674   0x00000024   Code   RO         3335    .text               mc_w.l(memcpya.o)
    0x08011698   0x08011698   0x00000024   Code   RO         3337    .text               mc_w.l(memseta.o)
    0x080116bc   0x080116bc   0x0000000e   Code   RO         3339    .text               mc_w.l(strlen.o)
    0x080116ca   0x080116ca   0x0000001c   Code   RO         3341    .text               mc_w.l(strcmp.o)
    0x080116e6   0x080116e6   0x0000001a   Code   RO         3343    .text               mc_w.l(memcmp.o)
    0x08011700   0x08011700   0x00000012   Code   RO         3345    .text               mc_w.l(strcpy.o)
    0x08011712   0x08011712   0x0000001e   Code   RO         3347    .text               mc_w.l(strncmp.o)
    0x08011730   0x08011730   0x00000038   Code   RO         3612    .text               mc_w.l(__0sscanf.o)
    0x08011768   0x08011768   0x0000014c   Code   RO         3614    .text               mc_w.l(_scanf_int.o)
    0x080118b4   0x080118b4   0x0000001e   Code   RO         3634    .text               mc_w.l(llshl.o)
    0x080118d2   0x080118d2   0x00000020   Code   RO         3636    .text               mc_w.l(llushr.o)
    0x080118f2   0x080118f2   0x0000001c   Code   RO         3638    .text               mc_w.l(_chval.o)
    0x0801190e   0x0801190e   0x00000002   PAD
    0x08011910   0x08011910   0x00000028   Code   RO         3640    .text               mc_w.l(scanf_char.o)
    0x08011938   0x08011938   0x00000040   Code   RO         3642    .text               mc_w.l(_sgetc.o)
    0x08011978   0x08011978   0x00000024   Code   RO         3655    .text               mc_w.l(init.o)
    0x0801199c   0x0801199c   0x0000000a   Code   RO         3659    .text               mc_w.l(isspace_c.o)
    0x080119a6   0x080119a6   0x00000002   PAD
    0x080119a8   0x080119a8   0x00000330   Code   RO         3661    .text               mc_w.l(_scanf.o)
    0x08011cd8   0x08011cd8   0x00000028   Code   RO         3665    .text               mc_w.l(ctype_c.o)
    0x08011d00   0x08011d00   0x00000056   Code   RO         3675    .text               mc_w.l(__dczerorl2.o)
    0x08011d56   0x08011d56   0x0000000e   Code   RO         2084    .text.OUTLINED_FUNCTION_0  Net_Dbg_CM3_L.lib(net_eth.o)
    0x08011d64   0x08011d64   0x00000008   Code   RO         2211    .text.OUTLINED_FUNCTION_0  Net_Dbg_CM3_L.lib(net_igmp.o)
    0x08011d6c   0x08011d6c   0x0000000a   Code   RO         2235    .text.OUTLINED_FUNCTION_0  Net_Dbg_CM3_L.lib(net_loopback.o)
    0x08011d76   0x08011d76   0x00000006   Code   RO         2259    .text.OUTLINED_FUNCTION_0  Net_Dbg_CM3_L.lib(net_ip4_frag.o)
    0x08011d7c   0x08011d7c   0x00000006   Code   RO         2344    .text.OUTLINED_FUNCTION_0  Net_Dbg_CM3_L.lib(net_udp.o)
    0x08011d82   0x08011d82   0x00000006   Code   RO         2470    .text.OUTLINED_FUNCTION_0  Net_Dbg_CM3_L.lib(net_tcp.o)
    0x08011d88   0x08011d88   0x00000006   Code   RO         2549    .text.OUTLINED_FUNCTION_0  Net_Dbg_CM3_L.lib(net_nbns_client.o)
    0x08011d8e   0x08011d8e   0x00000008   Code   RO         2588    .text.OUTLINED_FUNCTION_0  Net_Dbg_CM3_L.lib(net_dns_client.o)
    0x08011d96   0x08011d96   0x00000008   Code   RO         2707    .text.OUTLINED_FUNCTION_0  Net_Dbg_CM3_L.lib(net_http_server.o)
    0x08011d9e   0x08011d9e   0x00000008   Code   RO         2791    .text.OUTLINED_FUNCTION_0  Net_Dbg_CM3_L.lib(net_sntp_client.o)
    0x08011da6   0x08011da6   0x00000006   Code   RO         2819    .text.OUTLINED_FUNCTION_0  Net_Dbg_CM3_L.lib(net_sntp_client_core.o)
    0x08011dac   0x08011dac   0x00000008   Code   RO         2900    .text.OUTLINED_FUNCTION_0  Net_Dbg_CM3_L.lib(net_sys.o)
    0x08011db4   0x08011db4   0x0000000c   Code   RO         2978    .text.OUTLINED_FUNCTION_0  Net_Dbg_CM3_L.lib(net_addr.o)
    0x08011dc0   0x08011dc0   0x00000006   Code   RO         3043    .text.OUTLINED_FUNCTION_0  Net_Dbg_CM3_L.lib(net_ndp.o)
    0x08011dc6   0x08011dc6   0x00000006   Code   RO         3147    .text.OUTLINED_FUNCTION_0  Net_Dbg_CM3_L.lib(net_ip6.o)
    0x08011dcc   0x08011dcc   0x00000006   Code   RO         2086    .text.OUTLINED_FUNCTION_1  Net_Dbg_CM3_L.lib(net_eth.o)
    0x08011dd2   0x08011dd2   0x0000000a   Code   RO         2261    .text.OUTLINED_FUNCTION_1  Net_Dbg_CM3_L.lib(net_ip4_frag.o)
    0x08011ddc   0x08011ddc   0x00000006   Code   RO         2346    .text.OUTLINED_FUNCTION_1  Net_Dbg_CM3_L.lib(net_udp.o)
    0x08011de2   0x08011de2   0x0000000a   Code   RO         2472    .text.OUTLINED_FUNCTION_1  Net_Dbg_CM3_L.lib(net_tcp.o)
    0x08011dec   0x08011dec   0x0000000e   Code   RO         2551    .text.OUTLINED_FUNCTION_1  Net_Dbg_CM3_L.lib(net_nbns_client.o)
    0x08011dfa   0x08011dfa   0x00000008   Code   RO         2709    .text.OUTLINED_FUNCTION_1  Net_Dbg_CM3_L.lib(net_http_server.o)
    0x08011e02   0x08011e02   0x0000000a   Code   RO         2821    .text.OUTLINED_FUNCTION_1  Net_Dbg_CM3_L.lib(net_sntp_client_core.o)
    0x08011e0c   0x08011e0c   0x0000000e   Code   RO         2980    .text.OUTLINED_FUNCTION_1  Net_Dbg_CM3_L.lib(net_addr.o)
    0x08011e1a   0x08011e1a   0x00000006   Code   RO         3045    .text.OUTLINED_FUNCTION_1  Net_Dbg_CM3_L.lib(net_ndp.o)
    0x08011e20   0x08011e20   0x0000000a   Code   RO         2104    .text.OUTLINED_FUNCTION_10  Net_Dbg_CM3_L.lib(net_eth.o)
    0x08011e2a   0x08011e2a   0x0000000c   Code   RO         2490    .text.OUTLINED_FUNCTION_10  Net_Dbg_CM3_L.lib(net_tcp.o)
    0x08011e36   0x08011e36   0x00000006   Code   RO         2727    .text.OUTLINED_FUNCTION_10  Net_Dbg_CM3_L.lib(net_http_server.o)
    0x08011e3c   0x08011e3c   0x0000000a   Code   RO         3063    .text.OUTLINED_FUNCTION_10  Net_Dbg_CM3_L.lib(net_ndp.o)
    0x08011e46   0x08011e46   0x00000006   Code   RO         2492    .text.OUTLINED_FUNCTION_11  Net_Dbg_CM3_L.lib(net_tcp.o)
    0x08011e4c   0x08011e4c   0x00000006   Code   RO         3065    .text.OUTLINED_FUNCTION_11  Net_Dbg_CM3_L.lib(net_ndp.o)
    0x08011e52   0x08011e52   0x00000012   Code   RO         2494    .text.OUTLINED_FUNCTION_12  Net_Dbg_CM3_L.lib(net_tcp.o)
    0x08011e64   0x08011e64   0x0000000c   Code   RO         2496    .text.OUTLINED_FUNCTION_13  Net_Dbg_CM3_L.lib(net_tcp.o)
    0x08011e70   0x08011e70   0x0000000e   Code   RO         2498    .text.OUTLINED_FUNCTION_14  Net_Dbg_CM3_L.lib(net_tcp.o)
    0x08011e7e   0x08011e7e   0x0000000c   Code   RO         2500    .text.OUTLINED_FUNCTION_15  Net_Dbg_CM3_L.lib(net_tcp.o)
    0x08011e8a   0x08011e8a   0x0000000a   Code   RO         2504    .text.OUTLINED_FUNCTION_17  Net_Dbg_CM3_L.lib(net_tcp.o)
    0x08011e94   0x08011e94   0x00000008   Code   RO         2506    .text.OUTLINED_FUNCTION_18  Net_Dbg_CM3_L.lib(net_tcp.o)
    0x08011e9c   0x08011e9c   0x0000000e   Code   RO         2508    .text.OUTLINED_FUNCTION_19  Net_Dbg_CM3_L.lib(net_tcp.o)
    0x08011eaa   0x08011eaa   0x00000006   Code   RO         2088    .text.OUTLINED_FUNCTION_2  Net_Dbg_CM3_L.lib(net_eth.o)
    0x08011eb0   0x08011eb0   0x00000012   Code   RO         2348    .text.OUTLINED_FUNCTION_2  Net_Dbg_CM3_L.lib(net_udp.o)
    0x08011ec2   0x08011ec2   0x00000006   Code   RO         2474    .text.OUTLINED_FUNCTION_2  Net_Dbg_CM3_L.lib(net_tcp.o)
    0x08011ec8   0x08011ec8   0x0000000a   Code   RO         2711    .text.OUTLINED_FUNCTION_2  Net_Dbg_CM3_L.lib(net_http_server.o)
    0x08011ed2   0x08011ed2   0x00000006   Code   RO         2823    .text.OUTLINED_FUNCTION_2  Net_Dbg_CM3_L.lib(net_sntp_client_core.o)
    0x08011ed8   0x08011ed8   0x00000008   Code   RO         3047    .text.OUTLINED_FUNCTION_2  Net_Dbg_CM3_L.lib(net_ndp.o)
    0x08011ee0   0x08011ee0   0x0000000e   Code   RO         2510    .text.OUTLINED_FUNCTION_20  Net_Dbg_CM3_L.lib(net_tcp.o)
    0x08011eee   0x08011eee   0x0000000a   Code   RO         2512    .text.OUTLINED_FUNCTION_21  Net_Dbg_CM3_L.lib(net_tcp.o)
    0x08011ef8   0x08011ef8   0x0000000a   Code   RO         2514    .text.OUTLINED_FUNCTION_22  Net_Dbg_CM3_L.lib(net_tcp.o)
    0x08011f02   0x08011f02   0x00000006   Code   RO         2090    .text.OUTLINED_FUNCTION_3  Net_Dbg_CM3_L.lib(net_eth.o)
    0x08011f08   0x08011f08   0x00000008   Code   RO         2174    .text.OUTLINED_FUNCTION_3  Net_Dbg_CM3_L.lib(net_arp.o)
    0x08011f10   0x08011f10   0x0000000c   Code   RO         2476    .text.OUTLINED_FUNCTION_3  Net_Dbg_CM3_L.lib(net_tcp.o)
    0x08011f1c   0x08011f1c   0x00000006   Code   RO         2713    .text.OUTLINED_FUNCTION_3  Net_Dbg_CM3_L.lib(net_http_server.o)
    0x08011f22   0x08011f22   0x0000000a   Code   RO         2825    .text.OUTLINED_FUNCTION_3  Net_Dbg_CM3_L.lib(net_sntp_client_core.o)
    0x08011f2c   0x08011f2c   0x00000008   Code   RO         3049    .text.OUTLINED_FUNCTION_3  Net_Dbg_CM3_L.lib(net_ndp.o)
    0x08011f34   0x08011f34   0x0000000e   Code   RO         2092    .text.OUTLINED_FUNCTION_4  Net_Dbg_CM3_L.lib(net_eth.o)
    0x08011f42   0x08011f42   0x0000000e   Code   RO         2176    .text.OUTLINED_FUNCTION_4  Net_Dbg_CM3_L.lib(net_arp.o)
    0x08011f50   0x08011f50   0x00000006   Code   RO         2478    .text.OUTLINED_FUNCTION_4  Net_Dbg_CM3_L.lib(net_tcp.o)
    0x08011f56   0x08011f56   0x00000006   Code   RO         2715    .text.OUTLINED_FUNCTION_4  Net_Dbg_CM3_L.lib(net_http_server.o)
    0x08011f5c   0x08011f5c   0x0000000a   Code   RO         2094    .text.OUTLINED_FUNCTION_5  Net_Dbg_CM3_L.lib(net_eth.o)
    0x08011f66   0x08011f66   0x0000000e   Code   RO         2480    .text.OUTLINED_FUNCTION_5  Net_Dbg_CM3_L.lib(net_tcp.o)
    0x08011f74   0x08011f74   0x00000008   Code   RO         2717    .text.OUTLINED_FUNCTION_5  Net_Dbg_CM3_L.lib(net_http_server.o)
    0x08011f7c   0x08011f7c   0x0000000e   Code   RO         3053    .text.OUTLINED_FUNCTION_5  Net_Dbg_CM3_L.lib(net_ndp.o)
    0x08011f8a   0x08011f8a   0x00000006   Code   RO         2096    .text.OUTLINED_FUNCTION_6  Net_Dbg_CM3_L.lib(net_eth.o)
    0x08011f90   0x08011f90   0x0000000a   Code   RO         2482    .text.OUTLINED_FUNCTION_6  Net_Dbg_CM3_L.lib(net_tcp.o)
    0x08011f9a   0x08011f9a   0x00000008   Code   RO         2719    .text.OUTLINED_FUNCTION_6  Net_Dbg_CM3_L.lib(net_http_server.o)
    0x08011fa2   0x08011fa2   0x00000006   Code   RO         3055    .text.OUTLINED_FUNCTION_6  Net_Dbg_CM3_L.lib(net_ndp.o)
    0x08011fa8   0x08011fa8   0x00000008   Code   RO         2098    .text.OUTLINED_FUNCTION_7  Net_Dbg_CM3_L.lib(net_eth.o)
    0x08011fb0   0x08011fb0   0x00000014   Code   RO         2484    .text.OUTLINED_FUNCTION_7  Net_Dbg_CM3_L.lib(net_tcp.o)
    0x08011fc4   0x08011fc4   0x0000000c   Code   RO         2721    .text.OUTLINED_FUNCTION_7  Net_Dbg_CM3_L.lib(net_http_server.o)
    0x08011fd0   0x08011fd0   0x0000000e   Code   RO         3057    .text.OUTLINED_FUNCTION_7  Net_Dbg_CM3_L.lib(net_ndp.o)
    0x08011fde   0x08011fde   0x00000008   Code   RO         2100    .text.OUTLINED_FUNCTION_8  Net_Dbg_CM3_L.lib(net_eth.o)
    0x08011fe6   0x08011fe6   0x00000010   Code   RO         2486    .text.OUTLINED_FUNCTION_8  Net_Dbg_CM3_L.lib(net_tcp.o)
    0x08011ff6   0x08011ff6   0x00000006   Code   RO         2723    .text.OUTLINED_FUNCTION_8  Net_Dbg_CM3_L.lib(net_http_server.o)
    0x08011ffc   0x08011ffc   0x0000000a   Code   RO         3059    .text.OUTLINED_FUNCTION_8  Net_Dbg_CM3_L.lib(net_ndp.o)
    0x08012006   0x08012006   0x0000000a   Code   RO         2102    .text.OUTLINED_FUNCTION_9  Net_Dbg_CM3_L.lib(net_eth.o)
    0x08012010   0x08012010   0x0000000a   Code   RO         2488    .text.OUTLINED_FUNCTION_9  Net_Dbg_CM3_L.lib(net_tcp.o)
    0x0801201a   0x0801201a   0x0000000a   Code   RO         2725    .text.OUTLINED_FUNCTION_9  Net_Dbg_CM3_L.lib(net_http_server.o)
    0x08012024   0x08012024   0x0000005c   Code   RO         2689    .text.add_server_id  Net_Dbg_CM3_L.lib(net_http_server.o)
    0x08012080   0x08012080   0x00000062   Code   RO         2138    .text.arp_cache_alloc  Net_Dbg_CM3_L.lib(net_arp.o)
    0x080120e2   0x080120e2   0x00000034   Code   RO         2136    .text.arp_is_cacheable  Net_Dbg_CM3_L.lib(net_arp.o)
    0x08012116   0x08012116   0x00000002   PAD
    0x08012118   0x08012118   0x000000ec   Code   RO         2128    .text.arp_proc_response  Net_Dbg_CM3_L.lib(net_arp.o)
    0x08012204   0x08012204   0x00000018   Code   RO         2140    .text.arp_que_free  Net_Dbg_CM3_L.lib(net_arp.o)
    0x0801221c   0x0801221c   0x00000098   Code   RO         2126    .text.arp_send_reply  Net_Dbg_CM3_L.lib(net_arp.o)
    0x080122b4   0x080122b4   0x000000d4   Code   RO         2132    .text.arp_send_request  Net_Dbg_CM3_L.lib(net_arp.o)
    0x08012388   0x08012388   0x00000068   Code   RO         2122    .text.arp_sender_valid  Net_Dbg_CM3_L.lib(net_arp.o)
    0x080123f0   0x080123f0   0x0000003e   Code   RO         2547    .text.base16_decode  Net_Dbg_CM3_L.lib(net_nbns_client.o)
    0x0801242e   0x0801242e   0x00000002   PAD
    0x08012430   0x08012430   0x00000194   Code   RO         2697    .text.chk_post_req  Net_Dbg_CM3_L.lib(net_http_server.o)
    0x080125c4   0x080125c4   0x00000030   Code   RO         3239    .text.crc32_8bit    Net_Dbg_CM3_L.lib(net_common.o)
    0x080125f4   0x080125f4   0x0000022c   Code   RO         2564    .text.dns_client_start  Net_Dbg_CM3_L.lib(net_dns_client.o)
    0x08012820   0x08012820   0x00000030   Code   RO         2582    .text.dns_client_stop  Net_Dbg_CM3_L.lib(net_dns_client.o)
    0x08012850   0x08012850   0x0000007c   Code   RO         2586    .text.dns_get_server  Net_Dbg_CM3_L.lib(net_dns_client.o)
    0x080128cc   0x080128cc   0x0000034c   Code   RO         2574    .text.dns_listener  Net_Dbg_CM3_L.lib(net_dns_client.o)
    0x08012c18   0x08012c18   0x0000001c   Code   RO         2578    .text.dns_notify    Net_Dbg_CM3_L.lib(net_dns_client.o)
    0x08012c34   0x08012c34   0x00000088   Code   RO         2584    .text.dns_send_message  Net_Dbg_CM3_L.lib(net_dns_client.o)
    0x08012cbc   0x08012cbc   0x00000088   Code   RO         2054    .text.eth_check_link  Net_Dbg_CM3_L.lib(net_eth.o)
    0x08012d44   0x08012d44   0x00000018   Code   RO         2062    .text.eth_if_map    Net_Dbg_CM3_L.lib(net_eth.o)
    0x08012d5c   0x08012d5c   0x00000008   Code   RO         2052    .text.eth_lock      Net_Dbg_CM3_L.lib(net_eth.o)
    0x08012d64   0x08012d64   0x0000004e   Code   RO         2064    .text.eth_opt_len   Net_Dbg_CM3_L.lib(net_eth.o)
    0x08012db2   0x08012db2   0x00000008   Code   RO         2056    .text.eth_unlock    Net_Dbg_CM3_L.lib(net_eth.o)
    0x08012dba   0x08012dba   0x00000034   Code   RO         2701    .text.get_next_field  Net_Dbg_CM3_L.lib(net_http_server.o)
    0x08012dee   0x08012dee   0x0000003e   Code   RO         2703    .text.get_next_par  Net_Dbg_CM3_L.lib(net_http_server.o)
    0x08012e2c   0x08012e2c   0x00000026   Code   RO         3269    .text.hex2uc        Net_Dbg_CM3_L.lib(net_common.o)
    0x08012e52   0x08012e52   0x00000002   PAD
    0x08012e54   0x08012e54   0x000003ec   Code   RO         2683    .text.http_add_header  Net_Dbg_CM3_L.lib(net_http_server.o)
    0x08013240   0x08013240   0x00000050   Code   RO         2750    .text.http_auth_basic_add  Net_Dbg_CM3_L.lib(net_http_server_auth.o)
    0x08013290   0x08013290   0x00000090   Code   RO         2752    .text.http_auth_basic_parse  Net_Dbg_CM3_L.lib(net_http_server_auth.o)
    0x08013320   0x08013320   0x00000002   Code   RO         2748    .text.http_auth_dummy  Net_Dbg_CM3_L.lib(net_http_server_auth.o)
    0x08013322   0x08013322   0x00000002   PAD
    0x08013324   0x08013324   0x00000020   Code   RO         2746    .text.http_auth_init  Net_Dbg_CM3_L.lib(net_http_server_auth.o)
    0x08013344   0x08013344   0x00000074   Code   RO         2679    .text.http_kill_session  Net_Dbg_CM3_L.lib(net_http_server.o)
    0x080133b8   0x080133b8   0x00000404   Code   RO         2603    .text.http_listener  Net_Dbg_CM3_L.lib(net_http_server.o)
    0x080137bc   0x080137bc   0x000001c0   Code   RO         2687    .text.http_open_file  Net_Dbg_CM3_L.lib(net_http_server.o)
    0x0801397c   0x0801397c   0x000002ac   Code   RO         2693    .text.http_parse_header  Net_Dbg_CM3_L.lib(net_http_server.o)
    0x08013c28   0x08013c28   0x00000130   Code   RO         2699    .text.http_proc_post  Net_Dbg_CM3_L.lib(net_http_server.o)
    0x08013d58   0x08013d58   0x000000d4   Code   RO         2691    .text.http_proc_uri  Net_Dbg_CM3_L.lib(net_http_server.o)
    0x08013e2c   0x08013e2c   0x00000068   Code   RO         2605    .text.http_server_start  Net_Dbg_CM3_L.lib(net_http_server.o)
    0x08013e94   0x08013e94   0x00000070   Code   RO         2695    .text.http_set_ftype  Net_Dbg_CM3_L.lib(net_http_server.o)
    0x08013f04   0x08013f04   0x00000018   Code   RO         2685    .text.http_strcpy   Net_Dbg_CM3_L.lib(net_http_server.o)
    0x08013f1c   0x08013f1c   0x0000001e   Code   RO         3259    .text.i2str         Net_Dbg_CM3_L.lib(net_common.o)
    0x08013f3a   0x08013f3a   0x0000001e   Code   RO         2197    .text.igmp_map_group  Net_Dbg_CM3_L.lib(net_igmp.o)
    0x08013f58   0x08013f58   0x00000074   Code   RO         2199    .text.igmp_send_report  Net_Dbg_CM3_L.lib(net_igmp.o)
    0x08013fcc   0x08013fcc   0x0000000e   Code   RO         3087    .text.ip4_get_chksum  Net_Dbg_CM3_L.lib(net_ip4.o)
    0x08013fda   0x08013fda   0x00000020   Code   RO         3089    .text.ip4_get_mtu   Net_Dbg_CM3_L.lib(net_ip4.o)
    0x08013ffa   0x08013ffa   0x00000012   Code   RO         3085    .text.ip4_is_subcast  Net_Dbg_CM3_L.lib(net_ip4.o)
    0x0801400c   0x0801400c   0x0000002e   Code   RO         2922    .text.ip4_ntoa      Net_Dbg_CM3_L.lib(net_addr.o)
    0x0801403a   0x0801403a   0x00000020   Code   RO         3127    .text.ip6_get_mtu   Net_Dbg_CM3_L.lib(net_ip6.o)
    0x0801405a   0x0801405a   0x00000002   PAD
    0x0801405c   0x0801405c   0x00000108   Code   RO         2926    .text.ip6_ntoa      Net_Dbg_CM3_L.lib(net_addr.o)
    0x08014164   0x08014164   0x0000000c   Code   RO         3198    .text.mem_lock      Net_Dbg_CM3_L.lib(net_mem.o)
    0x08014170   0x08014170   0x0000000c   Code   RO         3200    .text.mem_unlock    Net_Dbg_CM3_L.lib(net_mem.o)
    0x0801417c   0x0801417c   0x000001c8   Code   RO         2529    .text.nbns_listener  Net_Dbg_CM3_L.lib(net_nbns_client.o)
    0x08014344   0x08014344   0x00000118   Code   RO         3005    .text.ndp_cache_add  Net_Dbg_CM3_L.lib(net_ndp.o)
    0x0801445c   0x0801445c   0x00000080   Code   RO         3013    .text.ndp_cache_alloc  Net_Dbg_CM3_L.lib(net_ndp.o)
    0x080144dc   0x080144dc   0x0000002a   Code   RO         3003    .text.ndp_check_frame  Net_Dbg_CM3_L.lib(net_ndp.o)
    0x08014506   0x08014506   0x00000018   Code   RO         3015    .text.ndp_que_free  Net_Dbg_CM3_L.lib(net_ndp.o)
    0x0801451e   0x0801451e   0x00000002   PAD
    0x08014520   0x08014520   0x00000038   Code   RO         3041    .text.ndp_router_remove  Net_Dbg_CM3_L.lib(net_ndp.o)
    0x08014558   0x08014558   0x000000a4   Code   RO         3007    .text.ndp_send_reply  Net_Dbg_CM3_L.lib(net_ndp.o)
    0x080145fc   0x080145fc   0x000000d4   Code   RO         3037    .text.ndp_send_request  Net_Dbg_CM3_L.lib(net_ndp.o)
    0x080146d0   0x080146d0   0x00000004   Code   RO         2661    .text.netCGI_Charset  Net_Dbg_CM3_L.lib(net_http_server.o)
    0x080146d4   0x080146d4   0x00000004   Code   RO         2657    .text.netCGI_ContentType  Net_Dbg_CM3_L.lib(net_http_server.o)
    0x080146d8   0x080146d8   0x00000004   Code   RO         2663    .text.netCGI_CustomHeader  Net_Dbg_CM3_L.lib(net_http_server.o)
    0x080146dc   0x080146dc   0x00000054   Code   RO         2641    .text.netCGI_GetEnvVar  Net_Dbg_CM3_L.lib(net_http_server.o)
    0x08014730   0x08014730   0x00000010   Code   RO         2677    .text.netCGI_ProcessCookie  Net_Dbg_CM3_L.lib(net_http_server.o)
    0x08014740   0x08014740   0x00000010   Code   RO         2675    .text.netCGI_ProcessRequest  Net_Dbg_CM3_L.lib(net_http_server.o)
    0x08014750   0x08014750   0x00000004   Code   RO         2665    .text.netCGI_Redirect  Net_Dbg_CM3_L.lib(net_http_server.o)
    0x08014754   0x08014754   0x00000004   Code   RO         2659    .text.netCGX_ContentType  Net_Dbg_CM3_L.lib(net_http_server.o)
    0x08014758   0x08014758   0x000000c0   Code   RO         2868    .text.netCore_Thread  Net_Dbg_CM3_L.lib(net_sys.o)
    0x08014818   0x08014818   0x00000002   Code   RO         2080    .text.netETH_Notify  Net_Dbg_CM3_L.lib(net_eth.o)
    0x0801481a   0x0801481a   0x00000002   Code   RO         2082    .text.netETH_ReceiveRaw  Net_Dbg_CM3_L.lib(net_eth.o)
    0x0801481c   0x0801481c   0x000000e0   Code   RO         2050    .text.netETH_Thread  Net_Dbg_CM3_L.lib(net_eth.o)
    0x080148fc   0x080148fc   0x00000004   Code   RO         2667    .text.netHTTPs_AcceptClient  Net_Dbg_CM3_L.lib(net_http_server.o)
    0x08014900   0x08014900   0x00000004   Code   RO         2764    .text.netHTTPs_CheckAccount  Net_Dbg_CM3_L.lib(net_http_server_auth.o)
    0x08014904   0x08014904   0x00000004   Code   RO         2669    .text.netHTTPs_FileAccess  Net_Dbg_CM3_L.lib(net_http_server.o)
    0x08014908   0x08014908   0x0000001c   Code   RO         2643    .text.netHTTPs_GetLanguage  Net_Dbg_CM3_L.lib(net_http_server.o)
    0x08014924   0x08014924   0x0000000c   Code   RO         2629    .text.netHTTPs_GetPassword  Net_Dbg_CM3_L.lib(net_http_server.o)
    0x08014930   0x08014930   0x0000000c   Code   RO         2635    .text.netHTTPs_LoginActive  Net_Dbg_CM3_L.lib(net_http_server.o)
    0x0801493c   0x0801493c   0x00000058   Code   RO         2631    .text.netHTTPs_SetPassword  Net_Dbg_CM3_L.lib(net_http_server.o)
    0x08014994   0x08014994   0x0000007c   Code   RO         2874    .text.netIF_GetOption  Net_Dbg_CM3_L.lib(net_sys.o)
    0x08014a10   0x08014a10   0x00000078   Code   RO         2878    .text.netIF_SetOption  Net_Dbg_CM3_L.lib(net_sys.o)
    0x08014a88   0x08014a88   0x0000001a   Code   RO         2916    .text.netIP_aton    Net_Dbg_CM3_L.lib(net_addr.o)
    0x08014aa2   0x08014aa2   0x00000030   Code   RO         2930    .text.netIP_ntoa    Net_Dbg_CM3_L.lib(net_addr.o)
    0x08014ad2   0x08014ad2   0x00000002   PAD
    0x08014ad4   0x08014ad4   0x00000098   Code   RO         2860    .text.netInitialize  Net_Dbg_CM3_L.lib(net_sys.o)
    0x08014b6c   0x08014b6c   0x00000062   Code   RO         2918    .text.netMAC_aton   Net_Dbg_CM3_L.lib(net_addr.o)
    0x08014bce   0x08014bce   0x00000002   PAD
    0x08014bd0   0x08014bd0   0x000000b8   Code   RO         2787    .text.netSNTPc_GetTimeX  Net_Dbg_CM3_L.lib(net_sntp_client.o)
    0x08014c88   0x08014c88   0x00000004   Code   RO         2414    .text.netTCP_GetLocalPort  Net_Dbg_CM3_L.lib(net_tcp.o)
    0x08014c8c   0x08014c8c   0x00000018   Code   RO         2418    .text.netTCP_GetPeer  Net_Dbg_CM3_L.lib(net_tcp.o)
    0x08014ca4   0x08014ca4   0x00000004   Code   RO         2402    .text.netTCP_GetState  Net_Dbg_CM3_L.lib(net_tcp.o)
    0x08014ca8   0x08014ca8   0x00000004   Code   RO         2422    .text.netTCP_GetTimer  Net_Dbg_CM3_L.lib(net_tcp.o)
    0x08014cac   0x08014cac   0x0000006c   Code   RO         2912    .text.net_addr4_aton  Net_Dbg_CM3_L.lib(net_addr.o)
    0x08014d18   0x08014d18   0x0000001a   Code   RO         2942    .text.net_addr4_is_subcast  Net_Dbg_CM3_L.lib(net_addr.o)
    0x08014d32   0x08014d32   0x0000001a   Code   RO         2938    .text.net_addr4_to_mac  Net_Dbg_CM3_L.lib(net_addr.o)
    0x08014d4c   0x08014d4c   0x000000d8   Code   RO         2914    .text.net_addr6_aton  Net_Dbg_CM3_L.lib(net_addr.o)
    0x08014e24   0x08014e24   0x00000028   Code   RO         2960    .text.net_addr6_comp  Net_Dbg_CM3_L.lib(net_addr.o)
    0x08014e4c   0x08014e4c   0x00000012   Code   RO         2958    .text.net_addr6_copy  Net_Dbg_CM3_L.lib(net_addr.o)
    0x08014e5e   0x08014e5e   0x00000002   PAD
    0x08014e60   0x08014e60   0x00000048   Code   RO         2948    .text.net_addr6_create  Net_Dbg_CM3_L.lib(net_addr.o)
    0x08014ea8   0x08014ea8   0x00000024   Code   RO         2944    .text.net_addr6_get_solicited  Net_Dbg_CM3_L.lib(net_addr.o)
    0x08014ecc   0x08014ecc   0x00000016   Code   RO         2950    .text.net_addr6_is_linklocal  Net_Dbg_CM3_L.lib(net_addr.o)
    0x08014ee2   0x08014ee2   0x00000002   PAD
    0x08014ee4   0x08014ee4   0x00000054   Code   RO         2954    .text.net_addr6_is_onlink  Net_Dbg_CM3_L.lib(net_addr.o)
    0x08014f38   0x08014f38   0x0000003e   Code   RO         2946    .text.net_addr6_is_solicited  Net_Dbg_CM3_L.lib(net_addr.o)
    0x08014f76   0x08014f76   0x00000018   Code   RO         2962    .text.net_addr6_is_unspec  Net_Dbg_CM3_L.lib(net_addr.o)
    0x08014f8e   0x08014f8e   0x0000000e   Code   RO         2964    .text.net_addr6_to_mac  Net_Dbg_CM3_L.lib(net_addr.o)
    0x08014f9c   0x08014f9c   0x0000002a   Code   RO         2970    .text.net_addr_comp  Net_Dbg_CM3_L.lib(net_addr.o)
    0x08014fc6   0x08014fc6   0x00000034   Code   RO         2968    .text.net_addr_copy  Net_Dbg_CM3_L.lib(net_addr.o)
    0x08014ffa   0x08014ffa   0x0000001a   Code   RO         2972    .text.net_addr_find_route  Net_Dbg_CM3_L.lib(net_addr.o)
    0x08015014   0x08015014   0x00000034   Code   RO         2976    .text.net_addr_get_lhost  Net_Dbg_CM3_L.lib(net_addr.o)
    0x08015048   0x08015048   0x00000020   Code   RO         2974    .text.net_addr_get_local  Net_Dbg_CM3_L.lib(net_addr.o)
    0x08015068   0x08015068   0x0000001e   Code   RO         2966    .text.net_addr_is_unspec  Net_Dbg_CM3_L.lib(net_addr.o)
    0x08015086   0x08015086   0x00000002   PAD
    0x08015088   0x08015088   0x00000100   Code   RO         2124    .text.net_arp_cache_add  Net_Dbg_CM3_L.lib(net_arp.o)
    0x08015188   0x08015188   0x000000b0   Code   RO         2142    .text.net_arp_cache_early  Net_Dbg_CM3_L.lib(net_arp.o)
    0x08015238   0x08015238   0x000000e8   Code   RO         2144    .text.net_arp_cache_find  Net_Dbg_CM3_L.lib(net_arp.o)
    0x08015320   0x08015320   0x00000044   Code   RO         2116    .text.net_arp_cache_init  Net_Dbg_CM3_L.lib(net_arp.o)
    0x08015364   0x08015364   0x000001f0   Code   RO         2166    .text.net_arp_cache_run  Net_Dbg_CM3_L.lib(net_arp.o)
    0x08015554   0x08015554   0x0000007c   Code   RO         2164    .text.net_arp_enqueue  Net_Dbg_CM3_L.lib(net_arp.o)
    0x080155d0   0x080155d0   0x0000001e   Code   RO         2134    .text.net_arp_notify  Net_Dbg_CM3_L.lib(net_arp.o)
    0x080155ee   0x080155ee   0x00000002   PAD
    0x080155f0   0x080155f0   0x00000228   Code   RO         2120    .text.net_arp_process  Net_Dbg_CM3_L.lib(net_arp.o)
    0x08015818   0x08015818   0x00000044   Code   RO         3265    .text.net_atoi      Net_Dbg_CM3_L.lib(net_common.o)
    0x0801585c   0x0801585c   0x00000074   Code   RO         3301    .text.net_base64_decode  Net_Dbg_CM3_L.lib(net_base64.o)
    0x080158d0   0x080158d0   0x00000030   Code   RO         3243    .text.net_chksum_buf  Net_Dbg_CM3_L.lib(net_common.o)
    0x08015900   0x08015900   0x0000001c   Code   RO         3241    .text.net_crc_buf   Net_Dbg_CM3_L.lib(net_common.o)
    0x0801591c   0x0801591c   0x00000060   Code   RO         2572    .text.net_dns_client_init  Net_Dbg_CM3_L.lib(net_dns_client.o)
    0x0801597c   0x0801597c   0x00000060   Code   RO         2568    .text.net_dns_client_resolve  Net_Dbg_CM3_L.lib(net_dns_client.o)
    0x080159dc   0x080159dc   0x000000e4   Code   RO         2580    .text.net_dns_client_run  Net_Dbg_CM3_L.lib(net_dns_client.o)
    0x08015ac0   0x08015ac0   0x0000000e   Code   RO         2058    .text.net_eth_callback  Net_Dbg_CM3_L.lib(net_eth.o)
    0x08015ace   0x08015ace   0x00000064   Code   RO         2068    .text.net_eth_config_mcast  Net_Dbg_CM3_L.lib(net_eth.o)
    0x08015b32   0x08015b32   0x00000002   PAD
    0x08015b34   0x08015b34   0x000000e0   Code   RO         2060    .text.net_eth_get_option  Net_Dbg_CM3_L.lib(net_eth.o)
    0x08015c14   0x08015c14   0x0000034c   Code   RO         2046    .text.net_eth_iface_init  Net_Dbg_CM3_L.lib(net_eth.o)
    0x08015f60   0x08015f60   0x000002ec   Code   RO         2078    .text.net_eth_iface_run  Net_Dbg_CM3_L.lib(net_eth.o)
    0x0801624c   0x0801624c   0x000000ac   Code   RO         2074    .text.net_eth_output  Net_Dbg_CM3_L.lib(net_eth.o)
    0x080162f8   0x080162f8   0x000001cc   Code   RO         2072    .text.net_eth_send_frame  Net_Dbg_CM3_L.lib(net_eth.o)
    0x080164c4   0x080164c4   0x00000298   Code   RO         2066    .text.net_eth_set_option  Net_Dbg_CM3_L.lib(net_eth.o)
    0x0801675c   0x0801675c   0x0000010c   Code   RO         2601    .text.net_http_server_init  Net_Dbg_CM3_L.lib(net_http_server.o)
    0x08016868   0x08016868   0x00000640   Code   RO         2639    .text.net_http_server_run  Net_Dbg_CM3_L.lib(net_http_server.o)
    0x08016ea8   0x08016ea8   0x00000018   Code   RO         3161    .text.net_icmp6_init  Net_Dbg_CM3_L.lib(net_icmp6.o)
    0x08016ec0   0x08016ec0   0x00000238   Code   RO         3165    .text.net_icmp6_process  Net_Dbg_CM3_L.lib(net_icmp6.o)
    0x080170f8   0x080170f8   0x00000080   Code   RO         3167    .text.net_icmp6_send  Net_Dbg_CM3_L.lib(net_icmp6.o)
    0x08017178   0x08017178   0x00000058   Code   RO         3169    .text.net_icmp6_send_echo  Net_Dbg_CM3_L.lib(net_icmp6.o)
    0x080171d0   0x080171d0   0x00000018   Code   RO         2272    .text.net_icmp_init  Net_Dbg_CM3_L.lib(net_icmp.o)
    0x080171e8   0x080171e8   0x000001c4   Code   RO         2276    .text.net_icmp_process  Net_Dbg_CM3_L.lib(net_icmp.o)
    0x080173ac   0x080173ac   0x000000a4   Code   RO         2278    .text.net_icmp_send_echo  Net_Dbg_CM3_L.lib(net_icmp.o)
    0x08017450   0x08017450   0x0000000c   Code   RO         2876    .text.net_if_map_all  Net_Dbg_CM3_L.lib(net_sys.o)
    0x0801745c   0x0801745c   0x00000074   Code   RO         2205    .text.net_igmp_collect_mcast  Net_Dbg_CM3_L.lib(net_igmp.o)
    0x080174d0   0x080174d0   0x0000003c   Code   RO         2191    .text.net_igmp_host_init  Net_Dbg_CM3_L.lib(net_igmp.o)
    0x0801750c   0x0801750c   0x000000c0   Code   RO         2209    .text.net_igmp_host_run  Net_Dbg_CM3_L.lib(net_igmp.o)
    0x080175cc   0x080175cc   0x00000020   Code   RO         2203    .text.net_igmp_is_member  Net_Dbg_CM3_L.lib(net_igmp.o)
    0x080175ec   0x080175ec   0x000001c4   Code   RO         2207    .text.net_igmp_process  Net_Dbg_CM3_L.lib(net_igmp.o)
    0x080177b0   0x080177b0   0x000001a8   Code   RO         3083    .text.net_ip4_chk_frame  Net_Dbg_CM3_L.lib(net_ip4.o)
    0x08017958   0x08017958   0x0000002e   Code   RO         3109    .text.net_ip4_chksum  Net_Dbg_CM3_L.lib(net_ip4.o)
    0x08017986   0x08017986   0x00000006   Code   RO         3107    .text.net_ip4_chksum_buf  Net_Dbg_CM3_L.lib(net_ip4.o)
    0x0801798c   0x0801798c   0x00000014   Code   RO         3099    .text.net_ip4_def_localm  Net_Dbg_CM3_L.lib(net_ip4.o)
    0x080179a0   0x080179a0   0x00000080   Code   RO         3103    .text.net_ip4_find_route  Net_Dbg_CM3_L.lib(net_ip4.o)
    0x08017a20   0x08017a20   0x000001bc   Code   RO         2251    .text.net_ip4_frag_add  Net_Dbg_CM3_L.lib(net_ip4_frag.o)
    0x08017bdc   0x08017bdc   0x000000b4   Code   RO         2255    .text.net_ip4_frag_get  Net_Dbg_CM3_L.lib(net_ip4_frag.o)
    0x08017c90   0x08017c90   0x00000010   Code   RO         2247    .text.net_ip4_frag_init  Net_Dbg_CM3_L.lib(net_ip4_frag.o)
    0x08017ca0   0x08017ca0   0x00000038   Code   RO         2257    .text.net_ip4_frag_run  Net_Dbg_CM3_L.lib(net_ip4_frag.o)
    0x08017cd8   0x08017cd8   0x00000020   Code   RO         3095    .text.net_ip4_get_local  Net_Dbg_CM3_L.lib(net_ip4.o)
    0x08017cf8   0x08017cf8   0x00000024   Code   RO         3079    .text.net_ip4_init  Net_Dbg_CM3_L.lib(net_ip4.o)
    0x08017d1c   0x08017d1c   0x0000001a   Code   RO         3105    .text.net_ip4_is_onlink  Net_Dbg_CM3_L.lib(net_ip4.o)
    0x08017d36   0x08017d36   0x00000010   Code   RO         3091    .text.net_ip4_reass_frame  Net_Dbg_CM3_L.lib(net_ip4.o)
    0x08017d46   0x08017d46   0x00000002   PAD
    0x08017d48   0x08017d48   0x00000188   Code   RO         3093    .text.net_ip4_send_frame  Net_Dbg_CM3_L.lib(net_ip4.o)
    0x08017ed0   0x08017ed0   0x00000032   Code   RO         3101    .text.net_ip4_tx_offl_hl  Net_Dbg_CM3_L.lib(net_ip4.o)
    0x08017f02   0x08017f02   0x00000002   PAD
    0x08017f04   0x08017f04   0x0000012c   Code   RO         3125    .text.net_ip6_chk_frame  Net_Dbg_CM3_L.lib(net_ip6.o)
    0x08018030   0x08018030   0x00000034   Code   RO         3145    .text.net_ip6_chksum  Net_Dbg_CM3_L.lib(net_ip6.o)
    0x08018064   0x08018064   0x00000078   Code   RO         3141    .text.net_ip6_collect_mcast  Net_Dbg_CM3_L.lib(net_ip6.o)
    0x080180dc   0x080180dc   0x00000014   Code   RO         3135    .text.net_ip6_def_localm  Net_Dbg_CM3_L.lib(net_ip6.o)
    0x080180f0   0x080180f0   0x0000004c   Code   RO         3143    .text.net_ip6_find_route  Net_Dbg_CM3_L.lib(net_ip6.o)
    0x0801813c   0x0801813c   0x00000048   Code   RO         3137    .text.net_ip6_get_local  Net_Dbg_CM3_L.lib(net_ip6.o)
    0x08018184   0x08018184   0x0000001c   Code   RO         3121    .text.net_ip6_init  Net_Dbg_CM3_L.lib(net_ip6.o)
    0x080181a0   0x080181a0   0x0000000c   Code   RO         3129    .text.net_ip6_reass_frame  Net_Dbg_CM3_L.lib(net_ip6.o)
    0x080181ac   0x080181ac   0x0000011c   Code   RO         3131    .text.net_ip6_send_frame  Net_Dbg_CM3_L.lib(net_ip6.o)
    0x080182c8   0x080182c8   0x00000022   Code   RO         3139    .text.net_ip6_tx_offl_hl  Net_Dbg_CM3_L.lib(net_ip6.o)
    0x080182ea   0x080182ea   0x00000008   Code   RO         3257    .text.net_itoa      Net_Dbg_CM3_L.lib(net_common.o)
    0x080182f2   0x080182f2   0x00000006   Code   RO         3263    .text.net_itoa_n0   Net_Dbg_CM3_L.lib(net_common.o)
    0x080182f8   0x080182f8   0x00000028   Code   RO         2229    .text.net_loop_iface_init  Net_Dbg_CM3_L.lib(net_loopback.o)
    0x08018320   0x08018320   0x000000b8   Code   RO         2233    .text.net_loop_iface_run  Net_Dbg_CM3_L.lib(net_loopback.o)
    0x080183d8   0x080183d8   0x0000006c   Code   RO         2227    .text.net_loop_send_frame  Net_Dbg_CM3_L.lib(net_loopback.o)
    0x08018444   0x08018444   0x000000c0   Code   RO         3196    .text.net_mem_alloc  Net_Dbg_CM3_L.lib(net_mem.o)
    0x08018504   0x08018504   0x00000018   Code   RO         3206    .text.net_mem_avail  Net_Dbg_CM3_L.lib(net_mem.o)
    0x0801851c   0x0801851c   0x000000a0   Code   RO         3204    .text.net_mem_free  Net_Dbg_CM3_L.lib(net_mem.o)
    0x080185bc   0x080185bc   0x0000006c   Code   RO         3192    .text.net_mem_init  Net_Dbg_CM3_L.lib(net_mem.o)
    0x08018628   0x08018628   0x00000048   Code   RO         3202    .text.net_mem_shrink  Net_Dbg_CM3_L.lib(net_mem.o)
    0x08018670   0x08018670   0x00000074   Code   RO         2527    .text.net_nbns_client_init  Net_Dbg_CM3_L.lib(net_nbns_client.o)
    0x080186e4   0x080186e4   0x00000010   Code   RO         2545    .text.net_nbns_client_run  Net_Dbg_CM3_L.lib(net_nbns_client.o)
    0x080186f4   0x080186f4   0x000001a0   Code   RO         3011    .text.net_ndp_cache_find  Net_Dbg_CM3_L.lib(net_ndp.o)
    0x08018894   0x08018894   0x00000080   Code   RO         3009    .text.net_ndp_cache_refresh  Net_Dbg_CM3_L.lib(net_ndp.o)
    0x08018914   0x08018914   0x0000007c   Code   RO         3035    .text.net_ndp_enqueue  Net_Dbg_CM3_L.lib(net_ndp.o)
    0x08018990   0x08018990   0x00000624   Code   RO         3001    .text.net_ndp_process  Net_Dbg_CM3_L.lib(net_ndp.o)
    0x08018fb4   0x08018fb4   0x0000003c   Code   RO         2888    .text.net_path      Net_Dbg_CM3_L.lib(net_sys.o)
    0x08018ff0   0x08018ff0   0x00000020   Code   RO         2840    .text.net_ping_client_init  Net_Dbg_CM3_L.lib(net_ping_core.o)
    0x08019010   0x08019010   0x00000078   Code   RO         2846    .text.net_ping_client_run  Net_Dbg_CM3_L.lib(net_ping_core.o)
    0x08019088   0x08019088   0x0000001c   Code   RO         2886    .text.net_rand32    Net_Dbg_CM3_L.lib(net_sys.o)
    0x080190a4   0x080190a4   0x00000054   Code   RO         2807    .text.net_sntp_client_init  Net_Dbg_CM3_L.lib(net_sntp_client_core.o)
    0x080190f8   0x080190f8   0x00000058   Code   RO         2815    .text.net_sntp_client_run  Net_Dbg_CM3_L.lib(net_sntp_client_core.o)
    0x08019150   0x08019150   0x00000128   Code   RO         2803    .text.net_sntp_client_start  Net_Dbg_CM3_L.lib(net_sntp_client_core.o)
    0x08019278   0x08019278   0x0000002a   Code   RO         3219    .text.net_strcasecmp  Net_Dbg_CM3_L.lib(net_common.o)
    0x080192a2   0x080192a2   0x00000016   Code   RO         3225    .text.net_strchr    Net_Dbg_CM3_L.lib(net_common.o)
    0x080192b8   0x080192b8   0x00000018   Code   RO         3217    .text.net_strcmp    Net_Dbg_CM3_L.lib(net_common.o)
    0x080192d0   0x080192d0   0x00000010   Code   RO         3221    .text.net_strcpy    Net_Dbg_CM3_L.lib(net_common.o)
    0x080192e0   0x080192e0   0x00000016   Code   RO         3237    .text.net_strcrc    Net_Dbg_CM3_L.lib(net_common.o)
    0x080192f6   0x080192f6   0x0000001e   Code   RO         3227    .text.net_strnchr   Net_Dbg_CM3_L.lib(net_common.o)
    0x08019314   0x08019314   0x0000001a   Code   RO         3223    .text.net_strncpy   Net_Dbg_CM3_L.lib(net_common.o)
    0x0801932e   0x0801932e   0x00000052   Code   RO         3235    .text.net_strnstr   Net_Dbg_CM3_L.lib(net_common.o)
    0x08019380   0x08019380   0x0000001a   Code   RO         3229    .text.net_strrchr   Net_Dbg_CM3_L.lib(net_common.o)
    0x0801939a   0x0801939a   0x00000002   PAD
    0x0801939c   0x0801939c   0x0000000c   Code   RO         2862    .text.net_sys_lock  Net_Dbg_CM3_L.lib(net_sys.o)
    0x080193a8   0x080193a8   0x00000014   Code   RO         2896    .text.net_sys_resume  Net_Dbg_CM3_L.lib(net_sys.o)
    0x080193bc   0x080193bc   0x00000026   Code   RO         2894    .text.net_sys_suspend  Net_Dbg_CM3_L.lib(net_sys.o)
    0x080193e2   0x080193e2   0x00000002   PAD
    0x080193e4   0x080193e4   0x00000018   Code   RO         2870    .text.net_sys_tick  Net_Dbg_CM3_L.lib(net_sys.o)
    0x080193fc   0x080193fc   0x0000000c   Code   RO         2864    .text.net_sys_unlock  Net_Dbg_CM3_L.lib(net_sys.o)
    0x08019408   0x08019408   0x00000020   Code   RO         2872    .text.net_sys_wakeup  Net_Dbg_CM3_L.lib(net_sys.o)
    0x08019428   0x08019428   0x00000074   Code   RO         2384    .text.net_tcp_abort  Net_Dbg_CM3_L.lib(net_tcp.o)
    0x0801949c   0x0801949c   0x00000104   Code   RO         2380    .text.net_tcp_close  Net_Dbg_CM3_L.lib(net_tcp.o)
    0x080195a0   0x080195a0   0x00000034   Code   RO         2392    .text.net_tcp_get_buf  Net_Dbg_CM3_L.lib(net_tcp.o)
    0x080195d4   0x080195d4   0x0000002c   Code   RO         2416    .text.net_tcp_get_local_port  Net_Dbg_CM3_L.lib(net_tcp.o)
    0x08019600   0x08019600   0x00000020   Code   RO         2388    .text.net_tcp_get_mss  Net_Dbg_CM3_L.lib(net_tcp.o)
    0x08019620   0x08019620   0x00000044   Code   RO         2420    .text.net_tcp_get_peer  Net_Dbg_CM3_L.lib(net_tcp.o)
    0x08019664   0x08019664   0x00000074   Code   RO         2364    .text.net_tcp_get_socket  Net_Dbg_CM3_L.lib(net_tcp.o)
    0x080196d8   0x080196d8   0x00000024   Code   RO         2404    .text.net_tcp_get_state  Net_Dbg_CM3_L.lib(net_tcp.o)
    0x080196fc   0x080196fc   0x0000002c   Code   RO         2424    .text.net_tcp_get_timer  Net_Dbg_CM3_L.lib(net_tcp.o)
    0x08019728   0x08019728   0x000000ac   Code   RO         2372    .text.net_tcp_listen  Net_Dbg_CM3_L.lib(net_tcp.o)
    0x080197d4   0x080197d4   0x00000b4c   Code   RO         2458    .text.net_tcp_process  Net_Dbg_CM3_L.lib(net_tcp.o)
    0x0801a320   0x0801a320   0x00000174   Code   RO         2400    .text.net_tcp_send  Net_Dbg_CM3_L.lib(net_tcp.o)
    0x0801a494   0x0801a494   0x00000144   Code   RO         2412    .text.net_tcp_set_option  Net_Dbg_CM3_L.lib(net_tcp.o)
    0x0801a5d8   0x0801a5d8   0x00000024   Code   RO         2426    .text.net_tcp_socket_init  Net_Dbg_CM3_L.lib(net_tcp.o)
    0x0801a5fc   0x0801a5fc   0x0000044c   Code   RO         2450    .text.net_tcp_socket_run  Net_Dbg_CM3_L.lib(net_tcp.o)
    0x0801aa48   0x0801aa48   0x00000040   Code   RO         2308    .text.net_udp_close  Net_Dbg_CM3_L.lib(net_udp.o)
    0x0801aa88   0x0801aa88   0x00000034   Code   RO         2312    .text.net_udp_get_buf  Net_Dbg_CM3_L.lib(net_udp.o)
    0x0801aabc   0x0801aabc   0x00000068   Code   RO         2296    .text.net_udp_get_socket  Net_Dbg_CM3_L.lib(net_udp.o)
    0x0801ab24   0x0801ab24   0x000000c0   Code   RO         2304    .text.net_udp_open  Net_Dbg_CM3_L.lib(net_udp.o)
    0x0801abe4   0x0801abe4   0x0000017c   Code   RO         2342    .text.net_udp_process  Net_Dbg_CM3_L.lib(net_udp.o)
    0x0801ad60   0x0801ad60   0x00000014   Code   RO         2336    .text.net_udp_send  Net_Dbg_CM3_L.lib(net_udp.o)
    0x0801ad74   0x0801ad74   0x00000230   Code   RO         2316    .text.net_udp_send_if  Net_Dbg_CM3_L.lib(net_udp.o)
    0x0801afa4   0x0801afa4   0x00000020   Code   RO         2326    .text.net_udp_socket_init  Net_Dbg_CM3_L.lib(net_udp.o)
    0x0801afc4   0x0801afc4   0x00000008   Code   RO         3249    .text.net_ultoa     Net_Dbg_CM3_L.lib(net_common.o)
    0x0801afcc   0x0801afcc   0x00000040   Code   RO         3247    .text.net_ultox     Net_Dbg_CM3_L.lib(net_common.o)
    0x0801b00c   0x0801b00c   0x0000001a   Code   RO         3267    .text.net_xtouc     Net_Dbg_CM3_L.lib(net_common.o)
    0x0801b026   0x0801b026   0x0000005a   Code   RO         3271    .text.net_xtoul     Net_Dbg_CM3_L.lib(net_common.o)
    0x0801b080   0x0801b080   0x0000001c   Code   RO         2844    .text.ping_send_req  Net_Dbg_CM3_L.lib(net_ping_core.o)
    0x0801b09c   0x0801b09c   0x00000018   Code   RO         2253    .text.que_free_list  Net_Dbg_CM3_L.lib(net_ip4_frag.o)
    0x0801b0b4   0x0801b0b4   0x000000a4   Code   RO         2681    .text.read_script_line  Net_Dbg_CM3_L.lib(net_http_server.o)
    0x0801b158   0x0801b158   0x00000048   Code   RO         2705    .text.search_delim  Net_Dbg_CM3_L.lib(net_http_server.o)
    0x0801b1a0   0x0801b1a0   0x00000108   Code   RO         2809    .text.sntp_listener  Net_Dbg_CM3_L.lib(net_sntp_client_core.o)
    0x0801b2a8   0x0801b2a8   0x00000014   Code   RO         2789    .text.sntp_notify   Net_Dbg_CM3_L.lib(net_sntp_client.o)
    0x0801b2bc   0x0801b2bc   0x00000040   Code   RO         2813    .text.sntp_send_message  Net_Dbg_CM3_L.lib(net_sntp_client_core.o)
    0x0801b2fc   0x0801b2fc   0x00000018   Code   RO         2817    .text.sntp_stop     Net_Dbg_CM3_L.lib(net_sntp_client_core.o)
    0x0801b314   0x0801b314   0x00000010   Code   RO         2892    .text.sys_map_if    Net_Dbg_CM3_L.lib(net_sys.o)
    0x0801b324   0x0801b324   0x00000088   Code   RO         2462    .text.tcp_parse_opt  Net_Dbg_CM3_L.lib(net_tcp.o)
    0x0801b3ac   0x0801b3ac   0x00000018   Code   RO         2456    .text.tcp_que_free  Net_Dbg_CM3_L.lib(net_tcp.o)
    0x0801b3c4   0x0801b3c4   0x0000001c   Code   RO         2454    .text.tcp_que_init  Net_Dbg_CM3_L.lib(net_tcp.o)
    0x0801b3e0   0x0801b3e0   0x000000a4   Code   RO         2452    .text.tcp_que_resend  Net_Dbg_CM3_L.lib(net_tcp.o)
    0x0801b484   0x0801b484   0x00000090   Code   RO         2432    .text.tcp_send_ctrl  Net_Dbg_CM3_L.lib(net_tcp.o)
    0x0801b514   0x0801b514   0x00000080   Code   RO         2436    .text.tcp_send_data  Net_Dbg_CM3_L.lib(net_tcp.o)
    0x0801b594   0x0801b594   0x0000009c   Code   RO         2460    .text.tcp_send_reset  Net_Dbg_CM3_L.lib(net_tcp.o)
    0x0801b630   0x0801b630   0x00000034   Code   RO         2464    .text.tcp_set_cwnd  Net_Dbg_CM3_L.lib(net_tcp.o)
    0x0801b664   0x0801b664   0x00000074   Code   RO         2434    .text.tcp_transit   Net_Dbg_CM3_L.lib(net_tcp.o)
    0x0801b6d8   0x0801b6d8   0x0000010c   Code   RO         2468    .text.tcp_write     Net_Dbg_CM3_L.lib(net_tcp.o)
    0x0801b7e4   0x0801b7e4   0x00000034   Code   RO         2330    .text.udp_port_in_use  Net_Dbg_CM3_L.lib(net_udp.o)
    0x0801b818   0x0801b818   0x00000054   Code   RO         3251    .text.ul2str        Net_Dbg_CM3_L.lib(net_common.o)
    0x0801b86c   0x0801b86c   0x00000034   Code   RO         3559    i.__0snprintf$8     mc_w.l(printf8.o)
    0x0801b8a0   0x0801b8a0   0x00000028   Code   RO         3560    i.__0sprintf$8      mc_w.l(printf8.o)
    0x0801b8c8   0x0801b8c8   0x0000000e   Code   RO         3669    i.__scatterload_copy  mc_w.l(handlers.o)
    0x0801b8d6   0x0801b8d6   0x00000002   Code   RO         3670    i.__scatterload_null  mc_w.l(handlers.o)
    0x0801b8d8   0x0801b8d8   0x0000000e   Code   RO         3671    i.__scatterload_zeroinit  mc_w.l(handlers.o)
    0x0801b8e6   0x0801b8e6   0x00000002   PAD
    0x0801b8e8   0x0801b8e8   0x00000404   Code   RO         3565    i._printf_core      mc_w.l(printf8.o)
    0x0801bcec   0x0801bcec   0x00000024   Code   RO         3566    i._printf_post_padding  mc_w.l(printf8.o)
    0x0801bd10   0x0801bd10   0x0000002e   Code   RO         3567    i._printf_pre_padding  mc_w.l(printf8.o)
    0x0801bd3e   0x0801bd3e   0x00000016   Code   RO         3568    i._snputc           mc_w.l(printf8.o)
    0x0801bd54   0x0801bd54   0x0000000a   Code   RO         3569    i._sputc            mc_w.l(printf8.o)
    0x0801bd5e   0x0801bd5e   0x00000002   PAD
    0x0801bd60   0x0801bd60   0x00000024   Data   RO          181    .constdata          http_server.o
    0x0801bd84   0x0801bd84   0x00000004   Data   RO          290    .constdata          web.o
    0x0801bd88   0x0801bd88   0x00007a19   Data   RO          291    .constdata          web.o
    0x080237a1   0x080237a1   0x00000003   PAD
    0x080237a4   0x080237a4   0x000000c0   Data   RO          292    .constdata          web.o
    0x08023864   0x08023864   0x00000984   Data   RO          311    .constdata          lcd_1.o
    0x080241e8   0x080241e8   0x00000024   Data   RO          402    .constdata          com.o
    0x0802420c   0x0802420c   0x00000024   Data   RO          461    .constdata          principalservidor.o
    0x08024230   0x08024230   0x00000008   Data   RO          494    .constdata          buttons_nucleo_f429zi.o
    0x08024238   0x08024238   0x00000018   Data   RO          520    .constdata          led_nucleo_f429zi.o
    0x08024250   0x08024250   0x00000024   Data   RO          731    .constdata          rtx_lib.o
    0x08024274   0x08024274   0x00000024   Data   RO          732    .constdata          rtx_lib.o
    0x08024298   0x08024298   0x00000018   Data   RO          733    .constdata          rtx_lib.o
    0x080242b0   0x080242b0   0x00000004   Data   RO          735    .constdata          rtx_lib.o
    0x080242b4   0x080242b4   0x00000004   Data   RO         1076    .constdata          phy_lan8742a.o
    0x080242b8   0x080242b8   0x00000020   Data   RO         1077    .constdata          phy_lan8742a.o
    0x080242d8   0x080242d8   0x00000050   Data   RO         1104    .constdata          emac_stm32f4xx.o
    0x08024328   0x08024328   0x00000044   Data   RO         1105    .constdata          emac_stm32f4xx.o
    0x0802436c   0x0802436c   0x00000034   Data   RO         1147    .constdata          spi_stm32f4xx.o
    0x080243a0   0x080243a0   0x00000010   Data   RO         1148    .constdata          spi_stm32f4xx.o
    0x080243b0   0x080243b0   0x00000010   Data   RO         1149    .constdata          spi_stm32f4xx.o
    0x080243c0   0x080243c0   0x0000002c   Data   RO         1150    .constdata          spi_stm32f4xx.o
    0x080243ec   0x080243ec   0x00000038   Data   RO         1185    .constdata          i2c_stm32f4xx.o
    0x08024424   0x08024424   0x00000038   Data   RO         1218    .constdata          usart_stm32f4xx.o
    0x0802445c   0x0802445c   0x0000000c   Data   RO         1219    .constdata          usart_stm32f4xx.o
    0x08024468   0x08024468   0x0000000c   Data   RO         1220    .constdata          usart_stm32f4xx.o
    0x08024474   0x08024474   0x00000038   Data   RO         1221    .constdata          usart_stm32f4xx.o
    0x080244ac   0x080244ac   0x00000018   Data   RO         1253    .constdata          eventrecorder.o
    0x080244c4   0x080244c4   0x00000008   Data   RO         1421    .constdata          stm32f4xx_hal_dma.o
    0x080244cc   0x080244cc   0x00000010   Data   RO         1810    .constdata          system_stm32f4xx.o
    0x080244dc   0x080244dc   0x00000008   Data   RO         1811    .constdata          system_stm32f4xx.o
    0x080244e4   0x080244e4   0x000000a8   Data   RO         1929    .constdata          net_config.o
    0x0802458c   0x0802458c   0x0000001c   Data   RO         1930    .constdata          net_config.o
    0x080245a8   0x080245a8   0x00000014   Data   RO         1931    .constdata          net_config.o
    0x080245bc   0x080245bc   0x0000000c   Data   RO         1932    .constdata          net_config.o
    0x080245c8   0x080245c8   0x00000010   Data   RO         1933    .constdata          net_config.o
    0x080245d8   0x080245d8   0x00000028   Data   RO         1934    .constdata          net_config.o
    0x08024600   0x08024600   0x0000002c   Data   RO         1935    .constdata          net_config.o
    0x0802462c   0x0802462c   0x00000008   Data   RO         1936    .constdata          net_config.o
    0x08024634   0x08024634   0x00000008   Data   RO         1937    .constdata          net_config.o
    0x0802463c   0x0802463c   0x00000008   Data   RO         1938    .constdata          net_config.o
    0x08024644   0x08024644   0x00000008   Data   RO         1939    .constdata          net_config.o
    0x0802464c   0x0802464c   0x00000008   Data   RO         1940    .constdata          net_config.o
    0x08024654   0x08024654   0x00000008   Data   RO         1941    .constdata          net_config.o
    0x0802465c   0x0802465c   0x00000008   Data   RO         1942    .constdata          net_config.o
    0x08024664   0x08024664   0x00000008   Data   RO         1943    .constdata          net_config.o
    0x0802466c   0x0802466c   0x00000004   Data   RO         1945    .constdata          net_config.o
    0x08024670   0x08024670   0x00000008   Data   RO         1946    .constdata          net_config.o
    0x08024678   0x08024678   0x00000008   Data   RO         1947    .constdata          net_config.o
    0x08024680   0x08024680   0x0000000c   Data   RO         1948    .constdata          net_config.o
    0x0802468c   0x0802468c   0x00000018   Data   RO         1949    .constdata          net_config.o
    0x080246a4   0x080246a4   0x00000034   Data   RO         1950    .constdata          net_config.o
    0x080246d8   0x080246d8   0x00000008   Data   RO         1951    .constdata          net_config.o
    0x080246e0   0x080246e0   0x00000008   Data   RO         1952    .constdata          net_config.o
    0x080246e8   0x080246e8   0x00000034   Data   RO         1953    .constdata          net_config.o
    0x0802471c   0x0802471c   0x00000030   Data   RO         1954    .constdata          net_config.o
    0x0802474c   0x0802474c   0x00000010   Data   RO         1956    .constdata          net_config.o
    0x0802475c   0x0802475c   0x00000010   Data   RO         1957    .constdata          net_config.o
    0x0802476c   0x0802476c   0x0000000c   Data   RO         3333    .constdata          mc_w.l(localtime.o)
    0x08024778   0x08024778   0x00000040   Data   RO         3666    .constdata          mc_w.l(ctype_c.o)
    0x080247b8   0x080247b8   0x000000da   Data   RO          245    .conststring        http_server_cgi.o
    0x08024892   0x08024892   0x00000002   PAD
    0x08024894   0x08024894   0x00000012   Data   RO          462    .conststring        principalservidor.o
    0x080248a6   0x080248a6   0x00000002   PAD
    0x080248a8   0x080248a8   0x00000078   Data   RO         1958    .conststring        net_config.o
    0x08024920   0x08024920   0x0000000d   Data   RO         1959    .conststring        net_config.o
    0x0802492d   0x0802492d   0x00000003   PAD
    0x08024930   0x08024930   0x00000038   Data   RO         1960    .conststring        net_config.o
    0x08024968   0x08024968   0x0000001d   Data   RO         1961    .conststring        net_config.o
    0x08024985   0x08024985   0x00000003   PAD
    0x08024988   0x08024988   0x0000000f   Data   RO         1962    .conststring        net_config.o
    0x08024997   0x08024997   0x00000001   PAD
    0x08024998   0x08024998   0x0000000b   Data   RO          675    .conststrlit        rtx_kernel.o
    0x080249a3   0x080249a3   0x00000001   PAD
    0x080249a4   0x080249a4   0x000000a8   Data   RO          736    .rodata             rtx_lib.o
    0x08024a4c   0x08024a4c   0x00000018   Data   RO         2730    .rodata.DMonth      Net_Dbg_CM3_L.lib(net_http_server.o)
    0x08024a64   0x08024a64   0x00000004   Data   RO         2213    .rodata.IP_AllHosts  Net_Dbg_CM3_L.lib(net_igmp.o)
    0x08024a68   0x08024a68   0x00000040   Data   RO         2735    .rodata.Method      Net_Dbg_CM3_L.lib(net_http_server.o)
    0x08024aa8   0x08024aa8   0x00000030   Data   RO         2734    .rodata.Month       Net_Dbg_CM3_L.lib(net_http_server.o)
    0x08024ad8   0x08024ad8   0x0000001c   Data   RO         2733    .rodata.WkDay       Net_Dbg_CM3_L.lib(net_http_server.o)
    0x08024af4   0x08024af4   0x00000010   Data   RO         3273    .rodata.cst16       Net_Dbg_CM3_L.lib(net_common.o)
    0x08024b04   0x08024b04   0x00000090   Data   RO         2736    .rodata.http_set_ftype.ftype  Net_Dbg_CM3_L.lib(net_http_server.o)
    0x08024b94   0x08024b94   0x00000004   Data   RO         3111    .rodata.net_addr4_loopback  Net_Dbg_CM3_L.lib(net_ip4.o)
    0x08024b98   0x08024b98   0x00000010   Data   RO         3149    .rodata.net_addr6_all_nodes  Net_Dbg_CM3_L.lib(net_ip6.o)
    0x08024ba8   0x08024ba8   0x00000010   Data   RO         3151    .rodata.net_addr6_loopback  Net_Dbg_CM3_L.lib(net_ip6.o)
    0x08024bb8   0x08024bb8   0x00000006   Data   RO         2983    .rodata.net_addr_bcast  Net_Dbg_CM3_L.lib(net_addr.o)
    0x08024bbe   0x08024bbe   0x00000010   Data   RO         2982    .rodata.net_addr_unspec  Net_Dbg_CM3_L.lib(net_addr.o)
    0x08024bce   0x08024bce   0x00000050   Data   RO         3304    .rodata.net_base64_decode.dec_map  Net_Dbg_CM3_L.lib(net_base64.o)
    0x08024c1e   0x08024c1e   0x00000002   PAD
    0x08024c20   0x08024c20   0x00000018   Data   RO         2776    .rodata.net_http_auth_basic_func  Net_Dbg_CM3_L.lib(net_http_server_auth.o)
    0x08024c38   0x08024c38   0x00000018   Data   RO         3184    .rodata.net_http_error  Net_Dbg_CM3_L.lib(net_http_server_err.o)
    0x08024c50   0x08024c50   0x00000004   Data   RO         3313    .rodata.net_lib_version  Net_Dbg_CM3_L.lib(net_version.o)
    0x08024c54   0x08024c54   0x0000002c   Data   RO         2237    .rodata.net_loop_if_config  Net_Dbg_CM3_L.lib(net_loopback.o)
    0x08024c80   0x08024c80   0x00000012   Data   RO         2850    .rodata.net_ping_payload  Net_Dbg_CM3_L.lib(net_ping_core.o)
    0x08024c92   0x08024c92   0x000001a7   Data   RO         2731    .rodata.str1.1      Net_Dbg_CM3_L.lib(net_http_server.o)
    0x08024e39   0x08024e39   0x000001f8   Data   RO         3183    .rodata.str1.1      Net_Dbg_CM3_L.lib(net_http_server_err.o)
    0x08025031   0x08025031   0x00000001   PAD
    0x08025032   0x08025032   0x00000006   Data   RO         2732    .rodata.utc_to_http.DYear  Net_Dbg_CM3_L.lib(net_http_server.o)
    0x08025038   0x08025038   0x00000030   Data   RO         3668    Region$$Table       anon$$obj.o


    Execution Region RW_IRAM2 (Exec base: 0x10000000, Load base: 0x080251b0, Size: 0x000004a4, Max: 0x00010000, ABSOLUTE)

    Exec Addr    Load Addr    Size         Type   Attr      Idx    E Section Name        Object

    0x10000000        -       0x000004a4   Zero   RW         1252    .bss.noinit         eventrecorder.o


    Execution Region RW_IRAM1 (Exec base: 0x20000000, Load base: 0x08025068, Size: 0x0000f850, Max: 0x00030000, ABSOLUTE, COMPRESSED[0x00000148])

    Exec Addr    Load Addr    Size         Type   Attr      Idx    E Section Name        Object

    0x20000000   COMPRESSED   0x00008000   Data   RW          723    .bss.os             rtx_lib.o
    0x20008000   COMPRESSED   0x00000040   Data   RW          724    .bss.os             rtx_lib.o
    0x20008040   COMPRESSED   0x00000001   Data   RW         1028    .bss.os             os_systick.o
    0x20008041   COMPRESSED   0x00000003   PAD
    0x20008044   COMPRESSED   0x00000034   Data   RW          725    .bss.os.msgqueue.cb  rtx_lib.o
    0x20008078   COMPRESSED   0x00000050   Data   RW          726    .bss.os.msgqueue.mem  rtx_lib.o
    0x200080c8   COMPRESSED   0x0000001c   Data   RW         1923    .bss.os.mutex.cb    net_config.o
    0x200080e4   COMPRESSED   0x0000001c   Data   RW         1924    .bss.os.mutex.cb    net_config.o
    0x20008100   COMPRESSED   0x00000010   Data   RW         1925    .bss.os.semaphore.cb  net_config.o
    0x20008110   COMPRESSED   0x00000044   Data   RW          727    .bss.os.thread.cb   rtx_lib.o
    0x20008154   COMPRESSED   0x00000044   Data   RW          728    .bss.os.thread.cb   rtx_lib.o
    0x20008198   COMPRESSED   0x00000044   Data   RW         1926    .bss.os.thread.cb   net_config.o
    0x200081dc   COMPRESSED   0x00000044   Data   RW         1927    .bss.os.thread.cb   net_config.o
    0x20008220   COMPRESSED   0x00000200   Data   RW          729    .bss.os.thread.idle.stack  rtx_lib.o
    0x20008420   COMPRESSED   0x00000200   Data   RW          730    .bss.os.thread.timer.stack  rtx_lib.o
    0x20008620   COMPRESSED   0x00000020   Data   RW         1928    .bss.os.timer.cb    net_config.o
    0x20008640   COMPRESSED   0x00000004   Data   RW            5    .data               main.o
    0x20008644   COMPRESSED   0x0000002e   Data   RW          182    .data               http_server.o
    0x20008672   COMPRESSED   0x00000001   Data   RW          246    .data               http_server_cgi.o
    0x20008673   COMPRESSED   0x00000001   PAD
    0x20008674   COMPRESSED   0x00000014   Data   RW          312    .data               lcd_1.o
    0x20008688   COMPRESSED   0x00000004   Data   RW          369    .data               sntp.o
    0x2000868c   COMPRESSED   0x00000022   Data   RW          403    .data               com.o
    0x200086ae   COMPRESSED   0x00000002   PAD
    0x200086b0   COMPRESSED   0x0000000d   Data   RW          463    .data               principalservidor.o
    0x200086bd   COMPRESSED   0x00000003   PAD
    0x200086c0   COMPRESSED   0x0000000c   Data   RW         1315    .data               stm32f4xx_hal.o
    0x200086cc   COMPRESSED   0x00000004   Data   RW         1812    .data               system_stm32f4xx.o
    0x200086d0   COMPRESSED   0x00000004   Data   RW         1963    .data               net_config.o
    0x200086d4   COMPRESSED   0x00000006   Data   RW         1964    .data               net_config.o
    0x200086da   COMPRESSED   0x00000004   Data   RW         1965    .data               net_config.o
    0x200086de   COMPRESSED   0x00000002   PAD
    0x200086e0   COMPRESSED   0x000000a4   Data   RW          676    .data.os            rtx_kernel.o
    0x20008784        -       0x00000028   Zero   RW          179    .bss                http_server.o
    0x200087ac   COMPRESSED   0x00000004   PAD
    0x200087b0        -       0x00000400   Zero   RW          180    .bss                http_server.o
    0x20008bb0        -       0x00000038   Zero   RW          244    .bss                http_server_cgi.o
    0x20008be8        -       0x0000026c   Zero   RW          310    .bss                lcd_1.o
    0x20008e54        -       0x00000040   Zero   RW          343    .bss                rtc_2.o
    0x20008e94        -       0x0000008c   Zero   RW          460    .bss                principalservidor.o
    0x20008f20        -       0x0000000c   Zero   RW         1075    .bss                phy_lan8742a.o
    0x20008f2c        -       0x000024cc   Zero   RW         1103    .bss                emac_stm32f4xx.o
    0x2000b3f8        -       0x00000010   Zero   RW         1145    .bss                spi_stm32f4xx.o
    0x2000b408        -       0x0000001c   Zero   RW         1146    .bss                spi_stm32f4xx.o
    0x2000b424        -       0x00000028   Zero   RW         1184    .bss                i2c_stm32f4xx.o
    0x2000b44c        -       0x00000014   Zero   RW         1216    .bss                usart_stm32f4xx.o
    0x2000b460        -       0x00000024   Zero   RW         1217    .bss                usart_stm32f4xx.o
    0x2000b484   COMPRESSED   0x00000004   PAD
    0x2000b488        -       0x00000400   Zero   RW         1911    .bss                net_config.o
    0x2000b888        -       0x00000400   Zero   RW         1912    .bss                net_config.o
    0x2000bc88        -       0x00002ee0   Zero   RW         1913    .bss                net_config.o
    0x2000eb68        -       0x000000c8   Zero   RW         1914    .bss                net_config.o
    0x2000ec30        -       0x00000028   Zero   RW         1915    .bss                net_config.o
    0x2000ec58        -       0x00000018   Zero   RW         1916    .bss                net_config.o
    0x2000ec70        -       0x00000028   Zero   RW         1917    .bss                net_config.o
    0x2000ec98        -       0x0000003c   Zero   RW         1918    .bss                net_config.o
    0x2000ecd4        -       0x00000050   Zero   RW         1919    .bss                net_config.o
    0x2000ed24        -       0x00000228   Zero   RW         1920    .bss                net_config.o
    0x2000ef4c        -       0x00000168   Zero   RW         1921    .bss                net_config.o
    0x2000f0b4        -       0x000000f0   Zero   RW         1922    .bss                net_config.o
    0x2000f1a4        -       0x0000002c   Zero   RW         3332    .bss                mc_w.l(localtime.o)
    0x2000f1d0        -       0x00000055   Zero   RW         2737    .bss..L_MergedGlobals  Net_Dbg_CM3_L.lib(net_http_server.o)
    0x2000f225   COMPRESSED   0x00000003   PAD
    0x2000f228        -       0x00000038   Zero   RW         2903    .bss..L_MergedGlobals  Net_Dbg_CM3_L.lib(net_sys.o)
    0x2000f260        -       0x00000038   Zero   RW         2592    .bss.dns_control    Net_Dbg_CM3_L.lib(net_dns_client.o)
    0x2000f298        -       0x00000008   Zero   RW         3112    .bss.ip4_control    Net_Dbg_CM3_L.lib(net_ip4.o)
    0x2000f2a0        -       0x00000004   Zero   RW         3152    .bss.ip6_control    Net_Dbg_CM3_L.lib(net_ip6.o)
    0x2000f2a4        -       0x00000004   Zero   RW         2238    .bss.loop_control   Net_Dbg_CM3_L.lib(net_loopback.o)
    0x2000f2a8        -       0x00000014   Zero   RW         3208    .bss.mem_control    Net_Dbg_CM3_L.lib(net_mem.o)
    0x2000f2bc        -       0x0000001c   Zero   RW         2553    .bss.nbns_control   Net_Dbg_CM3_L.lib(net_nbns_client.o)
    0x2000f2d8        -       0x00000010   Zero   RW         2988    .bss.net_addr6_get_solicited.buf  Net_Dbg_CM3_L.lib(net_addr.o)
    0x2000f2e8        -       0x00000024   Zero   RW         2902    .bss.net_dbg_buf    Net_Dbg_CM3_L.lib(net_sys.o)
    0x2000f30c        -       0x00000018   Zero   RW         2178    .bss.net_eth0_arp_control  Net_Dbg_CM3_L.lib(net_arp.o)
    0x2000f324        -       0x00000001   Zero   RW         2280    .bss.net_eth0_icmp_control  Net_Dbg_CM3_L.lib(net_icmp.o)
    0x2000f325   COMPRESSED   0x00000003   PAD
    0x2000f328        -       0x000000a0   Zero   RW         2106    .bss.net_eth0_if_control  Net_Dbg_CM3_L.lib(net_eth.o)
    0x2000f3c8        -       0x00000004   Zero   RW         2214    .bss.net_eth0_igmp_control  Net_Dbg_CM3_L.lib(net_igmp.o)
    0x2000f3cc        -       0x00000004   Zero   RW         2263    .bss.net_ip4_frag_get.dfrag  Net_Dbg_CM3_L.lib(net_ip4_frag.o)
    0x2000f3d0        -       0x0000002c   Zero   RW         2851    .bss.net_ping_control  Net_Dbg_CM3_L.lib(net_ping_core.o)
    0x2000f3fc        -       0x0000002c   Zero   RW         2827    .bss.net_sntp_control  Net_Dbg_CM3_L.lib(net_sntp_client_core.o)
    0x2000f428        -       0x00000001   Zero   RW         2517    .bss.net_tcp_socket_run.socket  Net_Dbg_CM3_L.lib(net_tcp.o)
    0x2000f429   COMPRESSED   0x00000003   PAD
    0x2000f42c        -       0x0000001c   Zero   RW         2352    .bss.net_udp_process.addr  Net_Dbg_CM3_L.lib(net_udp.o)
    0x2000f448        -       0x00000002   Zero   RW         2353    .bss.udp_alloc_port.port  Net_Dbg_CM3_L.lib(net_udp.o)
    0x2000f44a   COMPRESSED   0x00000006   PAD
    0x2000f450        -       0x00000400   Zero   RW         1799    STACK               startup_stm32f429xx.o


==============================================================================

Image component sizes


      Code (inc. data)   RO Data    RW Data    ZI Data      Debug   Object Name

       164         10          8          0          0       2420   buttons_nucleo_f429zi.o
       416          8         36         34          0       9467   com.o
      2536        156        148          0       9420      47678   emac_stm32f4xx.o
      1452         40         24          0       1188      17456   eventrecorder.o
       532         48         36         46       1064      12290   http_server.o
      2480        452        218          1         56       8824   http_server_cgi.o
      4692        100         56          0         40      15974   i2c_stm32f4xx.o
       148          8          0          0          0        632   irq_armv7m.o
      1110         46       2436         20        620       5211   lcd_1.o
       236         10         24          0          0       2825   led_nucleo_f429zi.o
       272         28          0          4          0     783031   main.o
         0          0          0          0          0       2084   mem.o
       360         26        881        254      15644      33675   net_config.o
       298          0          0          0          0        826   net_debug.o
       196         12          0          1          0       1992   os_systick.o
       428         10         36          0         12       7110   phy_lan8742a.o
       812        256         54         13        140       5619   principalservidor.o
       572         74          0          0         64       3075   rtc_2.o
         4          0          0          0          0        591   rtx_config.o
       260         14          0          0          0      17930   rtx_delay.o
      1616         36          0          0          0      13292   rtx_evflags.o
      2392         88          0          0          0      45217   rtx_evr.o
      1740         96         11        164          0      28084   rtx_kernel.o
        24          0        268      34124          0       9883   rtx_lib.o
       292          0          0          0          0       3847   rtx_memory.o
      1984         48          0          0          0      15236   rtx_mempool.o
      2820         58          0          0          0      23756   rtx_msgqueue.o
      1368         30          0          0          0      10178   rtx_mutex.o
      1432         34          0          0          0      11964   rtx_semaphore.o
       668         18          0          0          0       8541   rtx_system.o
      4892        124          0          0          0      33693   rtx_thread.o
      1152         34          0          0          0      10285   rtx_timer.o
       264         32          0          4          0       3141   sntp.o
      3164         98        128          0         44      44963   spi_stm32f4xx.o
        36          8        428          0       1024        828   startup_stm32f429xx.o
       456         38          0         12          0      11471   stm32f4xx_hal.o
       664         10          0          0          0      36162   stm32f4xx_hal_cortex.o
      1816         28          8          0          0       7669   stm32f4xx_hal_dma.o
       868         54          0          0          0       4023   stm32f4xx_hal_gpio.o
       376         20          0          0          0       3651   stm32f4xx_hal_pwr.o
      1888         66          0          0          0       6175   stm32f4xx_hal_rcc.o
      1508         80          0          0          0       4733   stm32f4xx_hal_rcc_ex.o
      2416         24          0          0          0       8737   stm32f4xx_hal_rtc.o
      2828         22          0          0          0      13729   stm32f4xx_hal_rtc_ex.o
      9170        166          0          0          0      37672   stm32f4xx_hal_tim.o
      2992         62          0          0          0      13696   stm32f4xx_hal_tim_ex.o
       148         20         24          4          0       1773   system_stm32f4xx.o
      4520        128        136          0         56      17449   usart_stm32f4xx.o
       120         10      31453          0          0       1708   web.o

    ----------------------------------------------------------------------
     70586       2730      36476      34692      29380    1410266   Object Totals
         0          0         48          0          0          0   (incl. Generated)
         4          0         15         11          8          0   (incl. Padding)

    ----------------------------------------------------------------------

      Code (inc. data)   RO Data    RW Data    ZI Data      Debug   Library Member Name

      1490         32         22          0         16        724   net_addr.o
      2834        130          0          0         24        860   net_arp.o
       116          4         80          0          0         84   net_base64.o
       836          8         16          0          0        656   net_common.o
      2164        112          0          0         56        424   net_dns_client.o
      3806        144          0          0        160        684   net_eth.o
      7122        908        737          0         85       1484   net_http_server.o
       262         68         24          0          0        368   net_http_server_auth.o
         0          0        528          0          0          0   net_http_server_err.o
       640         44          0          0          1        132   net_icmp.o
       808         54          0          0          0        160   net_icmp6.o
      1006         40          4          0          4        360   net_igmp.o
      1240         92          4          0          8        372   net_ip4.o
       736         32          0          0          4        220   net_ip4_frag.o
      1036         76         32          0          4        348   net_ip6.o
       342         32         44          0          4        136   net_loopback.o
       580         56          0          0         20        212   net_mem.o
       670         48          0          0         28        380   net_nbns_client.o
      3234         76          0          0          0        936   net_ndp.o
       180         28         18          0         44        188   net_ping_core.o
       212         16          0          0          0         84   net_sntp_client.o
       852         72          0          0         44        336   net_sntp_client_core.o
       850         84          0          0         92        464   net_sys.o
      7166        226          0          0          1       1748   net_tcp.o
      1486         76          0          0         30        712   net_udp.o
         0          0          4          0          0          0   net_version.o
        56          8          0          0          0         84   __0sscanf.o
        86          0          0          0          0          0   __dczerorl2.o
        28          0          0          0          0         68   _chval.o
       816          6          0          0          0        112   _scanf.o
       332          0          0          0          0         96   _scanf_int.o
        64          0          0          0          0         84   _sgetc.o
        40          6         64          0          0         68   ctype_c.o
         0          0          0          0          0          0   entry.o
         0          0          0          0          0          0   entry10a.o
         0          0          0          0          0          0   entry11a.o
         4          0          0          0          0          0   entry12b.o
         8          4          0          0          0          0   entry2.o
         4          0          0          0          0          0   entry5.o
         0          0          0          0          0          0   entry7b.o
         0          0          0          0          0          0   entry8b.o
         8          4          0          0          0          0   entry9a.o
        30          0          0          0          0          0   handlers.o
        36          8          0          0          0         68   init.o
        10          0          0          0          0         68   isspace_c.o
        30          0          0          0          0         68   llshl.o
        32          0          0          0          0         68   llushr.o
       148         10         12          0         44         76   localtime.o
        26          0          0          0          0         80   memcmp.o
        36          0          0          0          0         68   memcpya.o
        36          0          0          0          0        108   memseta.o
      1234         54          0          0          0        576   printf8.o
        40          8          0          0          0         84   scanf_char.o
        28          0          0          0          0         76   strcmp.o
        18          0          0          0          0         68   strcpy.o
        14          0          0          0          0         68   strlen.o
        30          0          0          0          0         80   strncmp.o
        98          0          0          0          0         92   uldiv.o

    ----------------------------------------------------------------------
     43002       2566       1592          0        684      14232   Library Totals
        42          0          3          0         15          0   (incl. Padding)

    ----------------------------------------------------------------------

      Code (inc. data)   RO Data    RW Data    ZI Data      Debug   Library Name

     39668       2458       1513          0        625      12072   Net_Dbg_CM3_L.lib
      3292        108         76          0         44       2160   mc_w.l

    ----------------------------------------------------------------------
     43002       2566       1592          0        684      14232   Library Totals

    ----------------------------------------------------------------------

==============================================================================


      Code (inc. data)   RO Data    RW Data    ZI Data      Debug   

    113588       5296      38068      34692      30064    1418654   Grand Totals
    113588       5296      38068        328      30064    1418654   ELF Image Totals (compressed)
    113588       5296      38068        328          0          0   ROM Totals

==============================================================================

    Total RO  Size (Code + RO Data)               151656 ( 148.10kB)
    Total RW  Size (RW Data + ZI Data)             64756 (  63.24kB)
    Total ROM Size (Code + RO Data + RW Data)     151984 ( 148.42kB)

==============================================================================

